
> gestaotecnica@0.1.0 test
> npm run test:unit && npm run test:integration && npm run test:e2e


> gestaotecnica@0.1.0 test:unit
> npx tsx --test tests/unit/*.test.ts

TAP version 13
# Subtest: resolveActionBinding - successful resolution
ok 1 - resolveActionBinding - successful resolution
  ---
  duration_ms: 1.845369
  type: 'test'
  ...
# Subtest: resolveActionBinding - duplicate target field
ok 2 - resolveActionBinding - duplicate target field
  ---
  duration_ms: 0.331557
  type: 'test'
  ...
# Subtest: mapInputPayload - nested paths not supported
ok 3 - mapInputPayload - nested paths not supported
  ---
  duration_ms: 0.311968
  type: 'test'
  ...
# Subtest: mapInputPayload - validation failure on required field
ok 4 - mapInputPayload - validation failure on required field
  ---
  duration_ms: 0.347669
  type: 'test'
  ...
# Subtest: mapInputPayload - validation success with Zod schema
ok 5 - mapInputPayload - validation success with Zod schema
  ---
  duration_ms: 4.674345
  type: 'test'
  ...
# Subtest: mapOutputPayload - validation failure with Zod schema
ok 6 - mapOutputPayload - validation failure with Zod schema
  ---
  duration_ms: 2.161804
  type: 'test'
  ...
# Subtest: checkSafety - should reject functions
ok 7 - checkSafety - should reject functions
  ---
  duration_ms: 1.810964
  type: 'test'
  ...
# Subtest: checkSafety - should reject accessors (getters)
ok 8 - checkSafety - should reject accessors (getters)
  ---
  duration_ms: 0.376522
  type: 'test'
  ...
# Subtest: checkSafety - should reject accessors (setters)
ok 9 - checkSafety - should reject accessors (setters)
  ---
  duration_ms: 0.225687
  type: 'test'
  ...
# Subtest: checkSafety - should reject cycles
ok 10 - checkSafety - should reject cycles
  ---
  duration_ms: 0.201603
  type: 'test'
  ...
# Subtest: checkSafety - should allow shared references (DAG)
ok 11 - checkSafety - should allow shared references (DAG)
  ---
  duration_ms: 0.290517
  type: 'test'
  ...
# Subtest: checkSafety - should reject non-plain built-ins
ok 12 - checkSafety - should reject non-plain built-ins
  ---
  duration_ms: 0.312085
  type: 'test'
  ...
# Subtest: checkSafety - should reject custom class instances
ok 13 - checkSafety - should reject custom class instances
  ---
  duration_ms: 0.220694
  type: 'test'
  ...
# Subtest: checkSafety - should accept Object.create(null)
ok 14 - checkSafety - should accept Object.create(null)
  ---
  duration_ms: 0.193007
  type: 'test'
  ...
# Subtest: checkSafety - should reject hostile Symbol.toStringTag getter
ok 15 - checkSafety - should reject hostile Symbol.toStringTag getter
  ---
  duration_ms: 0.408569
  type: 'test'
  ...
# Subtest: checkSafety - should handle revoked proxy passed directly
ok 16 - checkSafety - should handle revoked proxy passed directly
  ---
  duration_ms: 0.575637
  type: 'test'
  ...
# Subtest: ActionDescriptorSchema - minimum valid descriptor using only evidence-backed fields
ok 17 - ActionDescriptorSchema - minimum valid descriptor using only evidence-backed fields
  ---
  duration_ms: 3.062113
  type: 'test'
  ...
# Subtest: ActionDescriptorSchema - nested arrays in schemas should be accepted
ok 18 - ActionDescriptorSchema - nested arrays in schemas should be accepted
  ---
  duration_ms: 0.894373
  type: 'test'
  ...
# Subtest: ActionDescriptorKeySchema - real action keys
ok 19 - ActionDescriptorKeySchema - real action keys
  ---
  duration_ms: 0.245802
  type: 'test'
  ...
# Subtest: ActionDescriptorSchema - missing mandatory fields
ok 20 - ActionDescriptorSchema - missing mandatory fields
  ---
  duration_ms: 1.677726
  type: 'test'
  ...
# Subtest: ActionDescriptorSchema - deterministic rejection of invalid identifiers
ok 21 - ActionDescriptorSchema - deterministic rejection of invalid identifiers
  ---
  duration_ms: 0.754519
  type: 'test'
  ...
# Subtest: ActionDescriptorSchema - deterministic rejection of invalid versions
ok 22 - ActionDescriptorSchema - deterministic rejection of invalid versions
  ---
  duration_ms: 1.277619
  type: 'test'
  ...
# Subtest: ActionDescriptorSchema - primitive schemas rejection
ok 23 - ActionDescriptorSchema - primitive schemas rejection
  ---
  duration_ms: 0.487782
  type: 'test'
  ...
# Subtest: ActionDescriptorSchema - array schemas rejection at top level
ok 24 - ActionDescriptorSchema - array schemas rejection at top level
  ---
  duration_ms: 0.233109
  type: 'test'
  ...
# Subtest: ActionDescriptorSchema - revoked proxy rejection
ok 25 - ActionDescriptorSchema - revoked proxy rejection
  ---
  duration_ms: 0.348766
  type: 'test'
  ...
# Subtest: ActionDescriptorSchema - input immutability (not mutated by parse)
ok 26 - ActionDescriptorSchema - input immutability (not mutated by parse)
  ---
  duration_ms: 1.317783
  type: 'test'
  ...
# Subtest: validateActionDescriptor - wraps schema parsing correctly
ok 27 - validateActionDescriptor - wraps schema parsing correctly
  ---
  duration_ms: 0.876619
  type: 'test'
  ...
# Subtest: Action Payload Schema Generator
    # Subtest: accepts valid primitive and nested definitions
    ok 1 - accepts valid primitive and nested definitions
      ---
      duration_ms: 7.238176
      type: 'test'
      ...
    # Subtest: enforces required fields
    ok 2 - enforces required fields
      ---
      duration_ms: 1.594208
      type: 'test'
      ...
    # Subtest: rejects unknown fields (strict)
    ok 3 - rejects unknown fields (strict)
      ---
      duration_ms: 1.128777
      type: 'test'
      ...
    # Subtest: rejects unsafe values (functions)
    ok 4 - rejects unsafe values (functions)
      ---
      duration_ms: 1.153823
      type: 'test'
      ...
    # Subtest: rejects executable code / getters (accessors)
    ok 5 - rejects executable code / getters (accessors)
      ---
      duration_ms: 0.963349
      type: 'test'
      ...
    # Subtest: rejects unsafe prototype-bearing values (classes)
    ok 6 - rejects unsafe prototype-bearing values (classes)
      ---
      duration_ms: 1.152516
      type: 'test'
      ...
    1..6
ok 28 - Action Payload Schema Generator
  ---
  duration_ms: 14.767292
  type: 'suite'
  ...
# Subtest: Action Registry Mapping
    # Subtest: should correctly map an ActionDefinition to a RegistryItem
    ok 1 - should correctly map an ActionDefinition to a RegistryItem
      ---
      duration_ms: 2.196558
      type: 'test'
      ...
    # Subtest: should handle empty or missing optional fields gracefully
    ok 2 - should handle empty or missing optional fields gracefully
      ---
      duration_ms: 1.975373
      type: 'test'
      ...
    1..2
ok 29 - Action Registry Mapping
  ---
  duration_ms: 5.548483
  type: 'suite'
  ...
# Subtest: Agent Gateway Metadata Service - Unit Tests
    # Subtest: resolveCorrelationId returns header value if present
    ok 1 - resolveCorrelationId returns header value if present
      ---
      duration_ms: 1.026902
      type: 'test'
      ...
    # Subtest: resolveCorrelationId generates UUID if header is empty
    ok 2 - resolveCorrelationId generates UUID if header is empty
      ---
      duration_ms: 0.718598
      type: 'test'
      ...
    # Subtest: resolveCorrelationId generates UUID if header is null or undefined
    ok 3 - resolveCorrelationId generates UUID if header is null or undefined
      ---
      duration_ms: 0.17773
      type: 'test'
      ...
    # Subtest: sanitizePayload removes sensitive fields but keeps other data
    ok 4 - sanitizePayload removes sensitive fields but keeps other data
      ---
      duration_ms: 1.366785
      type: 'test'
      ...
    # Subtest: resolveIdempotencyKey returns header value if present
    ok 5 - resolveIdempotencyKey returns header value if present
      ---
      duration_ms: 0.20132
      type: 'test'
      ...
    # Subtest: resolveIdempotencyKey generates deterministic key based on payload if header is missing
    ok 6 - resolveIdempotencyKey generates deterministic key based on payload if header is missing
      ---
      duration_ms: 0.354507
      type: 'test'
      ...
    1..6
ok 30 - Agent Gateway Metadata Service - Unit Tests
  ---
  duration_ms: 5.867744
  type: 'test'
  ...
# Subtest: Agent Payload Contract - Validation
    # Subtest: Accepts valid canonical payload
    ok 1 - Accepts valid canonical payload
      ---
      duration_ms: 10.182459
      type: 'test'
      ...
    # Subtest: Accepts minimal valid canonical payload
    ok 2 - Accepts minimal valid canonical payload
      ---
      duration_ms: 0.633986
      type: 'test'
      ...
    # Subtest: Rejects missing workspaceId
    ok 3 - Rejects missing workspaceId
      ---
      duration_ms: 1.028203
      type: 'test'
      ...
    # Subtest: Rejects empty name
    ok 4 - Rejects empty name
      ---
      duration_ms: 0.611271
      type: 'test'
      ...
    # Subtest: Rejects empty justification
    ok 5 - Rejects empty justification
      ---
      duration_ms: 0.395271
      type: 'test'
      ...
    # Subtest: Rejects missing justification
    ok 6 - Rejects missing justification
      ---
      duration_ms: 0.387321
      type: 'test'
      ...
    # Subtest: Rejects out-of-range confidenceScore (> 1)
    ok 7 - Rejects out-of-range confidenceScore (> 1)
      ---
      duration_ms: 0.563165
      type: 'test'
      ...
    # Subtest: Rejects out-of-range confidenceScore (< 0)
    ok 8 - Rejects out-of-range confidenceScore (< 0)
      ---
      duration_ms: 0.664588
      type: 'test'
      ...
    # Subtest: Rejects suggestedForms with missing field keys
    ok 9 - Rejects suggestedForms with missing field keys
      ---
      duration_ms: 1.03795
      type: 'test'
      ...
    # Subtest: Rejects too many suggestedStates
    ok 10 - Rejects too many suggestedStates
      ---
      duration_ms: 0.895726
      type: 'test'
      ...
    # Subtest: Rejects too many fields in a form
    ok 11 - Rejects too many fields in a form
      ---
      duration_ms: 1.207358
      type: 'test'
      ...
    1..11
ok 31 - Agent Payload Contract - Validation
  ---
  duration_ms: 20.562866
  type: 'test'
  ...
# Subtest: Agent Payload Contract - Mapper
    # Subtest: Mapper generates Candidate input correctly from minimal payload
    ok 1 - Mapper generates Candidate input correctly from minimal payload
      ---
      duration_ms: 1.034592
      type: 'test'
      ...
    # Subtest: Mapper generates Candidate input correctly from full payload
    ok 2 - Mapper generates Candidate input correctly from full payload
      ---
      duration_ms: 0.228628
      type: 'test'
      ...
    # Subtest: Mapper doesn't allow payload to control status or origin
    ok 3 - Mapper doesn't allow payload to control status or origin
      ---
      duration_ms: 0.143455
      type: 'test'
      ...
    1..3
ok 32 - Agent Payload Contract - Mapper
  ---
  duration_ms: 1.775297
  type: 'test'
  ...
# Subtest: Path validation: green on unrelated paths
ok 33 - Path validation: green on unrelated paths
  ---
  duration_ms: 1.376318
  type: 'test'
  ...
# Subtest: Path validation: red on overlapping owned paths
ok 34 - Path validation: red on overlapping owned paths
  ---
  duration_ms: 0.365759
  type: 'test'
  ...
# Subtest: Path validation: ownership validation prevents forbidden paths
ok 35 - Path validation: ownership validation prevents forbidden paths
  ---
  duration_ms: 0.246162
  type: 'test'
  ...
# fatal: Not a valid object name nonexistent-base^{commit}
# fatal: ambiguous argument 'HEAD~1': unknown revision or path not in the working tree.
# Use '--' to separate paths from revisions, like this:
# 'git <command> [<revision>...] -- [<file>...]'
# Subtest: Evidence Recovery: validateHistoricalExecution rejects non-existent SHA
ok 36 - Evidence Recovery: validateHistoricalExecution rejects non-existent SHA
  ---
  duration_ms: 11.410575
  type: 'test'
  ...
# Subtest: Evidence Recovery: collectHistoricalDiff rejects empty diff
ok 37 - Evidence Recovery: collectHistoricalDiff rejects empty diff
  ---
  duration_ms: 16.61104
  type: 'test'
  ...
# Subtest: Evidence Recovery: collectHistoricalDiff rejects mismatched files
not ok 38 - Evidence Recovery: collectHistoricalDiff rejects mismatched files
  ---
  duration_ms: 14.699994
  type: 'test'
  location: '/app/tests/unit/agent-work-evidence-recovery.test.ts:2:1716'
  failureType: 'testCodeFailure'
  error: |-
    Command failed: git rev-parse HEAD~1
    fatal: ambiguous argument 'HEAD~1': unknown revision or path not in the working tree.
    Use '--' to separate paths from revisions, like this:
    'git <command> [<revision>...] -- [<file>...]'

  code: 'ERR_TEST_FAILURE'
  stack: |-
    genericNodeError (node:internal/errors:983:15)
    wrappedFn (node:internal/errors:537:14)
    checkExecSyncError (node:child_process:916:11)
    execSync (node:child_process:988:15)
    TestContext.<anonymous> (/app/tests/unit/agent-work-evidence-recovery.test.ts:37:18)
    Test.runInAsyncScope (node:async_hooks:214:14)
    Test.run (node:internal/test_runner/test:1047:25)
    Test.processPendingSubtests (node:internal/test_runner/test:744:18)
    Test.postRun (node:internal/test_runner/test:1173:19)
    Test.run (node:internal/test_runner/test:1101:12)
  ...
# Subtest: Agent Work Launch Unit Tests
    # Subtest: Review Budget
        # Subtest: should fail when lines exceed limit
        ok 1 - should fail when lines exceed limit
          ---
          duration_ms: 1.287429
          type: 'test'
          ...
        # Subtest: should pass when within limits
        ok 2 - should pass when within limits
          ---
          duration_ms: 0.395084
          type: 'test'
          ...
        1..2
    ok 1 - Review Budget
      ---
      duration_ms: 2.927096
      type: 'suite'
      ...
    # Subtest: Review Routing
        # Subtest: should always include module review
        ok 1 - should always include module review
          ---
          duration_ms: 0.346603
          type: 'test'
          ...
        # Subtest: should include contract review if contracts are produced
        ok 2 - should include contract review if contracts are produced
          ---
          duration_ms: 0.194291
          type: 'test'
          ...
        1..2
    ok 2 - Review Routing
      ---
      duration_ms: 0.814937
      type: 'suite'
      ...
    # Subtest: Review Decision Input
        # Subtest: accepts a complete approval input
        ok 1 - accepts a complete approval input
          ---
          duration_ms: 0.492776
          type: 'test'
          ...
        # Subtest: rejects approval without verified tests
        ok 2 - rejects approval without verified tests
          ---
          duration_ms: 0.364075
          type: 'test'
          ...
        # Subtest: rejects approval with required changes
        ok 3 - rejects approval with required changes
          ---
          duration_ms: 0.486741
          type: 'test'
          ...
        # Subtest: rejects decisions that omit changed files
        ok 4 - rejects decisions that omit changed files
          ---
          duration_ms: 0.300244
          type: 'test'
          ...
        1..4
    ok 3 - Review Decision Input
      ---
      duration_ms: 2.049997
      type: 'suite'
      ...
    # Subtest: Ownership Enforcement
        # Subtest: should accept owned files
        ok 1 - should accept owned files
          ---
          duration_ms: 0.561148
          type: 'test'
          ...
        # Subtest: should reject read-only files
        ok 2 - should reject read-only files
          ---
          duration_ms: 0.353112
          type: 'test'
          ...
        # Subtest: should reject forbidden files
        ok 3 - should reject forbidden files
          ---
          duration_ms: 0.173912
          type: 'test'
          ...
        # Subtest: should reject files outside ownership
        ok 4 - should reject files outside ownership
          ---
          duration_ms: 0.19654
          type: 'test'
          ...
        1..4
    ok 4 - Ownership Enforcement
      ---
      duration_ms: 1.58934
      type: 'suite'
      ...
    1..4
ok 39 - Agent Work Launch Unit Tests
  ---
  duration_ms: 8.371756
  type: 'suite'
  ...
# Subtest: Operational Proof Logic Unit Test
not ok 40 - Operational Proof Logic Unit Test
  ---
  duration_ms: 3.380641
  type: 'test'
  location: '/app/tests/unit/agent-work-operational-proof.test.ts:2:1189'
  failureType: 'testCodeFailure'
  error: 'Must use test database'
  code: 'ERR_ASSERTION'
  name: 'AssertionError'
  expected: true
  operator: '=='
  stack: |-
    TestContext.<anonymous> (/app/tests/unit/agent-work-operational-proof.test.ts:11:10)
    Test.runInAsyncScope (node:async_hooks:214:14)
    Test.run (node:internal/test_runner/test:1047:25)
    Test.start (node:internal/test_runner/test:944:17)
    startSubtestAfterBootstrap (node:internal/test_runner/harness:296:17)
  ...
# Subtest: Path ownership correctly validates exact paths
ok 41 - Path ownership correctly validates exact paths
  ---
  duration_ms: 1.452896
  type: 'test'
  ...
# Subtest: Path ownership validates nested paths
ok 42 - Path ownership validates nested paths
  ---
  duration_ms: 0.3651
  type: 'test'
  ...
# Subtest: Path ownership allows unrelated paths
ok 43 - Path ownership allows unrelated paths
  ---
  duration_ms: 0.202969
  type: 'test'
  ...
# Subtest: Agent Work Domain Logic
    # Subtest: should correctly identify overlapping paths
    ok 1 - should correctly identify overlapping paths
      ---
      duration_ms: 3.225473
      type: 'test'
      ...
    1..1
ok 44 - Agent Work Domain Logic
  ---
  duration_ms: 4.380727
  type: 'suite'
  ...
# Subtest: ApprovalDecision Contract
    # Subtest: should validate minimal valid approved decision
    ok 1 - should validate minimal valid approved decision
      ---
      duration_ms: 5.573686
      type: 'test'
      ...
    # Subtest: should validate complete valid decision with hash
    ok 2 - should validate complete valid decision with hash
      ---
      duration_ms: 1.846101
      type: 'test'
      ...
    # Subtest: should reject subject without version
    ok 3 - should reject subject without version
      ---
      duration_ms: 1.526464
      type: 'test'
      ...
    # Subtest: should reject approvedContentHash with receipt scope
    ok 4 - should reject approvedContentHash with receipt scope
      ---
      duration_ms: 0.681266
      type: 'test'
      ...
    # Subtest: should allow approved without justification
    ok 5 - should allow approved without justification
      ---
      duration_ms: 0.253103
      type: 'test'
      ...
    # Subtest: should validate rejected with justification
    ok 6 - should validate rejected with justification
      ---
      duration_ms: 0.425569
      type: 'test'
      ...
    # Subtest: should reject rejected without justification
    ok 7 - should reject rejected without justification
      ---
      duration_ms: 0.955949
      type: 'test'
      ...
    # Subtest: should validate changes_requested with justification
    ok 8 - should validate changes_requested with justification
      ---
      duration_ms: 0.368412
      type: 'test'
      ...
    # Subtest: should reject changes_requested without justification
    ok 9 - should reject changes_requested without justification
      ---
      duration_ms: 0.672807
      type: 'test'
      ...
    # Subtest: should reject justification with only spaces
    ok 10 - should reject justification with only spaces
      ---
      duration_ms: 0.897192
      type: 'test'
      ...
    # Subtest: should reject too short justification
    ok 11 - should reject too short justification
      ---
      duration_ms: 0.448119
      type: 'test'
      ...
    # Subtest: should reject unknown decision
    ok 12 - should reject unknown decision
      ---
      duration_ms: 0.482944
      type: 'test'
      ...
    # Subtest: should reject unknown subject type
    ok 13 - should reject unknown subject type
      ---
      duration_ms: 0.338216
      type: 'test'
      ...
    # Subtest: should reject invalid actor
    ok 14 - should reject invalid actor
      ---
      duration_ms: 0.5101
      type: 'test'
      ...
    # Subtest: should reject invalid datetime
    ok 15 - should reject invalid datetime
      ---
      duration_ms: 0.418686
      type: 'test'
      ...
    # Subtest: should validate sha512 hash
    ok 16 - should validate sha512 hash
      ---
      duration_ms: 0.33371
      type: 'test'
      ...
    # Subtest: should reject malformed hash value
    ok 17 - should reject malformed hash value
      ---
      duration_ms: 0.373959
      type: 'test'
      ...
    # Subtest: should reject unknown fields (strict)
    ok 18 - should reject unknown fields (strict)
      ---
      duration_ms: 0.355579
      type: 'test'
      ...
    # Subtest: should handle metadata safety
    ok 19 - should handle metadata safety
      ---
      duration_ms: 1.226522
      type: 'test'
      ...
    # Subtest: should not mutate input
    ok 20 - should not mutate input
      ---
      duration_ms: 0.435771
      type: 'test'
      ...
    1..20
ok 45 - ApprovalDecision Contract
  ---
  duration_ms: 20.498902
  type: 'suite'
  ...
# Subtest: ApprovalPolicy Contract
    # Subtest: should validate a valid 'none' policy
    ok 1 - should validate a valid 'none' policy
      ---
      duration_ms: 6.086076
      type: 'test'
      ...
    # Subtest: should validate a valid 'single' policy
    ok 2 - should validate a valid 'single' policy
      ---
      duration_ms: 1.036185
      type: 'test'
      ...
    # Subtest: should validate a valid 'quorum' policy
    ok 3 - should validate a valid 'quorum' policy
      ---
      duration_ms: 0.631703
      type: 'test'
      ...
    # Subtest: should validate a valid 'unanimous' policy
    ok 4 - should validate a valid 'unanimous' policy
      ---
      duration_ms: 0.373801
      type: 'test'
      ...
    # Subtest: should reject 'none' mode with minimumApprovals
    ok 5 - should reject 'none' mode with minimumApprovals
      ---
      duration_ms: 0.904724
      type: 'test'
      ...
    # Subtest: should reject 'single' mode with invalid minimumApprovals
    ok 6 - should reject 'single' mode with invalid minimumApprovals
      ---
      duration_ms: 0.565981
      type: 'test'
      ...
    # Subtest: should reject 'quorum' mode without minimumApprovals
    ok 7 - should reject 'quorum' mode without minimumApprovals
      ---
      duration_ms: 0.471839
      type: 'test'
      ...
    # Subtest: should reject 'quorum' mode with zero minimumApprovals
    ok 8 - should reject 'quorum' mode with zero minimumApprovals
      ---
      duration_ms: 0.83389
      type: 'test'
      ...
    # Subtest: should reject 'unanimous' mode with minimumApprovals
    ok 9 - should reject 'unanimous' mode with minimumApprovals
      ---
      duration_ms: 0.837787
      type: 'test'
      ...
    # Subtest: should reject duplicate approverRoles
    ok 10 - should reject duplicate approverRoles
      ---
      duration_ms: 0.955632
      type: 'test'
      ...
    # Subtest: should reject empty subjectTypes
    ok 11 - should reject empty subjectTypes
      ---
      duration_ms: 0.477595
      type: 'test'
      ...
    # Subtest: should reject duplicate subjectTypes
    ok 12 - should reject duplicate subjectTypes
      ---
      duration_ms: 0.360551
      type: 'test'
      ...
    # Subtest: should reject empty operations
    ok 13 - should reject empty operations
      ---
      duration_ms: 0.549994
      type: 'test'
      ...
    # Subtest: should reject duplicate operations
    ok 14 - should reject duplicate operations
      ---
      duration_ms: 0.368748
      type: 'test'
      ...
    # Subtest: should reject invalid status
    ok 15 - should reject invalid status
      ---
      duration_ms: 0.406909
      type: 'test'
      ...
    # Subtest: should reject invalid operation
    ok 16 - should reject invalid operation
      ---
      duration_ms: 0.41601
      type: 'test'
      ...
    # Subtest: should reject unknown fields
    ok 17 - should reject unknown fields
      ---
      duration_ms: 0.305363
      type: 'test'
      ...
    # Subtest: should reject invalid timestamp
    ok 18 - should reject invalid timestamp
      ---
      duration_ms: 0.331044
      type: 'test'
      ...
    # Subtest: should not mutate input
    ok 19 - should not mutate input
      ---
      duration_ms: 0.595509
      type: 'test'
      ...
    # Subtest: should reject invalid key format
    ok 20 - should reject invalid key format
      ---
      duration_ms: 0.453181
      type: 'test'
      ...
    1..20
ok 46 - ApprovalPolicy Contract
  ---
  duration_ms: 19.653547
  type: 'suite'
  ...
# Subtest: Approval Provenance Fixtures
    # Subtest: should validate valid approval provenance actor
    ok 1 - should validate valid approval provenance actor
      ---
      duration_ms: 2.734173
      type: 'test'
      ...
    # Subtest: should reject missing id
    ok 2 - should reject missing id
      ---
      duration_ms: 1.140624
      type: 'test'
      ...
    # Subtest: should reject unknown type
    ok 3 - should reject unknown type
      ---
      duration_ms: 0.424177
      type: 'test'
      ...
    1..3
ok 47 - Approval Provenance Fixtures
  ---
  duration_ms: 5.588188
  type: 'suite'
  ...
# Subtest: Assets Module - Kernel Actions
    # Subtest: createAssetKernelAction should have correct configuration
    ok 1 - createAssetKernelAction should have correct configuration
      ---
      duration_ms: 1.047505
      type: 'test'
      ...
    # Subtest: updateAssetKernelAction should have correct configuration
    ok 2 - updateAssetKernelAction should have correct configuration
      ---
      duration_ms: 0.290437
      type: 'test'
      ...
    # Subtest: updateAssetStatusKernelAction should have correct configuration
    ok 3 - updateAssetStatusKernelAction should have correct configuration
      ---
      duration_ms: 0.166055
      type: 'test'
      ...
    # Subtest: actions should require workspaceId in context
    ok 4 - actions should require workspaceId in context
      ---
      duration_ms: 0.290081
      type: 'test'
      ...
    1..4
ok 48 - Assets Module - Kernel Actions
  ---
  duration_ms: 3.286174
  type: 'suite'
  ...
# Subtest: Static Audit Docs Analysis
    # Subtest: audit docs and fixtures do not contain secret placeholders
    ok 1 - audit docs and fixtures do not contain secret placeholders
      ---
      duration_ms: 25.835146
      type: 'test'
      ...
    1..1
ok 49 - Static Audit Docs Analysis
  ---
  duration_ms: 27.270493
  type: 'suite'
  ...
# Subtest: Access Profiles Domain
    # Subtest: getDefaultRouteForProfile
        # Subtest: returns /admin for builder
        ok 1 - returns /admin for builder
          ---
          duration_ms: 1.237368
          type: 'test'
          ...
        # Subtest: returns /operations for admin
        ok 2 - returns /operations for admin
          ---
          duration_ms: 0.275835
          type: 'test'
          ...
        # Subtest: returns /operations for operador
        ok 3 - returns /operations for operador
          ---
          duration_ms: 0.171304
          type: 'test'
          ...
        1..3
    ok 1 - getDefaultRouteForProfile
      ---
      duration_ms: 2.685964
      type: 'suite'
      ...
    # Subtest: canAccessRoute
        # Subtest: allows builder to access /admin
        ok 1 - allows builder to access /admin
          ---
          duration_ms: 0.494815
          type: 'test'
          ...
        # Subtest: denies admin access to /admin
        ok 2 - denies admin access to /admin
          ---
          duration_ms: 0.16126
          type: 'test'
          ...
        # Subtest: denies operador access to /admin
        ok 3 - denies operador access to /admin
          ---
          duration_ms: 0.218084
          type: 'test'
          ...
        # Subtest: allows operador to access /operations
        ok 4 - allows operador to access /operations
          ---
          duration_ms: 0.153936
          type: 'test'
          ...
        # Subtest: denies access to unknown paths like /random
        ok 5 - denies access to unknown paths like /random
          ---
          duration_ms: 0.530847
          type: 'test'
          ...
        1..5
    ok 2 - canAccessRoute
      ---
      duration_ms: 2.102011
      type: 'suite'
      ...
    1..2
ok 50 - Access Profiles Domain
  ---
  duration_ms: 5.497167
  type: 'suite'
  ...
# Subtest: Setup Server Action
    # Subtest: fails if account already exists
    ok 1 - fails if account already exists
      ---
      duration_ms: 1176.139628
      type: 'test'
      ...
    # Subtest: fails if name is missing
    ok 2 - fails if name is missing
      ---
      duration_ms: 6.194877
      type: 'test'
      ...
    # Subtest: fails if password is too short
    ok 3 - fails if password is too short
      ---
      duration_ms: 5.95423
      type: 'test'
      ...
    # Subtest: fails if passwords do not match
    ok 4 - fails if passwords do not match
      ---
      duration_ms: 5.793352
      type: 'test'
      ...
    # Subtest: successfully creates account and redirects
    ok 5 - successfully creates account and redirects
      ---
      duration_ms: 105.021506
      type: 'test'
      ...
    1..5
ok 51 - Setup Server Action
  ---
  duration_ms: 1300.759712
  type: 'suite'
  ...
# Subtest: parseCandidateEvidence
    # Subtest: handles null or undefined evidence safely
    ok 1 - handles null or undefined evidence safely
      ---
      duration_ms: 1.945138
      type: 'test'
      ...
    # Subtest: handles empty object legacy evidence
    ok 2 - handles empty object legacy evidence
      ---
      duration_ms: 0.264263
      type: 'test'
      ...
    # Subtest: handles raw data legacy evidence without breaking
    ok 3 - handles raw data legacy evidence without breaking
      ---
      duration_ms: 0.309752
      type: 'test'
      ...
    # Subtest: extracts agent properly
    ok 4 - extracts agent properly
      ---
      duration_ms: 0.46241
      type: 'test'
      ...
    # Subtest: extracts confidenceScore
    ok 5 - extracts confidenceScore
      ---
      duration_ms: 0.247469
      type: 'test'
      ...
    # Subtest: extracts suggestedStates securely ignoring malformed items
    ok 6 - extracts suggestedStates securely ignoring malformed items
      ---
      duration_ms: 0.294484
      type: 'test'
      ...
    # Subtest: extracts suggestedForms securely ignoring malformed items
    ok 7 - extracts suggestedForms securely ignoring malformed items
      ---
      duration_ms: 0.429168
      type: 'test'
      ...
    # Subtest: extracts observedSignals securely
    ok 8 - extracts observedSignals securely
      ---
      duration_ms: 0.53626
      type: 'test'
      ...
    # Subtest: extracts attachments securely
    ok 9 - extracts attachments securely
      ---
      duration_ms: 0.523627
      type: 'test'
      ...
    # Subtest: extracts metadata and tags securely
    ok 10 - extracts metadata and tags securely
      ---
      duration_ms: 0.459304
      type: 'test'
      ...
    1..10
ok 52 - parseCandidateEvidence
  ---
  duration_ms: 8.896889
  type: 'test'
  ...
# Subtest: Candidate aprovado gera definição oficial e atualiza status
ok 53 - Candidate aprovado gera definição oficial e atualiza status
  ---
  duration_ms: 7.263464
  type: 'test'
  ...
# Subtest: Candidate inexistente é recusado
ok 54 - Candidate inexistente é recusado
  ---
  duration_ms: 0.913293
  type: 'test'
  ...
# Subtest: Workspace divergente é recusado
ok 55 - Workspace divergente é recusado
  ---
  duration_ms: 0.499145
  type: 'test'
  ...
# Subtest: Candidate draft é recusado
ok 56 - Candidate draft é recusado
  ---
  duration_ms: 0.372909
  type: 'test'
  ...
# Subtest: Candidate under_analysis é recusado
ok 57 - Candidate under_analysis é recusado
  ---
  duration_ms: 0.486927
  type: 'test'
  ...
# Subtest: Candidate waiting_review é recusado
ok 58 - Candidate waiting_review é recusado
  ---
  duration_ms: 0.421533
  type: 'test'
  ...
# Subtest: Candidate rejected é recusado
ok 59 - Candidate rejected é recusado
  ---
  duration_ms: 0.399758
  type: 'test'
  ...
# Subtest: Candidate published não é publicado novamente
ok 60 - Candidate published não é publicado novamente
  ---
  duration_ms: 0.396343
  type: 'test'
  ...
# Subtest: Payload vazio é recusado
ok 61 - Payload vazio é recusado
  ---
  duration_ms: 0.832321
  type: 'test'
  ...
# Subtest: Payload inválido (ex: sem nós) é recusado
ok 62 - Payload inválido (ex: sem nós) é recusado
  ---
  duration_ms: 0.791562
  type: 'test'
  ...
# Subtest: Falha ao salvar workflow preserva Candidate como approved
ok 63 - Falha ao salvar workflow preserva Candidate como approved
  ---
  duration_ms: 0.871796
  type: 'test'
  ...
# Subtest: Payload estruturalmente incompleto é recusado sem expor erro interno
ok 64 - Payload estruturalmente incompleto é recusado sem expor erro interno
  ---
  duration_ms: 0.272986
  type: 'test'
  ...
# Subtest: Falha ao atualizar status reverte a definição criada
ok 65 - Falha ao atualizar status reverte a definição criada
  ---
  duration_ms: 0.614886
  type: 'test'
  ...
# Subtest: Violação única concorrente é traduzida para CandidateAlreadyPublishedError
ok 66 - Violação única concorrente é traduzida para CandidateAlreadyPublishedError
  ---
  duration_ms: 0.395315
  type: 'test'
  ...
# Subtest: Falha ao salvar trace receipt rejeita a operacao e da throw
ok 67 - Falha ao salvar trace receipt rejeita a operacao e da throw
  ---
  duration_ms: 0.79941
  type: 'test'
  ...
# Subtest: Payload inválido com metadata ou payload não esperados gera saída de validação estável
ok 68 - Payload inválido com metadata ou payload não esperados gera saída de validação estável
  ---
  duration_ms: 1.836751
  type: 'test'
  ...
# Subtest: capability catalog lookup
    # Subtest: findCapabilityByKey finds existing key
    ok 1 - findCapabilityByKey finds existing key
      ---
      duration_ms: 1.01556
      type: 'test'
      ...
    # Subtest: findCapabilityByKey returns undefined for non-existing key
    ok 2 - findCapabilityByKey returns undefined for non-existing key
      ---
      duration_ms: 0.255618
      type: 'test'
      ...
    # Subtest: listCapabilitiesByDomain filters correctly
    ok 3 - listCapabilitiesByDomain filters correctly
      ---
      duration_ms: 0.280537
      type: 'test'
      ...
    # Subtest: listCapabilitiesByGroup filters correctly
    ok 4 - listCapabilitiesByGroup filters correctly
      ---
      duration_ms: 0.237822
      type: 'test'
      ...
    # Subtest: hasCapability returns true for existing key
    ok 5 - hasCapability returns true for existing key
      ---
      duration_ms: 0.186669
      type: 'test'
      ...
    # Subtest: hasCapability returns false for non-existing key
    ok 6 - hasCapability returns false for non-existing key
      ---
      duration_ms: 0.18903
      type: 'test'
      ...
    # Subtest: searchCapabilities by key
    ok 7 - searchCapabilities by key
      ---
      duration_ms: 0.378754
      type: 'test'
      ...
    # Subtest: searchCapabilities by name
    ok 8 - searchCapabilities by name
      ---
      duration_ms: 0.301011
      type: 'test'
      ...
    # Subtest: searchCapabilities by description
    ok 9 - searchCapabilities by description
      ---
      duration_ms: 0.386352
      type: 'test'
      ...
    # Subtest: searchCapabilities by tag (metadata.tags)
    ok 10 - searchCapabilities by tag (metadata.tags)
      ---
      duration_ms: 0.262279
      type: 'test'
      ...
    # Subtest: searchCapabilities ignores non-string tags and handles missing tags safely
    ok 11 - searchCapabilities ignores non-string tags and handles missing tags safely
      ---
      duration_ms: 0.261579
      type: 'test'
      ...
    # Subtest: searchCapabilities case-insensitive
    ok 12 - searchCapabilities case-insensitive
      ---
      duration_ms: 0.201431
      type: 'test'
      ...
    # Subtest: searchCapabilities with spaces
    ok 13 - searchCapabilities with spaces
      ---
      duration_ms: 0.146129
      type: 'test'
      ...
    # Subtest: searchCapabilities with empty query returns all
    ok 14 - searchCapabilities with empty query returns all
      ---
      duration_ms: 0.247242
      type: 'test'
      ...
    # Subtest: order is preserved in results
    ok 15 - order is preserved in results
      ---
      duration_ms: 0.165697
      type: 'test'
      ...
    # Subtest: catalog is not mutated
    ok 16 - catalog is not mutated
      ---
      duration_ms: 0.239101
      type: 'test'
      ...
    # Subtest: works with frozen catalog
    ok 17 - works with frozen catalog
      ---
      duration_ms: 0.254386
      type: 'test'
      ...
    # Subtest: results are new arrays
    ok 18 - results are new arrays
      ---
      duration_ms: 0.187635
      type: 'test'
      ...
    # Subtest: listDependentCapabilities returns correct direct dependencies
    ok 19 - listDependentCapabilities returns correct direct dependencies
      ---
      duration_ms: 0.168429
      type: 'test'
      ...
    # Subtest: listDependentCapabilities returns empty list for missing target key
    ok 20 - listDependentCapabilities returns empty list for missing target key
      ---
      duration_ms: 0.188828
      type: 'test'
      ...
    # Subtest: listDependentCapabilities returns empty list for non-existing target key
    ok 21 - listDependentCapabilities returns empty list for non-existing target key
      ---
      duration_ms: 0.126457
      type: 'test'
      ...
    # Subtest: listRelatedCapabilities returns capabilities related to target key (forward)
    ok 22 - listRelatedCapabilities returns capabilities related to target key (forward)
      ---
      duration_ms: 0.353671
      type: 'test'
      ...
    # Subtest: listRelatedCapabilities returns capabilities related to target key (reverse)
    ok 23 - listRelatedCapabilities returns capabilities related to target key (reverse)
      ---
      duration_ms: 0.148704
      type: 'test'
      ...
    # Subtest: listRelatedCapabilities ensures duplicates are not returned
    ok 24 - listRelatedCapabilities ensures duplicates are not returned
      ---
      duration_ms: 0.158855
      type: 'test'
      ...
    # Subtest: listRelatedCapabilities returns empty list for missing target key
    ok 25 - listRelatedCapabilities returns empty list for missing target key
      ---
      duration_ms: 4.249764
      type: 'test'
      ...
    # Subtest: listRelatedCapabilities returns empty list for non-existing target key
    ok 26 - listRelatedCapabilities returns empty list for non-existing target key
      ---
      duration_ms: 0.188267
      type: 'test'
      ...
    1..26
ok 69 - capability catalog lookup
  ---
  duration_ms: 15.364678
  type: 'test'
  ...
# Subtest: capability catalog foundation
    # Subtest: all example capabilities should be valid according to schema
    ok 1 - all example capabilities should be valid according to schema
      ---
      duration_ms: 10.4286
      type: 'test'
      ...
    # Subtest: capability keys should be unique
    ok 2 - capability keys should be unique
      ---
      duration_ms: 0.27726
      type: 'test'
      ...
    # Subtest: capability IDs should be unique
    ok 3 - capability IDs should be unique
      ---
      duration_ms: 0.188398
      type: 'test'
      ...
    # Subtest: dependencies should exist in the catalog
    ok 4 - dependencies should exist in the catalog
      ---
      duration_ms: 0.359047
      type: 'test'
      ...
    # Subtest: relatedCapabilities should exist in the catalog
    ok 5 - relatedCapabilities should exist in the catalog
      ---
      duration_ms: 0.297315
      type: 'test'
      ...
    # Subtest: no capability should depend on itself
    ok 6 - no capability should depend on itself
      ---
      duration_ms: 0.20044
      type: 'test'
      ...
    # Subtest: no direct dependency cycles
    ok 7 - no direct dependency cycles
      ---
      duration_ms: 0.2496
      type: 'test'
      ...
    # Subtest: domains and groups should be valid
    ok 8 - domains and groups should be valid
      ---
      duration_ms: 0.382545
      type: 'test'
      ...
    # Subtest: businessActions and businessObjects should not be empty
    ok 9 - businessActions and businessObjects should not be empty
      ---
      duration_ms: 0.415696
      type: 'test'
      ...
    # Subtest: should be serializable to JSON
    ok 10 - should be serializable to JSON
      ---
      duration_ms: 0.760472
      type: 'test'
      ...
    # Subtest: negative tests: invalid domain and group
    ok 11 - negative tests: invalid domain and group
      ---
      duration_ms: 1.438852
      type: 'test'
      ...
    # Subtest: negative tests: malformed key
    ok 12 - negative tests: malformed key
      ---
      duration_ms: 0.610346
      type: 'test'
      ...
    # Subtest: negative tests: missing businessObjects and businessActions
    ok 13 - negative tests: missing businessObjects and businessActions
      ---
      duration_ms: 0.807298
      type: 'test'
      ...
    # Subtest: negative tests: duplicate keys in internal arrays
    ok 14 - negative tests: duplicate keys in internal arrays
      ---
      duration_ms: 0.630452
      type: 'test'
      ...
    1..14
ok 70 - capability catalog foundation
  ---
  duration_ms: 20.434855
  type: 'test'
  ...
# Subtest: CapabilityLifecycleTransitionSchema
    # Subtest: should accept valid transitions
    ok 1 - should accept valid transitions
      ---
      duration_ms: 2.054091
      type: 'test'
      ...
    # Subtest: should accept transitions to same state
    ok 2 - should accept transitions to same state
      ---
      duration_ms: 0.299064
      type: 'test'
      ...
    # Subtest: should reject unknown statuses
    ok 3 - should reject unknown statuses
      ---
      duration_ms: 0.911062
      type: 'test'
      ...
    # Subtest: should reject if 'from' is missing
    ok 4 - should reject if 'from' is missing
      ---
      duration_ms: 0.276947
      type: 'test'
      ...
    # Subtest: should reject if 'to' is missing
    ok 5 - should reject if 'to' is missing
      ---
      duration_ms: 0.334681
      type: 'test'
      ...
    # Subtest: should reject non-object payloads
    ok 6 - should reject non-object payloads
      ---
      duration_ms: 0.358539
      type: 'test'
      ...
    1..6
ok 71 - CapabilityLifecycleTransitionSchema
  ---
  duration_ms: 6.329849
  type: 'test'
  ...
# Subtest: canTransitionCapabilityStatus
    # Subtest: should allow valid transitions
    ok 1 - should allow valid transitions
      ---
      duration_ms: 1.040686
      type: 'test'
      ...
    # Subtest: should reject invalid transitions
    ok 2 - should reject invalid transitions
      ---
      duration_ms: 0.220967
      type: 'test'
      ...
    # Subtest: should reject self-transitions
    ok 3 - should reject self-transitions
      ---
      duration_ms: 0.200298
      type: 'test'
      ...
    # Subtest: should treat retired as terminal
    ok 4 - should treat retired as terminal
      ---
      duration_ms: 0.179713
      type: 'test'
      ...
    1..4
ok 72 - canTransitionCapabilityStatus
  ---
  duration_ms: 3.381573
  type: 'test'
  ...
# Subtest: canDeactivateCapability
    # Subtest: should allow transition to non-deactivation states regardless of dependents
    ok 1 - should allow transition to non-deactivation states regardless of dependents
      ---
      duration_ms: 0.324077
      type: 'test'
      ...
    # Subtest: should block deprecation or retirement when there is an active dependent
    ok 2 - should block deprecation or retirement when there is an active dependent
      ---
      duration_ms: 0.206004
      type: 'test'
      ...
    # Subtest: should block deprecation or retirement when there is a draft dependent
    ok 3 - should block deprecation or retirement when there is a draft dependent
      ---
      duration_ms: 0.422077
      type: 'test'
      ...
    # Subtest: should allow deprecation or retirement when all dependents are deprecated or retired
    ok 4 - should allow deprecation or retirement when all dependents are deprecated or retired
      ---
      duration_ms: 0.355377
      type: 'test'
      ...
    # Subtest: should allow deprecation or retirement when there are no dependents
    ok 5 - should allow deprecation or retirement when there are no dependents
      ---
      duration_ms: 0.255922
      type: 'test'
      ...
    1..5
ok 73 - canDeactivateCapability
  ---
  duration_ms: 2.950435
  type: 'test'
  ...
# Subtest: isCapabilityReadyForActivation
    # Subtest: should return true for valid draft capabilities
    ok 1 - should return true for valid draft capabilities
      ---
      duration_ms: 0.331175
      type: 'test'
      ...
    # Subtest: should return false for non-draft capabilities
    ok 2 - should return false for non-draft capabilities
      ---
      duration_ms: 0.151874
      type: 'test'
      ...
    # Subtest: should return false when missing business objects
    ok 3 - should return false when missing business objects
      ---
      duration_ms: 0.144182
      type: 'test'
      ...
    # Subtest: should return false when missing business actions
    ok 4 - should return false when missing business actions
      ---
      duration_ms: 0.134798
      type: 'test'
      ...
    1..4
ok 74 - isCapabilityReadyForActivation
  ---
  duration_ms: 1.283677
  type: 'test'
  ...
# Subtest: checkDraftToPublishedBoundary
    # Subtest: validates draft to published transition
    ok 1 - validates draft to published transition
      ---
      duration_ms: 1.079578
      type: 'test'
      ...
    # Subtest: invalidates published to draft transition
    ok 2 - invalidates published to draft transition
      ---
      duration_ms: 0.250056
      type: 'test'
      ...
    1..2
ok 75 - checkDraftToPublishedBoundary
  ---
  duration_ms: 2.93314
  type: 'suite'
  ...
# Subtest: createReceipt maps success event
ok 76 - createReceipt maps success event
  ---
  duration_ms: 6.621125
  type: 'test'
  ...
# Subtest: createReceipt maps error event
ok 77 - createReceipt maps error event
  ---
  duration_ms: 0.59382
  type: 'test'
  ...
# Subtest: createReceipt throws on missing event ID (if enforced by schema or fallback)
ok 78 - createReceipt throws on missing event ID (if enforced by schema or fallback)
  ---
  duration_ms: 0.353289
  type: 'test'
  ...
# Subtest: createReceipt handles very long idempotency keys
ok 79 - createReceipt handles very long idempotency keys
  ---
  duration_ms: 1.21878
  type: 'test'
  ...
# Subtest: Event Mappers Audit
    # Subtest: should be deterministic (same input produces same output)
    ok 1 - should be deterministic (same input produces same output)
      ---
      duration_ms: 11.673909
      type: 'test'
      ...
    # Subtest: should ensure non-mutation of input
    ok 2 - should ensure non-mutation of input
      ---
      duration_ms: 0.78785
      type: 'test'
      ...
    # Subtest: should preserve workspaceId, correlationId and causationId
    ok 3 - should preserve workspaceId, correlationId and causationId
      ---
      duration_ms: 0.500475
      type: 'test'
      ...
    # Subtest: should reject invalid schemaVersion (must be major.minor.patch)
    ok 4 - should reject invalid schemaVersion (must be major.minor.patch)
      ---
      duration_ms: 1.825332
      type: 'test'
      ...
    # Subtest: should reject timestamps without 'Z' designator
    ok 5 - should reject timestamps without 'Z' designator
      ---
      duration_ms: 0.802049
      type: 'test'
      ...
    # Subtest: should reject timestamps with numeric offsets (strictly UTC required)
    ok 6 - should reject timestamps with numeric offsets (strictly UTC required)
      ---
      duration_ms: 0.67851
      type: 'test'
      ...
    # Subtest: should document that payload remains a shallow copy
    ok 7 - should document that payload remains a shallow copy
      ---
      duration_ms: 0.515955
      type: 'test'
      ...
    # Subtest: should not have any fallback for workspaceId (must be present)
    ok 8 - should not have any fallback for workspaceId (must be present)
      ---
      duration_ms: 0.901876
      type: 'test'
      ...
    # Subtest: should normalize eventId to lowercase
    ok 9 - should normalize eventId to lowercase
      ---
      duration_ms: 0.569365
      type: 'test'
      ...
    # Subtest: should normalize occurredAt and recordedAt timestamps correctly
    ok 10 - should normalize occurredAt and recordedAt timestamps correctly
      ---
      duration_ms: 0.725271
      type: 'test'
      ...
    1..10
ok 80 - Event Mappers Audit
  ---
  duration_ms: 20.884448
  type: 'suite'
  ...
# Subtest: Event Mappers
    # Subtest: should map a minimum valid envelope
    ok 1 - should map a minimum valid envelope
      ---
      duration_ms: 12.174235
      type: 'test'
      ...
    # Subtest: should map a complete valid envelope with optional fields
    ok 2 - should map a complete valid envelope with optional fields
      ---
      duration_ms: 1.417123
      type: 'test'
      ...
    # Subtest: should throw error if eventId is not a valid UUID
    ok 3 - should throw error if eventId is not a valid UUID
      ---
      duration_ms: 1.67313
      type: 'test'
      ...
    # Subtest: should throw error if eventType is missing
    ok 4 - should throw error if eventType is missing
      ---
      duration_ms: 0.587725
      type: 'test'
      ...
    # Subtest: should throw error if eventVersion is invalid
    ok 5 - should throw error if eventVersion is invalid
      ---
      duration_ms: 0.459954
      type: 'test'
      ...
    # Subtest: should throw error if timestamp is invalid
    ok 6 - should throw error if timestamp is invalid
      ---
      duration_ms: 0.860491
      type: 'test'
      ...
    # Subtest: should throw error if workspaceId is missing
    ok 7 - should throw error if workspaceId is missing
      ---
      duration_ms: 0.652802
      type: 'test'
      ...
    # Subtest: should preserve correlationId and causationId
    ok 8 - should preserve correlationId and causationId
      ---
      duration_ms: 0.510872
      type: 'test'
      ...
    # Subtest: should handle structured payload correctly
    ok 9 - should handle structured payload correctly
      ---
      duration_ms: 0.647067
      type: 'test'
      ...
    # Subtest: should ensure non-mutation of input via shallow copy (known limitation: nested references remain shared)
    ok 10 - should ensure non-mutation of input via shallow copy (known limitation: nested references remain shared)
      ---
      duration_ms: 0.811692
      type: 'test'
      ...
    # Subtest: should be deterministic
    ok 11 - should be deterministic
      ---
      duration_ms: 0.454245
      type: 'test'
      ...
    # Subtest: should handle numeric timestamps
    ok 12 - should handle numeric timestamps
      ---
      duration_ms: 0.359122
      type: 'test'
      ...
    1..12
ok 81 - Event Mappers
  ---
  duration_ms: 22.644786
  type: 'suite'
  ...
# Subtest: Event Receipt Boundary Static Test
    # Subtest: should not import database or migration modules from receipt contracts
    ok 1 - should not import database or migration modules from receipt contracts
      ---
      duration_ms: 2.827884
      type: 'test'
      ...
    1..1
ok 82 - Event Receipt Boundary Static Test
  ---
  duration_ms: 3.966348
  type: 'suite'
  ...
# Subtest: EventReceiptSchema valid payloads
ok 83 - EventReceiptSchema valid payloads
  ---
  duration_ms: 3.773171
  type: 'test'
  ...
# Subtest: EventReceiptSchema invalid payloads
ok 84 - EventReceiptSchema invalid payloads
  ---
  duration_ms: 2.192923
  type: 'test'
  ...
# Subtest: EmittedEvent to EventReceipt mapping falls back safely without bypassing validation
ok 85 - EmittedEvent to EventReceipt mapping falls back safely without bypassing validation
  ---
  duration_ms: 0.544216
  type: 'test'
  ...
# Subtest: CanonicalEventSchema from types validates receipt fields correctly
ok 86 - CanonicalEventSchema from types validates receipt fields correctly
  ---
  duration_ms: 2.228211
  type: 'test'
  ...
# Subtest: EventWriter.createReceipt successfully maps CanonicalEvent
ok 87 - EventWriter.createReceipt successfully maps CanonicalEvent
  ---
  duration_ms: 0.544783
  type: 'test'
  ...
# Subtest: EventWriter.createReceipt maps error boundary
ok 88 - EventWriter.createReceipt maps error boundary
  ---
  duration_ms: 0.298319
  type: 'test'
  ...
# Subtest: registerEvent is idempotent
ok 89 - registerEvent is idempotent
  ---
  duration_ms: 0.328478
  type: 'test'
  ...
# Subtest: DEFAULT_EVENT_FIXTURES produce audit-friendly receipts
ok 90 - DEFAULT_EVENT_FIXTURES produce audit-friendly receipts
  ---
  duration_ms: 0.623477
  type: 'test'
  ...
# Subtest: Form Builder Contracts
    # Subtest: validates a minimal valid form
    ok 1 - validates a minimal valid form
      ---
      duration_ms: 5.036948
      type: 'test'
      ...
    # Subtest: validates a complete valid form
    ok 2 - validates a complete valid form
      ---
      duration_ms: 6.718248
      type: 'test'
      ...
    # Subtest: rejects duplicate field keys
    ok 3 - rejects duplicate field keys
      ---
      duration_ms: 1.001428
      type: 'test'
      ...
    # Subtest: rejects duplicate field IDs
    ok 4 - rejects duplicate field IDs
      ---
      duration_ms: 0.520432
      type: 'test'
      ...
    # Subtest: rejects layout referencing non-existent field ID
    ok 5 - rejects layout referencing non-existent field ID
      ---
      duration_ms: 0.520418
      type: 'test'
      ...
    # Subtest: rejects visibility referencing non-existent field key
    ok 6 - rejects visibility referencing non-existent field key
      ---
      duration_ms: 0.706541
      type: 'test'
      ...
    # Subtest: performs JSON round trip correctly
    ok 7 - performs JSON round trip correctly
      ---
      duration_ms: 1.291763
      type: 'test'
      ...
    # Subtest: rejects incompatible defaultValue for number field
    ok 8 - rejects incompatible defaultValue for number field
      ---
      duration_ms: 0.609939
      type: 'test'
      ...
    # Subtest: rejects missing options for select field
    ok 9 - rejects missing options for select field
      ---
      duration_ms: 0.700491
      type: 'test'
      ...
    1..9
ok 91 - Form Builder Contracts
  ---
  duration_ms: 19.203307
  type: 'suite'
  ...
# Subtest: Form Builder Persistence - Workspace Isolation
    # Subtest: saves and loads a draft in the same workspace
    ok 1 - saves and loads a draft in the same workspace
      ---
      duration_ms: 2.700984
      type: 'test'
      ...
    # Subtest: throws error when saving with divergent workspaceId
    ok 2 - throws error when saving with divergent workspaceId
      ---
      duration_ms: 0.974812
      type: 'test'
      ...
    # Subtest: throws error when loading from different workspace
    ok 3 - throws error when loading from different workspace
      ---
      duration_ms: 0.460077
      type: 'test'
      ...
    # Subtest: returns null for non-existent draft
    ok 4 - returns null for non-existent draft
      ---
      duration_ms: 0.438054
      type: 'test'
      ...
    # Subtest: lists versions isolated by workspace
    ok 5 - lists versions isolated by workspace
      ---
      duration_ms: 0.887329
      type: 'test'
      ...
    # Subtest: handles forms with the same key in different workspaces
    ok 6 - handles forms with the same key in different workspaces
      ---
      duration_ms: 0.591609
      type: 'test'
      ...
    # Subtest: deletes a draft in the same workspace
    ok 7 - deletes a draft in the same workspace
      ---
      duration_ms: 0.315123
      type: 'test'
      ...
    # Subtest: throws error when deleting from different workspace
    ok 8 - throws error when deleting from different workspace
      ---
      duration_ms: 0.433411
      type: 'test'
      ...
    # Subtest: prevents mutation via defensive copying on save
    ok 9 - prevents mutation via defensive copying on save
      ---
      duration_ms: 0.44324
      type: 'test'
      ...
    # Subtest: prevents mutation via defensive copying on load
    ok 10 - prevents mutation via defensive copying on load
      ---
      duration_ms: 0.581219
      type: 'test'
      ...
    # Subtest: ensures no leakage between tenants in list
    ok 11 - ensures no leakage between tenants in list
      ---
      duration_ms: 0.23574
      type: 'test'
      ...
    1..11
ok 92 - Form Builder Persistence - Workspace Isolation
  ---
  duration_ms: 10.018319
  type: 'suite'
  ...
# Subtest: FormBuilderStudio Adapter
    # Subtest: should convert minimal FormDefinition to StudioState
    ok 1 - should convert minimal FormDefinition to StudioState
      ---
      duration_ms: 2.480401
      type: 'test'
      ...
    # Subtest: should convert complete FormDefinition to StudioState
    ok 2 - should convert complete FormDefinition to StudioState
      ---
      duration_ms: 0.778225
      type: 'test'
      ...
    # Subtest: should perform round trip without semantic loss
    ok 3 - should perform round trip without semantic loss
      ---
      duration_ms: 4.847034
      type: 'test'
      ...
    # Subtest: should supply workspace from context if missing in state
    ok 4 - should supply workspace from context if missing in state
      ---
      duration_ms: 0.460463
      type: 'test'
      ...
    # Subtest: should reject workspace divergence between state and context
    ok 5 - should reject workspace divergence between state and context
      ---
      duration_ms: 0.392555
      type: 'test'
      ...
    # Subtest: should fail if workspace is missing in both state and context
    ok 6 - should fail if workspace is missing in both state and context
      ---
      duration_ms: 0.296397
      type: 'test'
      ...
    # Subtest: should handle all field types in round trip
    ok 7 - should handle all field types in round trip
      ---
      duration_ms: 2.567432
      type: 'test'
      ...
    # Subtest: should detect invalid Studio status
    ok 8 - should detect invalid Studio status
      ---
      duration_ms: 1.098736
      type: 'test'
      ...
    # Subtest: should detect invalid canonical field configuration (select without options)
    ok 9 - should detect invalid canonical field configuration (select without options)
      ---
      duration_ms: 0.903484
      type: 'test'
      ...
    # Subtest: should detect invalid layout reference
    ok 10 - should detect invalid layout reference
      ---
      duration_ms: 0.87053
      type: 'test'
      ...
    # Subtest: should not mutate input objects
    ok 11 - should not mutate input objects
      ---
      duration_ms: 4.87202
      type: 'test'
      ...
    # Subtest: should handle frozen input
    ok 12 - should handle frozen input
      ---
      duration_ms: 1.590103
      type: 'test'
      ...
    # Subtest: should be deterministic
    ok 13 - should be deterministic
      ---
      duration_ms: 1.407426
      type: 'test'
      ...
    1..13
ok 93 - FormBuilderStudio Adapter
  ---
  duration_ms: 24.770114
  type: 'suite'
  ...
# Subtest: Contract Extraction: Should be semantically equivalent
ok 94 - Contract Extraction: Should be semantically equivalent
  ---
  duration_ms: 1.224568
  type: 'test'
  ...
# Subtest: Contract Extraction: Should validate a minimal valid form
ok 95 - Contract Extraction: Should validate a minimal valid form
  ---
  duration_ms: 4.126287
  type: 'test'
  ...
# Subtest: Contract Extraction: Should validate a complete valid form
ok 96 - Contract Extraction: Should validate a complete valid form
  ---
  duration_ms: 6.287226
  type: 'test'
  ...
# Subtest: Contract Extraction: Should reject invalid field type
ok 97 - Contract Extraction: Should reject invalid field type
  ---
  duration_ms: 1.028794
  type: 'test'
  ...
# Subtest: Contract Extraction: Should reject layout with non-existent field reference
ok 98 - Contract Extraction: Should reject layout with non-existent field reference
  ---
  duration_ms: 0.835393
  type: 'test'
  ...
# Subtest: Form Engine
    # Subtest: 1. Definição válida é aceita
    ok 1 - 1. Definição válida é aceita
      ---
      duration_ms: 7.674838
      type: 'test'
      ...
    # Subtest: 2. FormDefinition sem Candidate é rejeitada
    ok 2 - 2. FormDefinition sem Candidate é rejeitada
      ---
      duration_ms: 1.434712
      type: 'test'
      ...
    # Subtest: 3. Keys duplicadas são rejeitadas
    ok 3 - 3. Keys duplicadas são rejeitadas
      ---
      duration_ms: 0.963328
      type: 'test'
      ...
    # Subtest: 4. Campo text obrigatório é validado
    ok 4 - 4. Campo text obrigatório é validado
      ---
      duration_ms: 4.904323
      type: 'test'
      ...
    # Subtest: 5. Limites mínimo e máximo de text são aplicados
    ok 5 - 5. Limites mínimo e máximo de text são aplicados
      ---
      duration_ms: 0.524124
      type: 'test'
      ...
    # Subtest: 6. Dropdown válido é aceito
    ok 6 - 6. Dropdown válido é aceito
      ---
      duration_ms: 0.414075
      type: 'test'
      ...
    # Subtest: 7. Dropdown sem opções é rejeitado
    ok 7 - 7. Dropdown sem opções é rejeitado
      ---
      duration_ms: 0.807474
      type: 'test'
      ...
    # Subtest: 8. Opções duplicadas são rejeitadas
    ok 8 - 8. Opções duplicadas são rejeitadas
      ---
      duration_ms: 0.848565
      type: 'test'
      ...
    # Subtest: 9. Valor fora do dropdown é rejeitado
    ok 9 - 9. Valor fora do dropdown é rejeitado
      ---
      duration_ms: 0.523198
      type: 'test'
      ...
    # Subtest: 10. Origin válida é preservada
    ok 10 - 10. Origin válida é preservada
      ---
      duration_ms: 0.721759
      type: 'test'
      ...
    # Subtest: 11. Origin ausente ou inválida é rejeitada
    ok 11 - 11. Origin ausente ou inválida é rejeitada
      ---
      duration_ms: 0.531613
      type: 'test'
      ...
    # Subtest: 12. Dados informais não podem sobrescrever origin
    ok 12 - 12. Dados informais não podem sobrescrever origin
      ---
      duration_ms: 0.237688
      type: 'test'
      ...
    # Subtest: 13. Campos desconhecidos seguem a política definida
    ok 13 - 13. Campos desconhecidos seguem a política definida
      ---
      duration_ms: 0.277248
      type: 'test'
      ...
    # Subtest: 14. Valores textuais são normalizados
    ok 14 - 14. Valores textuais são normalizados
      ---
      duration_ms: 0.219149
      type: 'test'
      ...
    # Subtest: 15. Valores padrão declarados são aplicados
    ok 15 - 15. Valores padrão declarados são aplicados
      ---
      duration_ms: 0.159649
      type: 'test'
      ...
    # Subtest: 16. Respostas ausentes não são inventadas
    ok 16 - 16. Respostas ausentes não são inventadas
      ---
      duration_ms: 0.127757
      type: 'test'
      ...
    # Subtest: 17. Candidate divergente é rejeitado
    ok 17 - 17. Candidate divergente é rejeitado
      ---
      duration_ms: 0.3915
      type: 'test'
      ...
    # Subtest: 18. FormDefinition divergente é rejeitado
    ok 18 - 18. FormDefinition divergente é rejeitado
      ---
      duration_ms: 0.311499
      type: 'test'
      ...
    # Subtest: 19. Texto informal original permanece rastreável
    ok 19 - 19. Texto informal original permanece rastreável
      ---
      duration_ms: 0.158049
      type: 'test'
      ...
    # Subtest: 20. A engine não altera objetos recebidos
    ok 20 - 20. A engine não altera objetos recebidos
      ---
      duration_ms: 1.153143
      type: 'test'
      ...
    # Subtest: 21. Entradas iguais produzem resultados iguais
    ok 21 - 21. Entradas iguais produzem resultados iguais
      ---
      duration_ms: 0.185743
      type: 'test'
      ...
    # Subtest: 22. Nenhum status de Candidate é alterado
    ok 22 - 22. Nenhum status de Candidate é alterado
      ---
      duration_ms: 0.1412
      type: 'test'
      ...
    # Subtest: 23. Nenhuma publicação ou execução de Runtime ocorre
    ok 23 - 23. Nenhuma publicação ou execução de Runtime ocorre
      ---
      duration_ms: 0.160835
      type: 'test'
      ...
    1..23
ok 99 - Form Engine
  ---
  duration_ms: 25.125263
  type: 'suite'
  ...
# Subtest: Integration Auth Boundary - validateGatewayRequest
    # Subtest: succeeds (returns null) when GESTAOTECNICA_API_KEY environment variable is not set
    ok 1 - succeeds (returns null) when GESTAOTECNICA_API_KEY environment variable is not set
      ---
      duration_ms: 3.970097
      type: 'test'
      ...
    # Subtest: succeeds (returns null) when x-gestaotecnica-api-key header matches the expected key
    ok 2 - succeeds (returns null) when x-gestaotecnica-api-key header matches the expected key
      ---
      duration_ms: 1.959679
      type: 'test'
      ...
    # Subtest: succeeds (returns null) when authorization header matches the expected key without Bearer prefix
    ok 3 - succeeds (returns null) when authorization header matches the expected key without Bearer prefix
      ---
      duration_ms: 1.174826
      type: 'test'
      ...
    # Subtest: succeeds (returns null) when authorization header matches the expected key with Bearer prefix
    ok 4 - succeeds (returns null) when authorization header matches the expected key with Bearer prefix
      ---
      duration_ms: 1.27681
      type: 'test'
      ...
    # Subtest: fails (returns 401) when headers are missing and GESTAOTECNICA_API_KEY is set
    ok 5 - fails (returns 401) when headers are missing and GESTAOTECNICA_API_KEY is set
      ---
      duration_ms: 1.913798
      type: 'test'
      ...
    # Subtest: fails (returns 401) when headers are incorrect and GESTAOTECNICA_API_KEY is set
    ok 6 - fails (returns 401) when headers are incorrect and GESTAOTECNICA_API_KEY is set
      ---
      duration_ms: 0.742783
      type: 'test'
      ...
    1..6
ok 100 - Integration Auth Boundary - validateGatewayRequest
  ---
  duration_ms: 12.686221
  type: 'suite'
  ...
# Subtest: Integration Boundary Static Test
    # Subtest: should not import runtime execution services from integration contracts
    ok 1 - should not import runtime execution services from integration contracts
      ---
      duration_ms: 3.487681
      type: 'test'
      ...
    1..1
ok 101 - Integration Boundary Static Test
  ---
  duration_ms: 4.809644
  type: 'suite'
  ...
# Subtest: IntegrationCommandResponse Type Validation
    # Subtest: should allow a valid success response
    ok 1 - should allow a valid success response
      ---
      duration_ms: 1.012566
      type: 'test'
      ...
    # Subtest: should allow a valid error response
    ok 2 - should allow a valid error response
      ---
      duration_ms: 0.257679
      type: 'test'
      ...
    # Subtest: should flag success response with error as invalid type
    ok 3 - should flag success response with error as invalid type
      ---
      duration_ms: 0.227376
      type: 'test'
      ...
    # Subtest: should flag error response without error object as invalid type
    ok 4 - should flag error response without error object as invalid type
      ---
      duration_ms: 0.166754
      type: 'test'
      ...
    1..4
ok 102 - IntegrationCommandResponse Type Validation
  ---
  duration_ms: 3.022982
  type: 'suite'
  ...
# Subtest: routeIntegrationCommand()
    # Subtest: should handle unknown/invalid command gracefully
    ok 1 - should handle unknown/invalid command gracefully
      ---
      duration_ms: 1256.762488
      type: 'test'
      ...
    1..1
ok 103 - routeIntegrationCommand()
  ---
  duration_ms: 1257.039097
  type: 'suite'
  ...
# Subtest: Integration Module Registry
    # Subtest: gatewayModules contains expected gateway entries
    ok 1 - gatewayModules contains expected gateway entries
      ---
      duration_ms: 1.998836
      type: 'test'
      ...
    # Subtest: readGatewayModule routes known module keys to their respective queries
    ok 2 - readGatewayModule routes known module keys to their respective queries
      ---
      duration_ms: 1.097882
      type: 'test'
      ...
    # Subtest: readGatewayModule returns null for unknown moduleKey
    ok 3 - readGatewayModule returns null for unknown moduleKey
      ---
      duration_ms: 0.211154
      type: 'test'
      ...
    1..3
ok 104 - Integration Module Registry
  ---
  duration_ms: 4.851185
  type: 'test'
  ...
# Subtest: Integration Packs Contract
    # Subtest: should have unique keys across all packs
    ok 1 - should have unique keys across all packs
      ---
      duration_ms: 1.107097
      type: 'test'
      ...
    # Subtest: should have all required descriptors for each pack
    ok 2 - should have all required descriptors for each pack
      ---
      duration_ms: 0.583563
      type: 'test'
      ...
    1..2
ok 105 - Integration Packs Contract
  ---
  duration_ms: 3.020157
  type: 'suite'
  ...
# Subtest: IntegrationWebhookCommandEnvelopeSchema
    # Subtest: should allow a valid envelope without an idempotency key
    ok 1 - should allow a valid envelope without an idempotency key
      ---
      duration_ms: 4.07115
      type: 'test'
      ...
    # Subtest: should allow a valid envelope with a valid idempotency key
    ok 2 - should allow a valid envelope with a valid idempotency key
      ---
      duration_ms: 0.620057
      type: 'test'
      ...
    # Subtest: should reject an envelope with an empty idempotency key
    ok 3 - should reject an envelope with an empty idempotency key
      ---
      duration_ms: 1.22797
      type: 'test'
      ...
    # Subtest: should reject an envelope with an idempotency key longer than 255 characters
    ok 4 - should reject an envelope with an idempotency key longer than 255 characters
      ---
      duration_ms: 0.46711
      type: 'test'
      ...
    # Subtest: should allow an envelope with an idempotency key exactly 255 characters long
    ok 5 - should allow an envelope with an idempotency key exactly 255 characters long
      ---
      duration_ms: 0.412275
      type: 'test'
      ...
    1..5
ok 106 - IntegrationWebhookCommandEnvelopeSchema
  ---
  duration_ms: 8.52582
  type: 'suite'
  ...
# Boundary violations found:
# [MEDIUM] src/app/(runtime)/[workspaceKey]/[moduleKey]/[viewKey]/page.tsx -> @/db/runtime/schema/workspace (Deep import from src/db. Use public index instead.)
# [MEDIUM] src/app/(runtime)/[workspaceKey]/[moduleKey]/[viewKey]/page.tsx -> @/db/runtime/schema/workflow (Deep import from src/db. Use public index instead.)
# [MEDIUM] src/app/api/gateway/pdf/route.ts -> @/db/schema (Deep import from src/db. Use public index instead.)
# [MEDIUM] src/app/api/gateway/pdf/route.ts -> @/db/runtime/schema/workflow (Deep import from src/db. Use public index instead.)
# [MEDIUM] src/app/api/gateway/webhooks/route.ts -> @/db/runtime/schema/workflow (Deep import from src/db. Use public index instead.)
# [MEDIUM] src/app/api/gateway/webhooks/route.ts -> @/db/schema (Deep import from src/db. Use public index instead.)
# [MEDIUM] src/app/api/health/db/route.ts -> @/db/schema (Deep import from src/db. Use public index instead.)
# [MEDIUM] src/app/auth/setup/page.tsx -> @/db/legacy/schema (Deep import from src/db. Use public index instead.)
# [MEDIUM] src/builder/server/builder-tree.ts -> @/db/platform/schema/registry (Deep import from src/db. Use public index instead.)
# [MEDIUM] src/builder/server/builder-tree.ts -> @/db/runtime/schema/workspace (Deep import from src/db. Use public index instead.)
# [MEDIUM] src/builder/server/builder-tree.ts -> @/db/runtime/schema/workflow (Deep import from src/db. Use public index instead.)
# [MEDIUM] src/builder/server/builder-tree.ts -> @/db/schema (Deep import from src/db. Use public index instead.)
# [MEDIUM] src/features/builder/candidates/candidate-publisher.repository.ts -> @/db/platform/schema/candidates (Deep import from src/db. Use public index instead.)
# [MEDIUM] src/features/builder/candidates/candidate-publisher.repository.ts -> @/db/runtime/schema/workflow (Deep import from src/db. Use public index instead.)
# [MEDIUM] src/features/builder/candidates/candidates.repository.ts -> @/db/platform/schema (Deep import from src/db. Use public index instead.)
# [MEDIUM] src/features/platform/gateway/agent-gateway.repository.ts -> @/db/platform/schema (Deep import from src/db. Use public index instead.)
# [MEDIUM] src/features/platform/gateway/agent-gateway.service.ts -> @/db/platform/schema/candidates (Deep import from src/db. Use public index instead.)
# [MEDIUM] src/features/platform/gateway/trace-receipt/trace-receipt.repository.ts -> @/db/runtime/schema/traceability (Deep import from src/db. Use public index instead.)
# [MEDIUM] src/features/workflow/definitions/process-definition.queries.ts -> @/db/runtime/schema/workflow (Deep import from src/db. Use public index instead.)
# [MEDIUM] src/features/workflow/definitions/process-definition.repository.ts -> @/db/runtime/schema/workflow (Deep import from src/db. Use public index instead.)
# [MEDIUM] src/features/workflow/runtime/events/events.repository.ts -> @/db/runtime/schema/workflow (Deep import from src/db. Use public index instead.)
# [MEDIUM] src/features/workflow/runtime/runtime.repository.ts -> @/db/runtime/schema/workflow (Deep import from src/db. Use public index instead.)
# [MEDIUM] src/modules/admin/actions.ts -> @/db/schema (Deep import from src/db. Use public index instead.)
# [MEDIUM] src/modules/admin/actions.ts -> @/db/runtime/schema/workspace (Deep import from src/db. Use public index instead.)
# [MEDIUM] src/modules/admin/queries.ts -> @/db/schema (Deep import from src/db. Use public index instead.)
# [MEDIUM] src/modules/admin/queries.ts -> @/db/runtime/schema/workspace (Deep import from src/db. Use public index instead.)
# [MEDIUM] src/modules/approvals/kernel-actions.ts -> @/db/schema (Deep import from src/db. Use public index instead.)
# [MEDIUM] src/modules/approvals/queries.ts -> @/db/schema (Deep import from src/db. Use public index instead.)
# [MEDIUM] src/modules/assets/kernel-actions.ts -> @/db/runtime/schema/assets (Deep import from src/db. Use public index instead.)
# [MEDIUM] src/modules/assets/queries.ts -> @/db/runtime/schema/assets (Deep import from src/db. Use public index instead.)
# [MEDIUM] src/modules/auth/actions.ts -> @/db/legacy/schema (Deep import from src/db. Use public index instead.)
# [MEDIUM] src/modules/auth/session.ts -> @/db/legacy/schema (Deep import from src/db. Use public index instead.)
# [MEDIUM] src/modules/automations/actions.ts -> @/db/runtime/schema/workflow (Deep import from src/db. Use public index instead.)
# [MEDIUM] src/modules/automations/actions.ts -> @/db/schema (Deep import from src/db. Use public index instead.)
# [MEDIUM] src/modules/automations/kernel-actions.ts -> @/db/schema (Deep import from src/db. Use public index instead.)
# [MEDIUM] src/modules/automations/queries.ts -> @/db/schema (Deep import from src/db. Use public index instead.)
# [MEDIUM] src/modules/case-management/contracts/case.schema.ts -> @/platform/contracts/safe-json (Deep import from src/platform/contracts. Use public index instead.)
# [MEDIUM] src/modules/case-management/kernel-actions.ts -> @/db/platform/schema/candidates (Deep import from src/db. Use public index instead.)
# [MEDIUM] src/modules/case-management/queries.ts -> @/db/platform/schema/candidates (Deep import from src/db. Use public index instead.)
# [MEDIUM] src/modules/case-management/queries.ts -> @/db/runtime/schema/workflow (Deep import from src/db. Use public index instead.)
# [MEDIUM] src/modules/case-management/queries.ts -> @/db/legacy/schema (Deep import from src/db. Use public index instead.)
# [MEDIUM] src/modules/case-management/queries.ts -> @/db/runtime/schema/workspace (Deep import from src/db. Use public index instead.)
# [MEDIUM] src/modules/comments/actions.ts -> @/db/schema (Deep import from src/db. Use public index instead.)
# [MEDIUM] src/modules/comments/queries.ts -> @/db/schema (Deep import from src/db. Use public index instead.)
# [MEDIUM] src/modules/compliance/actions.ts -> @/db/schema (Deep import from src/db. Use public index instead.)
# [MEDIUM] src/modules/compliance/actions.ts -> @/db/schema (Deep import from src/db. Use public index instead.)
# [MEDIUM] src/modules/compliance/actions.ts -> @/db/runtime/schema/workflow (Deep import from src/db. Use public index instead.)
# [MEDIUM] src/modules/compliance/kernel-actions.ts -> @/db/schema (Deep import from src/db. Use public index instead.)
# [MEDIUM] src/modules/compliance/queries.ts -> @/db/schema (Deep import from src/db. Use public index instead.)
# [MEDIUM] src/modules/dashboard/queries.ts -> @/db/runtime/schema/workflow (Deep import from src/db. Use public index instead.)
# [MEDIUM] src/modules/dashboard/queries.ts -> @/db/schema (Deep import from src/db. Use public index instead.)
# [MEDIUM] src/modules/documents/kernel-actions.ts -> @/db/runtime/schema/documents (Deep import from src/db. Use public index instead.)
# [MEDIUM] src/modules/documents/queries.ts -> @/db/runtime/schema/documents (Deep import from src/db. Use public index instead.)
# [MEDIUM] src/modules/events/queries.ts -> @/db/schema (Deep import from src/db. Use public index instead.)
# [MEDIUM] src/modules/events/queries.ts -> @/db/runtime/schema/workflow (Deep import from src/db. Use public index instead.)
# [MEDIUM] src/modules/evidences/actions.ts -> @/db/schema (Deep import from src/db. Use public index instead.)
# [MEDIUM] src/modules/evidences/actions.ts -> @/db/schema (Deep import from src/db. Use public index instead.)
# [MEDIUM] src/modules/evidences/actions.ts -> @/db/runtime/schema/workflow (Deep import from src/db. Use public index instead.)
# [MEDIUM] src/modules/evidences/evidences-table.tsx -> @/db/schema (Deep import from src/db. Use public index instead.)
# [MEDIUM] src/modules/evidences/kernel-actions.ts -> @/db/schema (Deep import from src/db. Use public index instead.)
# [MEDIUM] src/modules/evidences/manifest.ts -> @/db/schema (Deep import from src/db. Use public index instead.)
# [MEDIUM] src/modules/evidences/queries.ts -> @/db/schema (Deep import from src/db. Use public index instead.)
# [MEDIUM] src/modules/global-search/queries.ts -> @/db/schema (Deep import from src/db. Use public index instead.)
# [MEDIUM] src/modules/human-resources/actions.ts -> @/db/platform/schema/candidates (Deep import from src/db. Use public index instead.)
# [MEDIUM] src/modules/human-resources/contracts/hr.schema.ts -> @/platform/contracts/safe-json (Deep import from src/platform/contracts. Use public index instead.)
# [MEDIUM] src/modules/human-resources/queries.ts -> @/db/platform/schema/candidates (Deep import from src/db. Use public index instead.)
# [MEDIUM] src/modules/human-resources/queries.ts -> @/db/runtime/schema/workflow (Deep import from src/db. Use public index instead.)
# [MEDIUM] src/modules/inventory/actions.ts -> @/db/schema (Deep import from src/db. Use public index instead.)
# [MEDIUM] src/modules/inventory/actions.ts -> @/db/schema (Deep import from src/db. Use public index instead.)
# [MEDIUM] src/modules/inventory/actions.ts -> @/db/runtime/schema/workflow (Deep import from src/db. Use public index instead.)
# [MEDIUM] src/modules/inventory/inventory-forms.tsx -> @/db/schema (Deep import from src/db. Use public index instead.)
# [MEDIUM] src/modules/inventory/kernel-actions.ts -> @/db/schema (Deep import from src/db. Use public index instead.)
# [MEDIUM] src/modules/inventory/queries.ts -> @/db/schema (Deep import from src/db. Use public index instead.)
# [MEDIUM] src/modules/legacy/actions.ts -> @/db/schema (Deep import from src/db. Use public index instead.)
# [MEDIUM] src/modules/legacy/actions.ts -> @/db/runtime/schema/workflow (Deep import from src/db. Use public index instead.)
# [MEDIUM] src/modules/legacy/kernel-actions.ts -> @/db/schema (Deep import from src/db. Use public index instead.)
# [MEDIUM] src/modules/legacy/queries.ts -> @/db/schema (Deep import from src/db. Use public index instead.)
# [MEDIUM] src/modules/maintenance-plans/kernel-actions.ts -> @/db/schema (Deep import from src/db. Use public index instead.)
# [MEDIUM] src/modules/operations/queries.ts -> @/db/runtime/schema/workflow (Deep import from src/db. Use public index instead.)
# [MEDIUM] src/modules/operations/queries.ts -> @/db/schema (Deep import from src/db. Use public index instead.)
# [MEDIUM] src/modules/planning/queries.ts -> @/db/schema (Deep import from src/db. Use public index instead.)
# [MEDIUM] src/modules/queues/actions.ts -> @/db/runtime/schema/workspace (Deep import from src/db. Use public index instead.)
# [MEDIUM] src/modules/queues/actions.ts -> @/db/schema (Deep import from src/db. Use public index instead.)
# [MEDIUM] src/modules/queues/queries.ts -> @/db/runtime/schema/workspace (Deep import from src/db. Use public index instead.)
# [MEDIUM] src/modules/queues/queries.ts -> @/db/schema (Deep import from src/db. Use public index instead.)
# [MEDIUM] src/modules/reports/kernel-actions.ts -> @/db/schema (Deep import from src/db. Use public index instead.)
# [MEDIUM] src/modules/reports/queries.ts -> @/db/schema (Deep import from src/db. Use public index instead.)
# [MEDIUM] src/modules/resource-needs/actions.ts -> @/db/schema (Deep import from src/db. Use public index instead.)
# [MEDIUM] src/modules/resource-needs/actions.ts -> @/db/runtime/schema/workflow (Deep import from src/db. Use public index instead.)
# [MEDIUM] src/modules/resource-needs/queries.ts -> @/db/schema (Deep import from src/db. Use public index instead.)
# [MEDIUM] src/modules/schedules/kernel-actions.ts -> @/db/schema (Deep import from src/db. Use public index instead.)
# [MEDIUM] src/modules/schedules/queries.ts -> @/db/runtime/schema/workspace (Deep import from src/db. Use public index instead.)
# [MEDIUM] src/modules/schedules/queries.ts -> @/db/schema (Deep import from src/db. Use public index instead.)
# [MEDIUM] src/modules/service-orders/actions.ts -> @/db/runtime/schema/workflow (Deep import from src/db. Use public index instead.)
# [MEDIUM] src/modules/service-orders/actions.ts -> @/platform/workflows/runtime (Deep import from src/platform/workflows. Use public index instead.)
# [MEDIUM] src/modules/service-orders/actions.ts -> @/db/schema (Deep import from src/db. Use public index instead.)
# [MEDIUM] src/modules/service-orders/kernel-actions.ts -> @/db/schema (Deep import from src/db. Use public index instead.)
# [MEDIUM] src/modules/service-orders/queries.ts -> @/db/runtime/schema/workflow (Deep import from src/db. Use public index instead.)
# [MEDIUM] src/modules/service-orders/queries.ts -> @/db/schema (Deep import from src/db. Use public index instead.)
# [MEDIUM] src/modules/service-orders/queries.ts -> @/db/runtime/schema/workspace (Deep import from src/db. Use public index instead.)
# [MEDIUM] src/modules/shifts/kernel-actions.ts -> @/db/schema (Deep import from src/db. Use public index instead.)
# [MEDIUM] src/modules/shifts/kernel-actions.ts -> @/db/schema (Deep import from src/db. Use public index instead.)
# [MEDIUM] src/modules/shifts/queries.ts -> @/db/schema (Deep import from src/db. Use public index instead.)
# [MEDIUM] src/modules/skills/actions.ts -> @/db/schema (Deep import from src/db. Use public index instead.)
# [MEDIUM] src/modules/skills/actions.ts -> @/db/schema (Deep import from src/db. Use public index instead.)
# [MEDIUM] src/modules/skills/actions.ts -> @/db/schema (Deep import from src/db. Use public index instead.)
# [MEDIUM] src/modules/skills/actions.ts -> @/db/runtime/schema/workflow (Deep import from src/db. Use public index instead.)
# [MEDIUM] src/modules/skills/queries.ts -> @/db/schema (Deep import from src/db. Use public index instead.)
# [MEDIUM] src/modules/strategy/actions.ts -> @/db/runtime/schema/workflow (Deep import from src/db. Use public index instead.)
# [MEDIUM] src/modules/strategy/actions.ts -> @/db/schema (Deep import from src/db. Use public index instead.)
# [MEDIUM] src/modules/strategy/queries.ts -> @/db/schema (Deep import from src/db. Use public index instead.)
# [MEDIUM] src/modules/suppliers/actions.ts -> @/db/schema (Deep import from src/db. Use public index instead.)
# [MEDIUM] src/modules/suppliers/actions.ts -> @/db/schema (Deep import from src/db. Use public index instead.)
# [MEDIUM] src/modules/suppliers/actions.ts -> @/db/runtime/schema/workflow (Deep import from src/db. Use public index instead.)
# [MEDIUM] src/modules/suppliers/queries.ts -> @/db/schema (Deep import from src/db. Use public index instead.)
# [MEDIUM] src/modules/suppliers/supplier-forms.tsx -> @/db/schema (Deep import from src/db. Use public index instead.)
# [MEDIUM] src/modules/suppliers/suppliers-list.tsx -> @/db/schema (Deep import from src/db. Use public index instead.)
# [MEDIUM] src/modules/timesheets/queries.ts -> @/db/schema (Deep import from src/db. Use public index instead.)
# [MEDIUM] src/modules/work-intake/contracts/intake.schema.ts -> @/platform/contracts/safe-json (Deep import from src/platform/contracts. Use public index instead.)
# [MEDIUM] src/modules/work-intake/kernel-actions.ts -> @/db/platform/schema/candidates (Deep import from src/db. Use public index instead.)
# [MEDIUM] src/modules/work-intake/queries.ts -> @/db/platform/schema/candidates (Deep import from src/db. Use public index instead.)
# [MEDIUM] src/modules/work-intake/queries.ts -> @/db/runtime/schema/workflow (Deep import from src/db. Use public index instead.)
# [MEDIUM] src/modules/work-items/kernel-actions.ts -> @/db/schema (Deep import from src/db. Use public index instead.)
# [MEDIUM] src/modules/work-items/queries.ts -> @/db/schema (Deep import from src/db. Use public index instead.)
# [MEDIUM] src/modules/work-items/queries.ts -> @/db/schema (Deep import from src/db. Use public index instead.)
# [MEDIUM] src/modules/work-items/queries.ts -> @/db/runtime/schema/workspace (Deep import from src/db. Use public index instead.)
# [MEDIUM] src/modules/work-items/queries.ts -> @/db/runtime/schema/workflow (Deep import from src/db. Use public index instead.)
# [MEDIUM] src/modules/workflow-engine/actions.ts -> @/platform/workflows/runtime (Deep import from src/platform/workflows. Use public index instead.)
# [MEDIUM] src/modules/workflow-engine/queries.ts -> @/db/schema (Deep import from src/db. Use public index instead.)
# [MEDIUM] src/modules/workforce/actions.ts -> @/db/runtime/schema/workflow (Deep import from src/db. Use public index instead.)
# [MEDIUM] src/modules/workforce/actions.ts -> @/db/schema (Deep import from src/db. Use public index instead.)
# [MEDIUM] src/modules/workforce/kernel-actions.ts -> @/db/schema (Deep import from src/db. Use public index instead.)
# [MEDIUM] src/modules/workforce/queries.ts -> @/db/schema (Deep import from src/db. Use public index instead.)
# [MEDIUM] src/modules/workforce/queries.ts -> @/db/runtime/schema/workspace (Deep import from src/db. Use public index instead.)
# [MEDIUM] src/modules/workspace-config/actions.ts -> @/db/schema (Deep import from src/db. Use public index instead.)
# [MEDIUM] src/modules/workspace-config/actions.ts -> @/db/runtime/schema/workspace (Deep import from src/db. Use public index instead.)
# [MEDIUM] src/modules/workspace-config/kernel-actions.ts -> @/db/schema (Deep import from src/db. Use public index instead.)
# [MEDIUM] src/modules/workspace-config/queries.ts -> @/db/schema (Deep import from src/db. Use public index instead.)
# [MEDIUM] src/modules/workspace-config/queries.ts -> @/db/runtime/schema/workspace (Deep import from src/db. Use public index instead.)
# [MEDIUM] src/platform/actions/contracts/payload-schema.ts -> ../../../platform/contracts/safe-json (Deep import from src/platform/contracts. Use public index instead.)
# [MEDIUM] src/platform/actions/remote-actions.ts -> ../events/event-registry (Deep import from src/platform/events. Use public index instead.)
# [MEDIUM] src/platform/blueprints/actions/kernel-actions.ts -> @/db/platform/schema/blueprints (Deep import from src/db. Use public index instead.)
# [MEDIUM] src/platform/blueprints/infra/blueprints.queries.ts -> @/db/platform/schema/blueprints (Deep import from src/db. Use public index instead.)
# [MEDIUM] src/platform/documents/application/document.service.ts -> @/db/runtime/schema/documents (Deep import from src/db. Use public index instead.)
# [BASELINE] [BLOCKER] src/platform/events/event-log-service.ts -> @/db (Events boundaries)
# [BASELINE] [BLOCKER] src/platform/events/event-log-service.ts -> @/db/runtime/schema/workflow (Events boundaries)
# [BASELINE] [MEDIUM] src/platform/events/event-log-service.ts -> @/db/runtime/schema/workflow (Deep import from src/db. Use public index instead.)
# [BASELINE] [BLOCKER] src/platform/events/event-writer.ts -> @/db (Events boundaries)
# [BASELINE] [BLOCKER] src/platform/events/event-writer.ts -> @/db/runtime/schema/workflow (Events boundaries)
# [MEDIUM] src/platform/events/event-writer.ts -> @/db/runtime/schema/workflow (Deep import from src/db. Use public index instead.)
# [MEDIUM] src/platform/flows/flow-runner.ts -> @/db/schema (Deep import from src/db. Use public index instead.)
# [MEDIUM] src/platform/flows/flow-runner.ts -> @/db/runtime/schema/workflow (Deep import from src/db. Use public index instead.)
# [MEDIUM] src/platform/forms/contracts/form-definition.ts -> @/platform/contracts/identifiers (Deep import from src/platform/contracts. Use public index instead.)
# [MEDIUM] src/platform/integrations/integration-command-router.ts -> @/db/schema (Deep import from src/db. Use public index instead.)
# [MEDIUM] src/platform/kernel.ts -> @/platform/workflows/application/kernel-actions (Deep import from src/platform/workflows. Use public index instead.)
# [MEDIUM] src/platform/kernel.ts -> @/platform/events/default-events (Deep import from src/platform/events. Use public index instead.)
# [MEDIUM] src/platform/modules/module-manifest.ts -> ../contracts/payload (Deep import from src/platform/contracts. Use public index instead.)
# [MEDIUM] src/platform/modules/module-manifest.ts -> ../contracts/identifiers (Deep import from src/platform/contracts. Use public index instead.)
# [MEDIUM] src/platform/notifications/application/notification.service.ts -> @/db/runtime/schema/notifications (Deep import from src/db. Use public index instead.)
# [MEDIUM] src/platform/notifications/contracts/delivery.ts -> @/platform/contracts/identifiers (Deep import from src/platform/contracts. Use public index instead.)
# [MEDIUM] src/platform/notifications/contracts/delivery.ts -> @/platform/contracts/time (Deep import from src/platform/contracts. Use public index instead.)
# [MEDIUM] src/platform/notifications/contracts/delivery.ts -> @/platform/contracts/payload (Deep import from src/platform/contracts. Use public index instead.)
# [MEDIUM] src/platform/notifications/contracts/intent.ts -> @/platform/contracts/identifiers (Deep import from src/platform/contracts. Use public index instead.)
# [MEDIUM] src/platform/notifications/contracts/intent.ts -> @/platform/contracts/time (Deep import from src/platform/contracts. Use public index instead.)
# [MEDIUM] src/platform/notifications/contracts/intent.ts -> @/platform/contracts/correlation (Deep import from src/platform/contracts. Use public index instead.)
# [MEDIUM] src/platform/notifications/contracts/intent.ts -> @/platform/contracts/payload (Deep import from src/platform/contracts. Use public index instead.)
# [MEDIUM] src/platform/notifications/contracts/recipient.ts -> @/platform/contracts/identifiers (Deep import from src/platform/contracts. Use public index instead.)
# [MEDIUM] src/platform/notifications/contracts/template.ts -> @/platform/contracts/identifiers (Deep import from src/platform/contracts. Use public index instead.)
# [MEDIUM] src/platform/notifications/contracts/template.ts -> @/platform/contracts/payload (Deep import from src/platform/contracts. Use public index instead.)
# [MEDIUM] src/platform/notifications/domain/functions.ts -> @/platform/contracts/time (Deep import from src/platform/contracts. Use public index instead.)
# [MEDIUM] src/platform/observability/application/timeline.service.ts -> @/db/runtime/schema/workflow (Deep import from src/db. Use public index instead.)
# [MEDIUM] src/platform/observability/application/timeline.service.ts -> @/db/schema (Deep import from src/db. Use public index instead.)
# [MEDIUM] src/platform/outbox/outbox-service.ts -> @/db/runtime/schema/workflow (Deep import from src/db. Use public index instead.)
# [MEDIUM] src/platform/outbox/outbox-service.ts -> @/platform/workflows/infra/process-orchestrator (Deep import from src/platform/workflows. Use public index instead.)
# [BASELINE] [HIGH] src/platform/registry/actions/kernel-actions.ts -> @/db (Registry boundaries)
# [BASELINE] [HIGH] src/platform/registry/actions/kernel-actions.ts -> @/db/platform/schema/registry (Registry boundaries)
# [BASELINE] [MEDIUM] src/platform/registry/actions/kernel-actions.ts -> @/db/platform/schema/registry (Deep import from src/db. Use public index instead.)
# [BASELINE] [HIGH] src/platform/registry/application/seed.ts -> @/db (Registry boundaries)
# [BASELINE] [HIGH] src/platform/registry/application/seed.ts -> @/db/platform/schema/registry (Registry boundaries)
# [BASELINE] [MEDIUM] src/platform/registry/application/seed.ts -> @/db/platform/schema/registry (Deep import from src/db. Use public index instead.)
# [MEDIUM] src/platform/registry/capabilities/schemas.ts -> ../../contracts/identifiers (Deep import from src/platform/contracts. Use public index instead.)
# [MEDIUM] src/platform/registry/capabilities/schemas.ts -> ../../contracts/payload (Deep import from src/platform/contracts. Use public index instead.)
# [BASELINE] [HIGH] src/platform/registry/infra/registry.queries.ts -> @/db (Registry boundaries)
# [BASELINE] [HIGH] src/platform/registry/infra/registry.queries.ts -> @/db/platform/schema/registry (Registry boundaries)
# [BASELINE] [MEDIUM] src/platform/registry/infra/registry.queries.ts -> @/db/platform/schema/registry (Deep import from src/db. Use public index instead.)
# [MEDIUM] src/platform/storage/infra/storage.repository.ts -> @/db/runtime/schema/storage (Deep import from src/db. Use public index instead.)
# [MEDIUM] src/platform/views/application/kernel-actions.ts -> @/db/runtime/schema/workflow (Deep import from src/db. Use public index instead.)
# [MEDIUM] src/platform/views/application/kernel-actions.ts -> @/db/runtime/schema/workflow (Deep import from src/db. Use public index instead.)
# [MEDIUM] src/platform/workflow-engine/infra/workflow.repository.ts -> @/db/runtime/schema/workflow (Deep import from src/db. Use public index instead.)
# [BASELINE] [BLOCKER] src/platform/workflows/application/kernel-actions.ts -> @/db (Runtime boundaries)
# [BASELINE] [BLOCKER] src/platform/workflows/application/kernel-actions.ts -> @/db/runtime/schema/workflow (Runtime boundaries)
# [BASELINE] [MEDIUM] src/platform/workflows/application/kernel-actions.ts -> @/db/runtime/schema/workflow (Deep import from src/db. Use public index instead.)
# [BASELINE] [BLOCKER] src/platform/workflows/infra/flow-runner-service.ts -> @/db (Runtime boundaries)
# [BASELINE] [BLOCKER] src/platform/workflows/infra/flow-runner-service.ts -> @/db/runtime/schema/workflow (Runtime boundaries)
# [BASELINE] [MEDIUM] src/platform/workflows/infra/flow-runner-service.ts -> @/db/runtime/schema/workflow (Deep import from src/db. Use public index instead.)
# [BASELINE] [BLOCKER] src/platform/workflows/infra/flow-runner-service.ts -> @/platform/events (Prohibited cycle: Runtime -> Events Service)
# [BASELINE] [BLOCKER] src/platform/workflows/infra/process-orchestrator.ts -> @/platform/events (Prohibited cycle: Runtime -> Events Service)
# [BASELINE] [BLOCKER] src/platform/workflows/runtime.ts -> @/db (Runtime boundaries)
# [BASELINE] [BLOCKER] src/platform/workflows/runtime.ts -> @/db/runtime/schema/workflow (Runtime boundaries)
# [BASELINE] [MEDIUM] src/platform/workflows/runtime.ts -> @/db/runtime/schema/workflow (Deep import from src/db. Use public index instead.)
# [MEDIUM] src/platform/workspace/application/kernel-actions.ts -> @/db/runtime/schema/workspace (Deep import from src/db. Use public index instead.)
# [MEDIUM] src/platform/workspace/application/kernel-actions.ts -> @/db/schema (Deep import from src/db. Use public index instead.)
# [MEDIUM] src/platform/workspace/resolve-workspace-context.ts -> @/db/runtime/schema/workspace (Deep import from src/db. Use public index instead.)
# [MEDIUM] src/platform/workspace/resolve-workspace-context.ts -> @/db/schema (Deep import from src/db. Use public index instead.)
# [MEDIUM] src/platform/workspaces/bootstrap.ts -> @/db/schema (Deep import from src/db. Use public index instead.)
# [MEDIUM] src/platform/workspaces/bootstrap.ts -> @/db/runtime/schema/workspace (Deep import from src/db. Use public index instead.)
# [MEDIUM] src/platform/workspaces/catalogs.ts -> @/db/schema (Deep import from src/db. Use public index instead.)
# [MEDIUM] src/scripts/ensure-platform-admin.ts -> @/db/legacy/schema (Deep import from src/db. Use public index instead.)
# [MEDIUM] src/scripts/golden-e2e/clean.ts -> ../../db/runtime/schema/identity (Deep import from src/db. Use public index instead.)
# [MEDIUM] src/scripts/golden-e2e/clean.ts -> ../../db/runtime/schema/workspace (Deep import from src/db. Use public index instead.)
# [MEDIUM] src/scripts/golden-e2e/clean.ts -> ../../db/platform/schema/registry (Deep import from src/db. Use public index instead.)
# [MEDIUM] src/scripts/golden-e2e/clean.ts -> ../../db/platform/schema/candidates (Deep import from src/db. Use public index instead.)
# [MEDIUM] src/scripts/golden-e2e/clean.ts -> ../../db/runtime/schema/workflow (Deep import from src/db. Use public index instead.)
# [MEDIUM] src/scripts/golden-e2e/clean.ts -> ../../db/legacy/schema (Deep import from src/db. Use public index instead.)
# [MEDIUM] src/scripts/golden-e2e/seed.ts -> ../../db/runtime/schema/identity (Deep import from src/db. Use public index instead.)
# [MEDIUM] src/scripts/golden-e2e/seed.ts -> ../../db/runtime/schema/workspace (Deep import from src/db. Use public index instead.)
# [MEDIUM] src/scripts/golden-e2e/seed.ts -> ../../db/platform/schema/registry (Deep import from src/db. Use public index instead.)
# [MEDIUM] src/scripts/golden-e2e/seed.ts -> ../../db/platform/schema/candidates (Deep import from src/db. Use public index instead.)
# [MEDIUM] src/scripts/golden-e2e/seed.ts -> ../../db/legacy/schema (Deep import from src/db. Use public index instead.)
# [MEDIUM] src/scripts/provision-modules.ts -> ../db/runtime/schema/workspace (Deep import from src/db. Use public index instead.)
# [MEDIUM] src/scripts/provision-modules.ts -> ../db/runtime/schema/workflow (Deep import from src/db. Use public index instead.)
# [MEDIUM] src/scripts/provision-modules.ts -> ../db/runtime/schema/identity (Deep import from src/db. Use public index instead.)
# [MEDIUM] src/scripts/verify-gateway.ts -> ../db/schema (Deep import from src/db. Use public index instead.)
# Subtest: Boundary Verifier Self-Tests
    # Subtest: detects Next.js in mapper
    ok 1 - detects Next.js in mapper
      ---
      duration_ms: 2.03524
      type: 'test'
      ...
    # Subtest: detects React in contract
    ok 2 - detects React in contract
      ---
      duration_ms: 0.460602
      type: 'test'
      ...
    # Subtest: detects database in canonical type
    ok 3 - detects database in canonical type
      ---
      duration_ms: 0.403209
      type: 'test'
      ...
    # Subtest: detects Events -> Runtime cycle
    ok 4 - detects Events -> Runtime cycle
      ---
      duration_ms: 0.2624
      type: 'test'
      ...
    # Subtest: detects Runtime -> Events Service cycle
    ok 5 - detects Runtime -> Events Service cycle
      ---
      duration_ms: 0.225133
      type: 'test'
      ...
    # Subtest: allows Runtime -> Events Types
    ok 6 - allows Runtime -> Events Types
      ---
      duration_ms: 0.292098
      type: 'test'
      ...
    # Subtest: detects Registry -> UI
    ok 7 - detects Registry -> UI
      ---
      duration_ms: 0.243673
      type: 'test'
      ...
    # Subtest: detects dangling from imports
    ok 8 - detects dangling from imports
      ---
      duration_ms: 0.328909
      type: 'test'
      ...
    # Subtest: detects deep import through public index
    ok 9 - detects deep import through public index
      ---
      duration_ms: 0.523438
      type: 'test'
      ...
    # Subtest: allows import through public index
    ok 10 - allows import through public index
      ---
      duration_ms: 0.285302
      type: 'test'
      ...
    # Subtest: Form Builder Persistence allows internal imports
    ok 11 - Form Builder Persistence allows internal imports
      ---
      duration_ms: 0.376141
      type: 'test'
      ...
    # Subtest: Form Builder Persistence rejects forbidden imports
    ok 12 - Form Builder Persistence rejects forbidden imports
      ---
      duration_ms: 0.310949
      type: 'test'
      ...
    # Subtest: Form Builder Persistence rejects external UI components
    ok 13 - Form Builder Persistence rejects external UI components
      ---
      duration_ms: 0.196422
      type: 'test'
      ...
    # Subtest: Form Builder Persistence rejects specific forbidden layers
        # Subtest: rejects Runtime (src/platform/workflows)
        ok 1 - rejects Runtime (src/platform/workflows)
          ---
          duration_ms: 0.2348
          type: 'test'
          ...
        # Subtest: rejects Events (src/platform/events)
        ok 2 - rejects Events (src/platform/events)
          ---
          duration_ms: 0.128223
          type: 'test'
          ...
        # Subtest: rejects App (src/app)
        ok 3 - rejects App (src/app)
          ---
          duration_ms: 0.099744
          type: 'test'
          ...
        # Subtest: rejects Next.js (next)
        ok 4 - rejects Next.js (next)
          ---
          duration_ms: 0.097267
          type: 'test'
          ...
        # Subtest: rejects React (react)
        ok 5 - rejects React (react)
          ---
          duration_ms: 0.120727
          type: 'test'
          ...
        1..5
    ok 14 - Form Builder Persistence rejects specific forbidden layers
      ---
      duration_ms: 1.255856
      type: 'test'
      ...
    1..14
ok 107 - Boundary Verifier Self-Tests
  ---
  duration_ms: 10.761949
  type: 'test'
  ...
# Subtest: Production Module Boundaries Audit
ok 108 - Production Module Boundaries Audit
  ---
  duration_ms: 145.05496
  type: 'test'
  ...
# Subtest: Notification Contracts and Pure Functions - PR Feedback
    # Subtest: Canonical Attempt Numbering
        # Subtest: first attempt should be number 1
        ok 1 - first attempt should be number 1
          ---
          duration_ms: 5.474758
          type: 'test'
          ...
        # Subtest: second attempt should be number 2
        ok 2 - second attempt should be number 2
          ---
          duration_ms: 0.858204
          type: 'test'
          ...
        # Subtest: should reject duplicate attempt number
        ok 3 - should reject duplicate attempt number
          ---
          duration_ms: 0.763255
          type: 'test'
          ...
        # Subtest: should reject skipped attempt number
        ok 4 - should reject skipped attempt number
          ---
          duration_ms: 0.236559
          type: 'test'
          ...
        # Subtest: should reject zero or negative attempt number
        ok 5 - should reject zero or negative attempt number
          ---
          duration_ms: 0.257232
          type: 'test'
          ...
        1..5
    ok 1 - Canonical Attempt Numbering
      ---
      duration_ms: 8.840971
      type: 'suite'
      ...
    # Subtest: State Transitions
        # Subtest: valid transition: pending -> queued -> processing -> delivered
        ok 1 - valid transition: pending -> queued -> processing -> delivered
          ---
          duration_ms: 1.207048
          type: 'test'
          ...
        # Subtest: valid transition: processing -> failed -> processing
        ok 2 - valid transition: processing -> failed -> processing
          ---
          duration_ms: 1.520127
          type: 'test'
          ...
        # Subtest: invalid transition: delivered -> processing
        ok 3 - invalid transition: delivered -> processing
          ---
          duration_ms: 0.745711
          type: 'test'
          ...
        # Subtest: invalid transition: cancelled -> delivered
        ok 4 - invalid transition: cancelled -> delivered
          ---
          duration_ms: 0.393297
          type: 'test'
          ...
        1..4
    ok 2 - State Transitions
      ---
      duration_ms: 4.575721
      type: 'suite'
      ...
    # Subtest: Identity and Metadata Preservation
        # Subtest: should preserve intentId, workspaceId and metadata across transitions
        ok 1 - should preserve intentId, workspaceId and metadata across transitions
          ---
          duration_ms: 1.271604
          type: 'test'
          ...
        1..1
    ok 3 - Identity and Metadata Preservation
      ---
      duration_ms: 1.382223
      type: 'suite'
      ...
    # Subtest: Failure and Delivered Constraints
        # Subtest: markNotificationFailed should reject if no attempt exists (Option A)
        ok 1 - markNotificationFailed should reject if no attempt exists (Option A)
          ---
          duration_ms: 0.249085
          type: 'test'
          ...
        # Subtest: markNotificationDelivered should update last attempt and preserve providerReference
        ok 2 - markNotificationDelivered should update last attempt and preserve providerReference
          ---
          duration_ms: 0.387455
          type: 'test'
          ...
        # Subtest: markNotificationDelivered should reject if last attempt was not processing
        ok 3 - markNotificationDelivered should reject if last attempt was not processing
          ---
          duration_ms: 0.261136
          type: 'test'
          ...
        1..3
    ok 4 - Failure and Delivered Constraints
      ---
      duration_ms: 1.130928
      type: 'suite'
      ...
    # Subtest: Immutability and Purity
        # Subtest: should work with frozen input and not mutate
        ok 1 - should work with frozen input and not mutate
          ---
          duration_ms: 0.434451
          type: 'test'
          ...
        1..1
    ok 5 - Immutability and Purity
      ---
      duration_ms: 0.537075
      type: 'suite'
      ...
    # Subtest: Failure Sanitization
        # Subtest: should reject failure containing secrets
        ok 1 - should reject failure containing secrets
          ---
          duration_ms: 1.266352
          type: 'test'
          ...
        # Subtest: should reject failure containing unknown forbidden fields (via logic or schema)
        ok 2 - should reject failure containing unknown forbidden fields (via logic or schema)
          ---
          duration_ms: 0.887332
          type: 'test'
          ...
        1..2
    ok 6 - Failure Sanitization
      ---
      duration_ms: 2.36545
      type: 'suite'
      ...
    1..6
ok 109 - Notification Contracts and Pure Functions - PR Feedback
  ---
  duration_ms: 19.90156
  type: 'suite'
  ...
# Subtest: PlatformErrorEnvelopeSchema
    # Subtest: should validate minimum valid envelope
    ok 1 - should validate minimum valid envelope
      ---
      duration_ms: 4.041445
      type: 'test'
      ...
    # Subtest: should validate full valid envelope
    ok 2 - should validate full valid envelope
      ---
      duration_ms: 2.891197
      type: 'test'
      ...
    # Subtest: should reject when mandatory field is missing
    ok 3 - should reject when mandatory field is missing
      ---
      duration_ms: 3.681585
      type: 'test'
      ...
    # Subtest: should reject invalid category
    ok 4 - should reject invalid category
      ---
      duration_ms: 0.462293
      type: 'test'
      ...
    # Subtest: should reject invalid severity
    ok 5 - should reject invalid severity
      ---
      duration_ms: 0.347915
      type: 'test'
      ...
    # Subtest: should validate correct code format
    ok 6 - should validate correct code format
      ---
      duration_ms: 0.361044
      type: 'test'
      ...
    # Subtest: should reject malformed code format
    ok 7 - should reject malformed code format
      ---
      duration_ms: 1.084419
      type: 'test'
      ...
    # Subtest: should reject invalid timestamp
    ok 8 - should reject invalid timestamp
      ---
      duration_ms: 0.585497
      type: 'test'
      ...
    # Subtest: should validate valid retry instruction
    ok 9 - should validate valid retry instruction
      ---
      duration_ms: 0.389666
      type: 'test'
      ...
    # Subtest: should reject negative afterSeconds in retry
    ok 10 - should reject negative afterSeconds in retry
      ---
      duration_ms: 0.506467
      type: 'test'
      ...
    # Subtest: should validate valid validation issues
    ok 11 - should validate valid validation issues
      ---
      duration_ms: 0.401412
      type: 'test'
      ...
    # Subtest: should validate valid details
    ok 12 - should validate valid details
      ---
      duration_ms: 0.337611
      type: 'test'
      ...
    # Subtest: should validate valid metadata
    ok 13 - should validate valid metadata
      ---
      duration_ms: 0.221975
      type: 'test'
      ...
    # Subtest: should reject unknown fields (strict)
    ok 14 - should reject unknown fields (strict)
      ---
      duration_ms: 0.304218
      type: 'test'
      ...
    # Subtest: should validate when correlationId, causationId, and requestId are valid strings
    ok 15 - should validate when correlationId, causationId, and requestId are valid strings
      ---
      duration_ms: 0.204808
      type: 'test'
      ...
    # Subtest: should reject when correlationId, causationId, or requestId are empty strings
    ok 16 - should reject when correlationId, causationId, or requestId are empty strings
      ---
      duration_ms: 0.76353
      type: 'test'
      ...
    # Subtest: should reject when correlationId, causationId, or requestId are invalid types
    ok 17 - should reject when correlationId, causationId, or requestId are invalid types
      ---
      duration_ms: 0.402048
      type: 'test'
      ...
    # Subtest: should support JSON serialization and re-validation
    ok 18 - should support JSON serialization and re-validation
      ---
      duration_ms: 0.654014
      type: 'test'
      ...
    # Subtest: should not use 'any' in production file
    ok 19 - should not use 'any' in production file
      ---
      duration_ms: 0.20806
      type: 'test'
      ...
    1..19
ok 110 - PlatformErrorEnvelopeSchema
  ---
  duration_ms: 21.894392
  type: 'test'
  ...
# Subtest: Platform Error Factory
    # Subtest: should create a minimal valid envelope
    ok 1 - should create a minimal valid envelope
      ---
      duration_ms: 5.269011
      type: 'test'
      ...
    # Subtest: should create a complete valid envelope
    ok 2 - should create a complete valid envelope
      ---
      duration_ms: 3.907234
      type: 'test'
      ...
    # Subtest: should ensure id comes from context
    ok 3 - should ensure id comes from context
      ---
      duration_ms: 0.577441
      type: 'test'
      ...
    # Subtest: should ensure timestamp comes from context
    ok 4 - should ensure timestamp comes from context
      ---
      duration_ms: 0.318901
      type: 'test'
      ...
    # Subtest: should propagate workspaceId from context
    ok 5 - should propagate workspaceId from context
      ---
      duration_ms: 0.308883
      type: 'test'
      ...
    # Subtest: should propagate correlationId from context
    ok 6 - should propagate correlationId from context
      ---
      duration_ms: 0.328195
      type: 'test'
      ...
    # Subtest: should propagate causationId from context
    ok 7 - should propagate causationId from context
      ---
      duration_ms: 0.39637
      type: 'test'
      ...
    # Subtest: should not create optional fields if absent in context
    ok 8 - should not create optional fields if absent in context
      ---
      duration_ms: 0.416877
      type: 'test'
      ...
    # Subtest: should be deterministic (same arguments generate identical result)
    ok 9 - should be deterministic (same arguments generate identical result)
      ---
      duration_ms: 0.809265
      type: 'test'
      ...
    # Subtest: should reject invalid input (missing required fields)
    ok 10 - should reject invalid input (missing required fields)
      ---
      duration_ms: 2.09277
      type: 'test'
      ...
    # Subtest: should reject invalid code format
    ok 11 - should reject invalid code format
      ---
      duration_ms: 0.61746
      type: 'test'
      ...
    # Subtest: should reject invalid category
    ok 12 - should reject invalid category
      ---
      duration_ms: 0.372925
      type: 'test'
      ...
    # Subtest: should reject invalid severity
    ok 13 - should reject invalid severity
      ---
      duration_ms: 0.487574
      type: 'test'
      ...
    # Subtest: should reject invalid timestamp in context
    ok 14 - should reject invalid timestamp in context
      ---
      duration_ms: 0.417645
      type: 'test'
      ...
    # Subtest: should preserve metadata
    ok 15 - should preserve metadata
      ---
      duration_ms: 0.544141
      type: 'test'
      ...
    # Subtest: should preserve validationIssues
    ok 16 - should preserve validationIssues
      ---
      duration_ms: 0.356744
      type: 'test'
      ...
    # Subtest: should preserve retry instructions
    ok 17 - should preserve retry instructions
      ---
      duration_ms: 0.573639
      type: 'test'
      ...
    # Subtest: should reject unknown fields in input via schema strictness
    ok 18 - should reject unknown fields in input via schema strictness
      ---
      duration_ms: 0.4307
      type: 'test'
      ...
    # Subtest: should work with frozen input
    ok 19 - should work with frozen input
      ---
      duration_ms: 0.267926
      type: 'test'
      ...
    # Subtest: should work with frozen context
    ok 20 - should work with frozen context
      ---
      duration_ms: 0.27156
      type: 'test'
      ...
    # Subtest: should not mutate input
    ok 21 - should not mutate input
      ---
      duration_ms: 0.196264
      type: 'test'
      ...
    # Subtest: should not mutate context
    ok 22 - should not mutate context
      ---
      duration_ms: 0.194775
      type: 'test'
      ...
    # Subtest: should return a frozen object
    ok 23 - should return a frozen object
      ---
      duration_ms: 0.187946
      type: 'test'
      ...
    1..23
ok 111 - Platform Error Factory
  ---
  duration_ms: 21.926625
  type: 'suite'
  ...
# Subtest: Platform Error HTTP Mapping
    # Subtest: mapPlatformErrorToHttpStatus
        # Subtest: should map validation to 400
        ok 1 - should map validation to 400
          ---
          duration_ms: 1.288657
          type: 'test'
          ...
        # Subtest: should map domain to 400
        ok 2 - should map domain to 400
          ---
          duration_ms: 0.302306
          type: 'test'
          ...
        # Subtest: should map authentication to 401
        ok 3 - should map authentication to 401
          ---
          duration_ms: 0.303983
          type: 'test'
          ...
        # Subtest: should map authorization to 403
        ok 4 - should map authorization to 403
          ---
          duration_ms: 0.127097
          type: 'test'
          ...
        # Subtest: should map not_found to 404
        ok 5 - should map not_found to 404
          ---
          duration_ms: 0.139924
          type: 'test'
          ...
        # Subtest: should map conflict to 409
        ok 6 - should map conflict to 409
          ---
          duration_ms: 0.113121
          type: 'test'
          ...
        # Subtest: should map rate_limit to 429
        ok 7 - should map rate_limit to 429
          ---
          duration_ms: 0.228159
          type: 'test'
          ...
        # Subtest: should map integration to 502
        ok 8 - should map integration to 502
          ---
          duration_ms: 0.121179
          type: 'test'
          ...
        # Subtest: should map infrastructure to 503
        ok 9 - should map infrastructure to 503
          ---
          duration_ms: 0.28311
          type: 'test'
          ...
        # Subtest: should map timeout to 504
        ok 10 - should map timeout to 504
          ---
          duration_ms: 0.48243
          type: 'test'
          ...
        # Subtest: should map unexpected to 500
        ok 11 - should map unexpected to 500
          ---
          duration_ms: 0.124544
          type: 'test'
          ...
        # Subtest: should map null to 500
        ok 12 - should map null to 500
          ---
          duration_ms: 0.13169
          type: 'test'
          ...
        # Subtest: should map undefined to 500
        ok 13 - should map undefined to 500
          ---
          duration_ms: 0.110678
          type: 'test'
          ...
        # Subtest: should map unknown category to 500
        ok 14 - should map unknown category to 500
          ---
          duration_ms: 0.125299
          type: 'test'
          ...
        # Subtest: should map empty object error to 500
        ok 15 - should map empty object error to 500
          ---
          duration_ms: 0.174154
          type: 'test'
          ...
        1..15
    ok 1 - mapPlatformErrorToHttpStatus
      ---
      duration_ms: 5.795436
      type: 'suite'
      ...
    # Subtest: toPlatformErrorHttpBody
        # Subtest: should redact message for unexpected error
        ok 1 - should redact message for unexpected error
          ---
          duration_ms: 0.486175
          type: 'test'
          ...
        # Subtest: should redact message for authentication error
        ok 2 - should redact message for authentication error
          ---
          duration_ms: 0.165065
          type: 'test'
          ...
        # Subtest: should expose message for validation error
        ok 3 - should expose message for validation error
          ---
          duration_ms: 0.127413
          type: 'test'
          ...
        # Subtest: should prefer userMessage for validation error if present
        ok 4 - should prefer userMessage for validation error if present
          ---
          duration_ms: 0.140931
          type: 'test'
          ...
        # Subtest: should preserve correlationId
        ok 5 - should preserve correlationId
          ---
          duration_ms: 0.231083
          type: 'test'
          ...
        # Subtest: should handle missing correlationId
        ok 6 - should handle missing correlationId
          ---
          duration_ms: 0.181616
          type: 'test'
          ...
        # Subtest: should preserve retryable from retry instruction
        ok 7 - should preserve retryable from retry instruction
          ---
          duration_ms: 0.199301
          type: 'test'
          ...
        # Subtest: should omit retryable when retry instruction is absent
        ok 8 - should omit retryable when retry instruction is absent
          ---
          duration_ms: 0.131736
          type: 'test'
          ...
        # Subtest: should preserve false when retryable is false
        ok 9 - should preserve false when retryable is false
          ---
          duration_ms: 0.125645
          type: 'test'
          ...
        # Subtest: should map null to unexpected fallback body
        ok 10 - should map null to unexpected fallback body
          ---
          duration_ms: 0.21754
          type: 'test'
          ...
        # Subtest: should map undefined to unexpected fallback body
        ok 11 - should map undefined to unexpected fallback body
          ---
          duration_ms: 0.121153
          type: 'test'
          ...
        # Subtest: should map empty object error to unexpected fallback body
        ok 12 - should map empty object error to unexpected fallback body
          ---
          duration_ms: 0.109289
          type: 'test'
          ...
        # Subtest: should not include sensitive fields (details, source, validationIssues)
        ok 13 - should not include sensitive fields (details, source, validationIssues)
          ---
          duration_ms: 0.25001
          type: 'test'
          ...
        1..13
    ok 2 - toPlatformErrorHttpBody
      ---
      duration_ms: 5.317467
      type: 'suite'
      ...
    # Subtest: toPlatformErrorHttpResponse
        # Subtest: should combine status and body
        ok 1 - should combine status and body
          ---
          duration_ms: 0.186538
          type: 'test'
          ...
        1..1
    ok 3 - toPlatformErrorHttpResponse
      ---
      duration_ms: 0.317976
      type: 'suite'
      ...
    # Subtest: Purity and Immutability
        # Subtest: should not mutate the input error
        ok 1 - should not mutate the input error
          ---
          duration_ms: 0.305578
          type: 'test'
          ...
        # Subtest: should be deterministic
        ok 2 - should be deterministic
          ---
          duration_ms: 0.918112
          type: 'test'
          ...
        1..2
    ok 4 - Purity and Immutability
      ---
      duration_ms: 1.44216
      type: 'suite'
      ...
    1..4
ok 112 - Platform Error HTTP Mapping
  ---
  duration_ms: 13.754945
  type: 'suite'
  ...
# Subtest: Platform Error Next.js Adapter
    # Subtest: toNextPlatformErrorResponse
        # Subtest: should return 400 for validation error
        ok 1 - should return 400 for validation error
          ---
          duration_ms: 6.460815
          type: 'test'
          ...
        # Subtest: should return 500 for unexpected error and redact message
        ok 2 - should return 500 for unexpected error and redact message
          ---
          duration_ms: 0.89365
          type: 'test'
          ...
        # Subtest: should include X-Correlation-Id header if present
        ok 3 - should include X-Correlation-Id header if present
          ---
          duration_ms: 0.638313
          type: 'test'
          ...
        # Subtest: should NOT include X-Correlation-Id header if it contains CRLF
        ok 4 - should NOT include X-Correlation-Id header if it contains CRLF
          ---
          duration_ms: 0.972308
          type: 'test'
          ...
        # Subtest: should NOT include X-Correlation-Id header if absent
        ok 5 - should NOT include X-Correlation-Id header if absent
          ---
          duration_ms: 0.7925
          type: 'test'
          ...
        # Subtest: should preserve retryable in body
        ok 6 - should preserve retryable in body
          ---
          duration_ms: 0.62784
          type: 'test'
          ...
        # Subtest: should NOT include internal details in body
        ok 7 - should NOT include internal details in body
          ---
          duration_ms: 0.713903
          type: 'test'
          ...
        # Subtest: should map all error categories to correct HTTP statuses and include category in body
        ok 8 - should map all error categories to correct HTTP statuses and include category in body
          ---
          duration_ms: 4.330953
          type: 'test'
          ...
        1..8
    ok 1 - toNextPlatformErrorResponse
      ---
      duration_ms: 21.471944
      type: 'suite'
      ...
    # Subtest: toNextUnknownErrorResponse
        # Subtest: should handle Error object
        ok 1 - should handle Error object
          ---
          duration_ms: 4.839569
          type: 'test'
          ...
        # Subtest: should handle string input
        ok 2 - should handle string input
          ---
          duration_ms: 1.184932
          type: 'test'
          ...
        # Subtest: should handle null input
        ok 3 - should handle null input
          ---
          duration_ms: 0.635502
          type: 'test'
          ...
        # Subtest: should handle hostile object with getter that throws
        ok 4 - should handle hostile object with getter that throws
          ---
          duration_ms: 0.616218
          type: 'test'
          ...
        # Subtest: should handle number input
        ok 5 - should handle number input
          ---
          duration_ms: 0.450652
          type: 'test'
          ...
        # Subtest: should handle revoked proxy
        ok 6 - should handle revoked proxy
          ---
          duration_ms: 0.686887
          type: 'test'
          ...
        1..6
    ok 2 - toNextUnknownErrorResponse
      ---
      duration_ms: 8.794157
      type: 'suite'
      ...
    1..2
ok 113 - Platform Error Next.js Adapter
  ---
  duration_ms: 31.083554
  type: 'suite'
  ...
# Subtest: sanitizeUnknownError: Basics
    # Subtest: Standard Error
    ok 1 - Standard Error
      ---
      duration_ms: 1.491638
      type: 'test'
      ...
    # Subtest: TypeError
    ok 2 - TypeError
      ---
      duration_ms: 0.324709
      type: 'test'
      ...
    # Subtest: String
    ok 3 - String
      ---
      duration_ms: 1.097727
      type: 'test'
      ...
    # Subtest: Number
    ok 4 - Number
      ---
      duration_ms: 0.311925
      type: 'test'
      ...
    # Subtest: Boolean
    ok 5 - Boolean
      ---
      duration_ms: 0.201575
      type: 'test'
      ...
    # Subtest: Null and Undefined
    ok 6 - Null and Undefined
      ---
      duration_ms: 0.255553
      type: 'test'
      ...
    # Subtest: BigInt
    ok 7 - BigInt
      ---
      duration_ms: 0.282847
      type: 'test'
      ...
    # Subtest: Symbol
    ok 8 - Symbol
      ---
      duration_ms: 0.304697
      type: 'test'
      ...
    # Subtest: Function
    ok 9 - Function
      ---
      duration_ms: 0.428472
      type: 'test'
      ...
    # Subtest: Simple object with message
    ok 10 - Simple object with message
      ---
      duration_ms: 0.275241
      type: 'test'
      ...
    # Subtest: Object with name and code
    ok 11 - Object with name and code
      ---
      duration_ms: 0.324791
      type: 'test'
      ...
    1..11
ok 114 - sanitizeUnknownError: Basics
  ---
  duration_ms: 8.072554
  type: 'test'
  ...
# Subtest: sanitizeUnknownError: Security
    # Subtest: stack is not included
    ok 1 - stack is not included
      ---
      duration_ms: 0.253298
      type: 'test'
      ...
    # Subtest: redacts sensitive keys in metadata
    ok 2 - redacts sensitive keys in metadata
      ---
      duration_ms: 0.364327
      type: 'test'
      ...
    # Subtest: redacts sensitive keys regardless of case
    ok 3 - redacts sensitive keys regardless of case
      ---
      duration_ms: 0.272454
      type: 'test'
      ...
    # Subtest: does not execute getters
    ok 4 - does not execute getters
      ---
      duration_ms: 0.2824
      type: 'test'
      ...
    # Subtest: getter that throws does not crash
    ok 5 - getter that throws does not crash
      ---
      duration_ms: 0.220378
      type: 'test'
      ...
    # Subtest: Revoked Proxy does not crash
    ok 6 - Revoked Proxy does not crash
      ---
      duration_ms: 1.742518
      type: 'test'
      ...
    # Subtest: Hostile toString does not crash
    ok 7 - Hostile toString does not crash
      ---
      duration_ms: 0.193017
      type: 'test'
      ...
    # Subtest: Hostile Symbol.toPrimitive does not crash
    ok 8 - Hostile Symbol.toPrimitive does not crash
      ---
      duration_ms: 0.157203
      type: 'test'
      ...
    # Subtest: hostile Error name/message getters are not executed
    ok 9 - hostile Error name/message getters are not executed
      ---
      duration_ms: 0.280367
      type: 'test'
      ...
    # Subtest: Error subclass with prototype data property 'name' is not trusted
    ok 10 - Error subclass with prototype data property 'name' is not trusted
      ---
      duration_ms: 0.216646
      type: 'test'
      ...
    # Subtest: own string 'name' is preserved
    ok 11 - own string 'name' is preserved
      ---
      duration_ms: 0.156873
      type: 'test'
      ...
    # Subtest: own accessor 'name' is not executed and falls back to 'Error'
    ok 12 - own accessor 'name' is not executed and falls back to 'Error'
      ---
      duration_ms: 0.192804
      type: 'test'
      ...
    # Subtest: hostile object as name/message is handled
    ok 13 - hostile object as name/message is handled
      ---
      duration_ms: 0.273797
      type: 'test'
      ...
    # Subtest: redacts secret-bearing (like) keys
    ok 14 - redacts secret-bearing (like) keys
      ---
      duration_ms: 0.171519
      type: 'test'
      ...
    1..14
ok 115 - sanitizeUnknownError: Security
  ---
  duration_ms: 6.040483
  type: 'test'
  ...
# Subtest: sanitizeUnknownError: Structures
    # Subtest: array in metadata is sanitized
    ok 1 - array in metadata is sanitized
      ---
      duration_ms: 0.28643
      type: 'test'
      ...
    # Subtest: array truncation
    ok 2 - array truncation
      ---
      duration_ms: 0.210666
      type: 'test'
      ...
    # Subtest: object property truncation
    ok 3 - object property truncation
      ---
      duration_ms: 0.460593
      type: 'test'
      ...
    # Subtest: string truncation
    ok 4 - string truncation
      ---
      duration_ms: 0.284394
      type: 'test'
      ...
    # Subtest: depth truncation
    ok 5 - depth truncation
      ---
      duration_ms: 0.187994
      type: 'test'
      ...
    # Subtest: direct circular reference
    ok 6 - direct circular reference
      ---
      duration_ms: 0.157241
      type: 'test'
      ...
    # Subtest: indirect circular reference
    ok 7 - indirect circular reference
      ---
      duration_ms: 0.144465
      type: 'test'
      ...
    # Subtest: shared reference without cycle
    ok 8 - shared reference without cycle
      ---
      duration_ms: 0.21574
      type: 'test'
      ...
    # Subtest: null prototype object
    ok 9 - null prototype object
      ---
      duration_ms: 0.131327
      type: 'test'
      ...
    # Subtest: cause Error sanitized
    ok 10 - cause Error sanitized
      ---
      duration_ms: 0.17479
      type: 'test'
      ...
    # Subtest: array accessor is not executed and position is preserved
    ok 11 - array accessor is not executed and position is preserved
      ---
      duration_ms: 0.214867
      type: 'test'
      ...
    # Subtest: Proxy that throws from getOwnPropertyDescriptor on array
    ok 12 - Proxy that throws from getOwnPropertyDescriptor on array
      ---
      duration_ms: 0.260795
      type: 'test'
      ...
    # Subtest: sparse array handling (holes)
    ok 13 - sparse array handling (holes)
      ---
      duration_ms: 0.162252
      type: 'test'
      ...
    # Subtest: nested arrays respect depth-5 truncation
    ok 14 - nested arrays respect depth-5 truncation
      ---
      duration_ms: 0.180654
      type: 'test'
      ...
    1..14
ok 116 - sanitizeUnknownError: Structures
  ---
  duration_ms: 4.098009
  type: 'test'
  ...
# Subtest: sanitizeUnknownError: Special Types
    # Subtest: Date valid
    ok 1 - Date valid
      ---
      duration_ms: 0.463077
      type: 'test'
      ...
    # Subtest: Date invalid
    ok 2 - Date invalid
      ---
      duration_ms: 0.151531
      type: 'test'
      ...
    # Subtest: RegExp
    ok 3 - RegExp
      ---
      duration_ms: 0.181405
      type: 'test'
      ...
    # Subtest: URL
    ok 4 - URL
      ---
      duration_ms: 0.157622
      type: 'test'
      ...
    # Subtest: Unsupported types
    ok 5 - Unsupported types
      ---
      duration_ms: 0.218923
      type: 'test'
      ...
    # Subtest: Custom class
    ok 6 - Custom class
      ---
      duration_ms: 0.202194
      type: 'test'
      ...
    1..6
ok 117 - sanitizeUnknownError: Special Types
  ---
  duration_ms: 2.025773
  type: 'test'
  ...
# Subtest: sanitizeUnknownError: Contract
    # Subtest: only allowlist on root
    ok 1 - only allowlist on root
      ---
      duration_ms: 0.286637
      type: 'test'
      ...
    # Subtest: input not mutated
    ok 2 - input not mutated
      ---
      duration_ms: 0.137282
      type: 'test'
      ...
    # Subtest: works with frozen objects
    ok 3 - works with frozen objects
      ---
      duration_ms: 0.126969
      type: 'test'
      ...
    1..3
ok 118 - sanitizeUnknownError: Contract
  ---
  duration_ms: 0.841269
  type: 'test'
  ...
# Subtest: serializePlatformError - minimal envelope
ok 119 - serializePlatformError - minimal envelope
  ---
  duration_ms: 9.039162
  type: 'test'
  ...
# Subtest: serializePlatformError - deterministic sorting
ok 120 - serializePlatformError - deterministic sorting
  ---
  duration_ms: 1.067715
  type: 'test'
  ...
# Subtest: serializePlatformError - arrays preserve order
ok 121 - serializePlatformError - arrays preserve order
  ---
  duration_ms: 1.179504
  type: 'test'
  ...
# Subtest: serializePlatformError - input not mutated
ok 122 - serializePlatformError - input not mutated
  ---
  duration_ms: 0.479785
  type: 'test'
  ...
# Subtest: serializePlatformError - rejects symbols and functions
ok 123 - serializePlatformError - rejects symbols and functions
  ---
  duration_ms: 0.927304
  type: 'test'
  ...
# Subtest: deserializePlatformError - valid round trip
ok 124 - deserializePlatformError - valid round trip
  ---
  duration_ms: 2.294171
  type: 'test'
  ...
# Subtest: deserializePlatformError - reject invalid JSON
ok 125 - deserializePlatformError - reject invalid JSON
  ---
  duration_ms: 0.650465
  type: 'test'
  ...
# Subtest: deserializePlatformError - reject non-object root
ok 126 - deserializePlatformError - reject non-object root
  ---
  duration_ms: 0.274278
  type: 'test'
  ...
# Subtest: deserializePlatformError - reject missing required fields
ok 127 - deserializePlatformError - reject missing required fields
  ---
  duration_ms: 1.525105
  type: 'test'
  ...
# Subtest: deserializePlatformError - reject unknown fields (strict)
ok 128 - deserializePlatformError - reject unknown fields (strict)
  ---
  duration_ms: 0.852074
  type: 'test'
  ...
# Subtest: Explicit Unsafe Key Rejection - Deserialization
ok 129 - Explicit Unsafe Key Rejection - Deserialization
  ---
  duration_ms: 0.923326
  type: 'test'
  ...
# Subtest: Explicit Unsafe Key Rejection - Serialization
ok 130 - Explicit Unsafe Key Rejection - Serialization
  ---
  duration_ms: 0.400792
  type: 'test'
  ...
# Subtest: tryDeserializePlatformError - success
ok 131 - tryDeserializePlatformError - success
  ---
  duration_ms: 0.328129
  type: 'test'
  ...
# Subtest: tryDeserializePlatformError - fail
ok 132 - tryDeserializePlatformError - fail
  ---
  duration_ms: 0.410292
  type: 'test'
  ...
# Subtest: deeply nested payload
ok 133 - deeply nested payload
  ---
  duration_ms: 0.383025
  type: 'test'
  ...
# Subtest: integration with sanitizeUnknownError
ok 134 - integration with sanitizeUnknownError
  ---
  duration_ms: 0.849288
  type: 'test'
  ...
# Subtest: no field is silently removed during round trip
ok 135 - no field is silently removed during round trip
  ---
  duration_ms: 0.44562
  type: 'test'
  ...
# Subtest: Roundtrip preserves code/message/status
ok 136 - Roundtrip preserves code/message/status
  ---
  duration_ms: 0.23345
  type: 'test'
  ...
# Subtest: Unknown details remain safe
ok 137 - Unknown details remain safe
  ---
  duration_ms: 0.451045
  type: 'test'
  ...
# Subtest: busca candidatos por nome sem diferenciar maiúsculas
ok 138 - busca candidatos por nome sem diferenciar maiúsculas
  ---
  duration_ms: 2.375159
  type: 'test'
  ...
# Subtest: busca candidatos por descrição
ok 139 - busca candidatos por descrição
  ---
  duration_ms: 0.239035
  type: 'test'
  ...
# Subtest: combina busca e filtro por status
ok 140 - combina busca e filtro por status
  ---
  duration_ms: 0.18183
  type: 'test'
  ...
# Subtest: limpa a seleção quando o candidato não está no resultado filtrado
ok 141 - limpa a seleção quando o candidato não está no resultado filtrado
  ---
  duration_ms: 0.422091
  type: 'test'
  ...
# Subtest: service exige workspace e encaminha isolamento ao repository
ok 142 - service exige workspace e encaminha isolamento ao repository
  ---
  duration_ms: 0.865868
  type: 'test'
  ...
# Subtest: Humano autorizado aprova candidato revisável
ok 143 - Humano autorizado aprova candidato revisável
  ---
  duration_ms: 0.509397
  type: 'test'
  ...
# Subtest: Humano autorizado rejeita candidato revisável
ok 144 - Humano autorizado rejeita candidato revisável
  ---
  duration_ms: 0.481885
  type: 'test'
  ...
# Subtest: Agente não pode aprovar
ok 145 - Agente não pode aprovar
  ---
  duration_ms: 0.323498
  type: 'test'
  ...
# Subtest: Integração ou sistema não pode aprovar
ok 146 - Integração ou sistema não pode aprovar
  ---
  duration_ms: 0.601566
  type: 'test'
  ...
# Subtest: Humano sem permissão não pode aprovar
ok 147 - Humano sem permissão não pode aprovar
  ---
  duration_ms: 0.759622
  type: 'test'
  ...
# Subtest: Justificativa vazia é rejeitada
ok 148 - Justificativa vazia é rejeitada
  ---
  duration_ms: 0.352639
  type: 'test'
  ...
# Subtest: Candidato inexistente é rejeitado
ok 149 - Candidato inexistente é rejeitado
  ---
  duration_ms: 3.644165
  type: 'test'
  ...
# Subtest: Workspace divergente é rejeitado
ok 150 - Workspace divergente é rejeitado
  ---
  duration_ms: 0.308422
  type: 'test'
  ...
# Subtest: Candidato publicado não pode ser revisado
ok 151 - Candidato publicado não pode ser revisado
  ---
  duration_ms: 0.346629
  type: 'test'
  ...
# Subtest: Falha de autorização preserva o status anterior
ok 152 - Falha de autorização preserva o status anterior
  ---
  duration_ms: 0.315429
  type: 'test'
  ...
# Subtest: Atualização concorrente ou status anterior divergente não sobrescreve decisão
ok 153 - Atualização concorrente ou status anterior divergente não sobrescreve decisão
  ---
  duration_ms: 0.299305
  type: 'test'
  ...
# Subtest: O serviço encaminha reviewerId, workspaceId e justificativa normalizada corretamente
ok 154 - O serviço encaminha reviewerId, workspaceId e justificativa normalizada corretamente
  ---
  duration_ms: 0.323276
  type: 'test'
  ...
# Subtest: ProcessVersionSchema - Integrated Graph
    # Subtest: should accept valid version with nodes and edges
    ok 1 - should accept valid version with nodes and edges
      ---
      duration_ms: 8.252989
      type: 'test'
      ...
    # Subtest: should reject duplicate node IDs
    ok 2 - should reject duplicate node IDs
      ---
      duration_ms: 1.336831
      type: 'test'
      ...
    # Subtest: should reject duplicate edge IDs
    ok 3 - should reject duplicate edge IDs
      ---
      duration_ms: 0.692706
      type: 'test'
      ...
    # Subtest: should reject edges with non-existent sourceNodeId
    ok 4 - should reject edges with non-existent sourceNodeId
      ---
      duration_ms: 0.727504
      type: 'test'
      ...
    # Subtest: should reject edges with non-existent targetNodeId
    ok 5 - should reject edges with non-existent targetNodeId
      ---
      duration_ms: 0.546481
      type: 'test'
      ...
    # Subtest: should return frozen object
    ok 6 - should return frozen object
      ---
      duration_ms: 0.370777
      type: 'test'
      ...
    1..6
ok 155 - ProcessVersionSchema - Integrated Graph
  ---
  duration_ms: 13.645353
  type: 'suite'
  ...
# Subtest: PublicationResultEnvelopeSchema
    # Subtest: should accept valid success response
    ok 1 - should accept valid success response
      ---
      duration_ms: 1.302612
      type: 'test'
      ...
    # Subtest: should accept valid error response
    ok 2 - should accept valid error response
      ---
      duration_ms: 0.960158
      type: 'test'
      ...
    # Subtest: should reject success response with missing data
    ok 3 - should reject success response with missing data
      ---
      duration_ms: 0.667854
      type: 'test'
      ...
    # Subtest: should reject error response with missing error details
    ok 4 - should reject error response with missing error details
      ---
      duration_ms: 0.505749
      type: 'test'
      ...
    # Subtest: should reject success response with extra fields
    ok 5 - should reject success response with extra fields
      ---
      duration_ms: 0.557601
      type: 'test'
      ...
    # Subtest: should reject error response with extra fields
    ok 6 - should reject error response with extra fields
      ---
      duration_ms: 0.25467
      type: 'test'
      ...
    # Subtest: should reject non-published status in success response
    ok 7 - should reject non-published status in success response
      ---
      duration_ms: 0.367937
      type: 'test'
      ...
    1..7
ok 156 - PublicationResultEnvelopeSchema
  ---
  duration_ms: 5.372886
  type: 'suite'
  ...
# Subtest: ProcessDefinitionEnvelopeSchema
    # Subtest: should accept valid envelope
    ok 1 - should accept valid envelope
      ---
      duration_ms: 1.898583
      type: 'test'
      ...
    # Subtest: should reject unknown fields in envelope
    ok 2 - should reject unknown fields in envelope
      ---
      duration_ms: 0.490254
      type: 'test'
      ...
    1..2
ok 157 - ProcessDefinitionEnvelopeSchema
  ---
  duration_ms: 2.539812
  type: 'suite'
  ...
# Subtest: ProcessDefinitionKeyContract
    # Subtest: valid key: minimum length (3)
    ok 1 - valid key: minimum length (3)
      ---
      duration_ms: 2.026951
      type: 'test'
      ...
    # Subtest: valid key: common
    ok 2 - valid key: common
      ---
      duration_ms: 0.42133
      type: 'test'
      ...
    # Subtest: valid key: with numbers
    ok 3 - valid key: with numbers
      ---
      duration_ms: 0.205287
      type: 'test'
      ...
    # Subtest: invalid key: uppercase rejected
    ok 4 - invalid key: uppercase rejected
      ---
      duration_ms: 0.998819
      type: 'test'
      ...
    # Subtest: invalid key: underscore rejected
    ok 5 - invalid key: underscore rejected
      ---
      duration_ms: 0.26517
      type: 'test'
      ...
    # Subtest: invalid key: space rejected
    ok 6 - invalid key: space rejected
      ---
      duration_ms: 0.415531
      type: 'test'
      ...
    # Subtest: invalid key: hyphen initial rejected
    ok 7 - invalid key: hyphen initial rejected
      ---
      duration_ms: 0.283675
      type: 'test'
      ...
    # Subtest: invalid key: hyphen final rejected
    ok 8 - invalid key: hyphen final rejected
      ---
      duration_ms: 0.392722
      type: 'test'
      ...
    # Subtest: invalid key: consecutive hyphens rejected
    ok 9 - invalid key: consecutive hyphens rejected
      ---
      duration_ms: 0.408326
      type: 'test'
      ...
    # Subtest: invalid key: less than 3 characters rejected
    ok 10 - invalid key: less than 3 characters rejected
      ---
      duration_ms: 0.72002
      type: 'test'
      ...
    # Subtest: invalid key: more than 100 characters rejected
    ok 11 - invalid key: more than 100 characters rejected
      ---
      duration_ms: 0.308914
      type: 'test'
      ...
    # Subtest: ProcessDefinitionSchema continues using the contract
    ok 12 - ProcessDefinitionSchema continues using the contract
      ---
      duration_ms: 3.45882
      type: 'test'
      ...
    # Subtest: ProcessNodeSchema continues using the contract
    ok 13 - ProcessNodeSchema continues using the contract
      ---
      duration_ms: 2.264248
      type: 'test'
      ...
    # Subtest: subprocessDefinitionKey continues using the contract
    ok 14 - subprocessDefinitionKey continues using the contract
      ---
      duration_ms: 0.533163
      type: 'test'
      ...
    # Subtest: joint import does not fail (circularity check)
    ok 15 - joint import does not fail (circularity check)
      ---
      duration_ms: 34.572564
      type: 'test'
      ...
    # Subtest: exports publically available through index
    ok 16 - exports publically available through index
      ---
      duration_ms: 16.857485
      type: 'test'
      ...
    1..16
ok 158 - ProcessDefinitionKeyContract
  ---
  duration_ms: 66.485671
  type: 'suite'
  ...
# Subtest: createProcessKeyFromName
    # Subtest: generates valid key for normal name
    ok 1 - generates valid key for normal name
      ---
      duration_ms: 2.522142
      type: 'test'
      ...
    # Subtest: generates valid key for name with numbers at the start
    ok 2 - generates valid key for name with numbers at the start
      ---
      duration_ms: 0.813105
      type: 'test'
      ...
    # Subtest: generates valid key for name consisting only of numbers
    ok 3 - generates valid key for name consisting only of numbers
      ---
      duration_ms: 0.272601
      type: 'test'
      ...
    # Subtest: generates valid key for empty string
    ok 4 - generates valid key for empty string
      ---
      duration_ms: 0.23913
      type: 'test'
      ...
    # Subtest: generates valid key for name with only special characters
    ok 5 - generates valid key for name with only special characters
      ---
      duration_ms: 0.267032
      type: 'test'
      ...
    # Subtest: generates valid key for single character
    ok 6 - generates valid key for single character
      ---
      duration_ms: 0.236217
      type: 'test'
      ...
    # Subtest: generates valid key for name longer than 100 characters
    ok 7 - generates valid key for name longer than 100 characters
      ---
      duration_ms: 0.453924
      type: 'test'
      ...
    # Subtest: generates valid key for name with multiple consecutive hyphens or spaces
    ok 8 - generates valid key for name with multiple consecutive hyphens or spaces
      ---
      duration_ms: 0.370462
      type: 'test'
      ...
    # Subtest: generates valid key for name with spaces
    ok 9 - generates valid key for name with spaces
      ---
      duration_ms: 0.52811
      type: 'test'
      ...
    # Subtest: generates valid key for name with leading and trailing hyphens
    ok 10 - generates valid key for name with leading and trailing hyphens
      ---
      duration_ms: 0.5612
      type: 'test'
      ...
    1..10
ok 159 - createProcessKeyFromName
  ---
  duration_ms: 8.443104
  type: 'suite'
  ...
# Subtest: ProcessDefinition - minimum valid
ok 160 - ProcessDefinition - minimum valid
  ---
  duration_ms: 4.961693
  type: 'test'
  ...
# Subtest: ProcessDefinition - complete valid
ok 161 - ProcessDefinition - complete valid
  ---
  duration_ms: 1.52999
  type: 'test'
  ...
# Subtest: ProcessDefinition - required field missing
ok 162 - ProcessDefinition - required field missing
  ---
  duration_ms: 0.971013
  type: 'test'
  ...
# Subtest: ProcessDefinition - unknown field rejected
ok 163 - ProcessDefinition - unknown field rejected
  ---
  duration_ms: 0.480685
  type: 'test'
  ...
# Subtest: ProcessDefinition - key validation
ok 164 - ProcessDefinition - key validation
  ---
  duration_ms: 1.040282
  type: 'test'
  ...
# Subtest: ProcessDefinition - name constraints
ok 165 - ProcessDefinition - name constraints
  ---
  duration_ms: 0.636671
  type: 'test'
  ...
# Subtest: ProcessDefinition - description constraints
ok 166 - ProcessDefinition - description constraints
  ---
  duration_ms: 0.326048
  type: 'test'
  ...
# Subtest: ProcessDefinition - status invalid
ok 167 - ProcessDefinition - status invalid
  ---
  duration_ms: 0.326384
  type: 'test'
  ...
# Subtest: ProcessDefinition - isActive rejected
ok 168 - ProcessDefinition - isActive rejected
  ---
  duration_ms: 0.698958
  type: 'test'
  ...
# Subtest: ProcessVersion - minimum draft valid
ok 169 - ProcessVersion - minimum draft valid
  ---
  duration_ms: 2.314311
  type: 'test'
  ...
# Subtest: ProcessVersion - published valid
ok 170 - ProcessVersion - published valid
  ---
  duration_ms: 0.295375
  type: 'test'
  ...
# Subtest: ProcessVersion - published missing publishedAt rejected
ok 171 - ProcessVersion - published missing publishedAt rejected
  ---
  duration_ms: 0.482179
  type: 'test'
  ...
# Subtest: ProcessVersion - published missing publishedById rejected
ok 172 - ProcessVersion - published missing publishedById rejected
  ---
  duration_ms: 0.314008
  type: 'test'
  ...
# Subtest: ProcessVersion - version validation
ok 173 - ProcessVersion - version validation
  ---
  duration_ms: 0.507642
  type: 'test'
  ...
# Subtest: ProcessVersion - definition validation
ok 174 - ProcessVersion - definition validation
  ---
  duration_ms: 2.318856
  type: 'test'
  ...
# Subtest: ProcessVersion - metadata valid
ok 175 - ProcessVersion - metadata valid
  ---
  duration_ms: 0.343466
  type: 'test'
  ...
# Subtest: ProcessVersion - timestamps invalid
ok 176 - ProcessVersion - timestamps invalid
  ---
  duration_ms: 0.378452
  type: 'test'
  ...
# Subtest: ProcessVersion - rejects duplicate node IDs
ok 177 - ProcessVersion - rejects duplicate node IDs
  ---
  duration_ms: 0.732847
  type: 'test'
  ...
# Subtest: ProcessVersion - rejects duplicate edge IDs
ok 178 - ProcessVersion - rejects duplicate edge IDs
  ---
  duration_ms: 1.206553
  type: 'test'
  ...
# Subtest: ProcessVersion - rejects missing source node in edge
ok 179 - ProcessVersion - rejects missing source node in edge
  ---
  duration_ms: 0.576541
  type: 'test'
  ...
# Subtest: ProcessVersion - rejects missing target node in edge
ok 180 - ProcessVersion - rejects missing target node in edge
  ---
  duration_ms: 0.525984
  type: 'test'
  ...
# Subtest: ProcessVersion - rollback metadata valid
ok 181 - ProcessVersion - rollback metadata valid
  ---
  duration_ms: 0.561232
  type: 'test'
  ...
# Subtest: ProcessVersion - rollback metadata invalid missing restoredFromVersionId
ok 182 - ProcessVersion - rollback metadata invalid missing restoredFromVersionId
  ---
  duration_ms: 0.41144
  type: 'test'
  ...
# Subtest: validateProcessGraph - valid linear graph
ok 183 - validateProcessGraph - valid linear graph
  ---
  duration_ms: 15.911473
  type: 'test'
  ...
# Subtest: validateProcessGraph - NO_START_NODE
ok 184 - validateProcessGraph - NO_START_NODE
  ---
  duration_ms: 0.545786
  type: 'test'
  ...
# Subtest: validateProcessGraph - MULTIPLE_START_NODES
ok 185 - validateProcessGraph - MULTIPLE_START_NODES
  ---
  duration_ms: 0.547735
  type: 'test'
  ...
# Subtest: validateProcessGraph - NO_END_NODE
ok 186 - validateProcessGraph - NO_END_NODE
  ---
  duration_ms: 0.477448
  type: 'test'
  ...
# Subtest: validateProcessGraph - START_HAS_INCOMING_EDGE
ok 187 - validateProcessGraph - START_HAS_INCOMING_EDGE
  ---
  duration_ms: 0.32517
  type: 'test'
  ...
# Subtest: validateProcessGraph - END_HAS_OUTGOING_EDGE
ok 188 - validateProcessGraph - END_HAS_OUTGOING_EDGE
  ---
  duration_ms: 0.389551
  type: 'test'
  ...
# Subtest: validateProcessGraph - DEAD_END_NON_TERMINAL_NODE
ok 189 - validateProcessGraph - DEAD_END_NON_TERMINAL_NODE
  ---
  duration_ms: 0.399177
  type: 'test'
  ...
# Subtest: validateProcessGraph - UNREACHABLE_NODE
ok 190 - validateProcessGraph - UNREACHABLE_NODE
  ---
  duration_ms: 0.439426
  type: 'test'
  ...
# Subtest: validateProcessGraph - CYCLE_DETECTED as warning
ok 191 - validateProcessGraph - CYCLE_DETECTED as warning
  ---
  duration_ms: 0.490116
  type: 'test'
  ...
# Subtest: validateProcessGraph - DECISION_WITHOUT_BRANCHES
ok 192 - validateProcessGraph - DECISION_WITHOUT_BRANCHES
  ---
  duration_ms: 0.728084
  type: 'test'
  ...
# Subtest: validateProcessGraph - DUPLICATE_DECISION_PRIORITY
ok 193 - validateProcessGraph - DUPLICATE_DECISION_PRIORITY
  ---
  duration_ms: 0.47671
  type: 'test'
  ...
# Subtest: validateProcessGraph - issue determinism
ok 194 - validateProcessGraph - issue determinism
  ---
  duration_ms: 0.307864
  type: 'test'
  ...
# Subtest: validateProcessGraph - input immutability
ok 195 - validateProcessGraph - input immutability
  ---
  duration_ms: 0.586112
  type: 'test'
  ...
# Subtest: validateProcessGraph - empty graph
ok 196 - validateProcessGraph - empty graph
  ---
  duration_ms: 0.248036
  type: 'test'
  ...
# Subtest: validateProcessGraph - cycle in unreachable component
ok 197 - validateProcessGraph - cycle in unreachable component
  ---
  duration_ms: 0.353504
  type: 'test'
  ...
# Subtest: validateProcessGraph - cycle with no start node
ok 198 - validateProcessGraph - cycle with no start node
  ---
  duration_ms: 0.287373
  type: 'test'
  ...
# Subtest: validateProcessGraph - cycle with multiple start nodes
ok 199 - validateProcessGraph - cycle with multiple start nodes
  ---
  duration_ms: 0.285356
  type: 'test'
  ...
# Subtest: validateProcessGraph - multiple disconnected cycles with deterministic reporting
ok 200 - validateProcessGraph - multiple disconnected cycles with deterministic reporting
  ---
  duration_ms: 0.349987
  type: 'test'
  ...
# Subtest: ProcessNodeTypeSchema
    # Subtest: should accept all valid types
    ok 1 - should accept all valid types
      ---
      duration_ms: 4.321188
      type: 'test'
      ...
    # Subtest: should reject invalid types
    ok 2 - should reject invalid types
      ---
      duration_ms: 1.024587
      type: 'test'
      ...
    1..2
ok 201 - ProcessNodeTypeSchema
  ---
  duration_ms: 6.487218
  type: 'suite'
  ...
# Subtest: ProcessNodePositionSchema
    # Subtest: should accept valid positions
    ok 1 - should accept valid positions
      ---
      duration_ms: 1.725165
      type: 'test'
      ...
    # Subtest: should reject NaN and Infinity
    ok 2 - should reject NaN and Infinity
      ---
      duration_ms: 0.707648
      type: 'test'
      ...
    # Subtest: should reject unknown fields
    ok 3 - should reject unknown fields
      ---
      duration_ms: 0.272249
      type: 'test'
      ...
    1..3
ok 202 - ProcessNodePositionSchema
  ---
  duration_ms: 2.978047
  type: 'suite'
  ...
# Subtest: ProcessNodeSchema
    # Subtest: should accept valid start node
    ok 1 - should accept valid start node
      ---
      duration_ms: 2.537837
      type: 'test'
      ...
    # Subtest: should accept valid action node with actionKey
    ok 2 - should accept valid action node with actionKey
      ---
      duration_ms: 0.764106
      type: 'test'
      ...
    # Subtest: should reject action node without actionKey
    ok 3 - should reject action node without actionKey
      ---
      duration_ms: 0.656122
      type: 'test'
      ...
    # Subtest: should reject non-action node with actionKey
    ok 4 - should reject non-action node with actionKey
      ---
      duration_ms: 0.413227
      type: 'test'
      ...
    # Subtest: should accept valid form node with formKey
    ok 5 - should accept valid form node with formKey
      ---
      duration_ms: 0.569625
      type: 'test'
      ...
    # Subtest: should reject form node without formKey
    ok 6 - should reject form node without formKey
      ---
      duration_ms: 0.335935
      type: 'test'
      ...
    # Subtest: should reject non-form node with formKey
    ok 7 - should reject non-form node with formKey
      ---
      duration_ms: 0.336599
      type: 'test'
      ...
    # Subtest: should accept valid subprocess node with subprocessDefinitionKey
    ok 8 - should accept valid subprocess node with subprocessDefinitionKey
      ---
      duration_ms: 0.216977
      type: 'test'
      ...
    # Subtest: should reject subprocess node without subprocessDefinitionKey
    ok 9 - should reject subprocess node without subprocessDefinitionKey
      ---
      duration_ms: 0.613834
      type: 'test'
      ...
    # Subtest: should reject non-subprocess node with subprocessDefinitionKey
    ok 10 - should reject non-subprocess node with subprocessDefinitionKey
      ---
      duration_ms: 0.388173
      type: 'test'
      ...
    # Subtest: should reject invalid subprocessDefinitionKey
    ok 11 - should reject invalid subprocessDefinitionKey
      ---
      duration_ms: 0.764058
      type: 'test'
      ...
    # Subtest: should accept other types without special keys
    ok 12 - should accept other types without special keys
      ---
      duration_ms: 0.274301
      type: 'test'
      ...
    # Subtest: should reject invalid key
    ok 13 - should reject invalid key
      ---
      duration_ms: 0.287564
      type: 'test'
      ...
    # Subtest: should reject empty name
    ok 14 - should reject empty name
      ---
      duration_ms: 0.511631
      type: 'test'
      ...
    # Subtest: should reject description above limit
    ok 15 - should reject description above limit
      ---
      duration_ms: 0.445221
      type: 'test'
      ...
    # Subtest: should require config
    ok 16 - should require config
      ---
      duration_ms: 0.446367
      type: 'test'
      ...
    # Subtest: should accept metadata
    ok 17 - should accept metadata
      ---
      duration_ms: 0.490218
      type: 'test'
      ...
    # Subtest: should reject unknown fields
    ok 18 - should reject unknown fields
      ---
      duration_ms: 0.351277
      type: 'test'
      ...
    1..18
ok 203 - ProcessNodeSchema
  ---
  duration_ms: 11.403452
  type: 'suite'
  ...
# Subtest: ProcessEdgeConditionSchema
    # Subtest: should accept valid conditions
    ok 1 - should accept valid conditions
      ---
      duration_ms: 0.733121
      type: 'test'
      ...
    # Subtest: should reject invalid language
    ok 2 - should reject invalid language
      ---
      duration_ms: 0.396479
      type: 'test'
      ...
    # Subtest: should reject empty expression
    ok 3 - should reject empty expression
      ---
      duration_ms: 0.266672
      type: 'test'
      ...
    # Subtest: should reject expression above limit
    ok 4 - should reject expression above limit
      ---
      duration_ms: 0.384494
      type: 'test'
      ...
    # Subtest: should reject unknown fields
    ok 5 - should reject unknown fields
      ---
      duration_ms: 0.228759
      type: 'test'
      ...
    1..5
ok 204 - ProcessEdgeConditionSchema
  ---
  duration_ms: 2.240268
  type: 'suite'
  ...
# Subtest: ProcessEdgeSchema
    # Subtest: should accept valid default edge
    ok 1 - should accept valid default edge
      ---
      duration_ms: 1.205788
      type: 'test'
      ...
    # Subtest: should accept valid conditional edge with condition
    ok 2 - should accept valid conditional edge with condition
      ---
      duration_ms: 0.249063
      type: 'test'
      ...
    # Subtest: should reject conditional edge without condition
    ok 3 - should reject conditional edge without condition
      ---
      duration_ms: 0.238233
      type: 'test'
      ...
    # Subtest: should reject non-conditional edge with condition
    ok 4 - should reject non-conditional edge with condition
      ---
      duration_ms: 0.240047
      type: 'test'
      ...
    # Subtest: should accept error and timeout edges
    ok 5 - should accept error and timeout edges
      ---
      duration_ms: 0.294007
      type: 'test'
      ...
    # Subtest: should accept priority zero and positive
    ok 6 - should accept priority zero and positive
      ---
      duration_ms: 0.195919
      type: 'test'
      ...
    # Subtest: should reject negative priority
    ok 7 - should reject negative priority
      ---
      duration_ms: 0.449484
      type: 'test'
      ...
    # Subtest: should reject fractional priority
    ok 8 - should reject fractional priority
      ---
      duration_ms: 0.542586
      type: 'test'
      ...
    # Subtest: should reject invalid IDs
    ok 9 - should reject invalid IDs
      ---
      duration_ms: 0.487613
      type: 'test'
      ...
    # Subtest: should accept metadata
    ok 10 - should accept metadata
      ---
      duration_ms: 0.275391
      type: 'test'
      ...
    # Subtest: should reject unknown fields
    ok 11 - should reject unknown fields
      ---
      duration_ms: 0.24971
      type: 'test'
      ...
    # Subtest: should accept self-loop (this package doesn't validate graph)
    ok 12 - should accept self-loop (this package doesn't validate graph)
      ---
      duration_ms: 0.151528
      type: 'test'
      ...
    1..12
ok 205 - ProcessEdgeSchema
  ---
  duration_ms: 5.149873
  type: 'suite'
  ...
# Subtest: Registry Boundary Contracts
    # Subtest: should not import UI or app layers from src/platform/registry
    ok 1 - should not import UI or app layers from src/platform/registry
      ---
      duration_ms: 4.778357
      type: 'test'
      ...
    1..1
ok 206 - Registry Boundary Contracts
  ---
  duration_ms: 5.967703
  type: 'suite'
  ...
# Subtest: Registry Contracts
    # Subtest: Capabilities Catalog
        # Subtest: should have unique capability IDs
        ok 1 - should have unique capability IDs
          ---
          duration_ms: 1.217121
          type: 'test'
          ...
        # Subtest: should have unique capability keys
        ok 2 - should have unique capability keys
          ---
          duration_ms: 0.234039
          type: 'test'
          ...
        # Subtest: should have valid capabilities matching schema
        ok 3 - should have valid capabilities matching schema
          ---
          duration_ms: 7.132936
          type: 'test'
          ...
        # Subtest: should have serializable safe JSON metadata
        ok 4 - should have serializable safe JSON metadata
          ---
          duration_ms: 0.51781
          type: 'test'
          ...
        # Subtest: should ensure relatedCapabilities and dependencies reference existing capabilities
        ok 5 - should ensure relatedCapabilities and dependencies reference existing capabilities
          ---
          duration_ms: 0.390522
          type: 'test'
          ...
        1..5
    ok 1 - Capabilities Catalog
      ---
      duration_ms: 10.879332
      type: 'suite'
      ...
    # Subtest: Actions Catalog
        # Subtest: should have safe JSON input schemas for kernel actions
        ok 1 - should have safe JSON input schemas for kernel actions
          ---
          duration_ms: 0.44403
          type: 'test'
          ...
        1..1
    ok 2 - Actions Catalog
      ---
      duration_ms: 0.699428
      type: 'suite'
      ...
    1..2
ok 207 - Registry Contracts
  ---
  duration_ms: 12.451889
  type: 'suite'
  ...
# Subtest: Reporting queries ensure strict workspace isolation by blocking unisolated data
ok 208 - Reporting queries ensure strict workspace isolation by blocking unisolated data
  ---
  duration_ms: 1050.122184
  type: 'test'
  ...
# Subtest: getReports returns empty list due to blocked legacy data
ok 209 - getReports returns empty list due to blocked legacy data
  ---
  duration_ms: 1074.890648
  type: 'test'
  ...
# Subtest: Rules Engine
    # Subtest: 1. Regra declarativa válida é aceita
    ok 1 - 1. Regra declarativa válida é aceita
      ---
      duration_ms: 5.361498
      type: 'test'
      ...
    # Subtest: 2. Regra sem key é rejeitada
    ok 2 - 2. Regra sem key é rejeitada
      ---
      duration_ms: 1.333687
      type: 'test'
      ...
    # Subtest: 7. Grupo vazio é rejeitado
    ok 3 - 7. Grupo vazio é rejeitado
      ---
      duration_ms: 1.110061
      type: 'test'
      ...
    # Subtest: 8. Profundidade excessiva é rejeitada
    ok 4 - 8. Profundidade excessiva é rejeitada
      ---
      duration_ms: 0.814634
      type: 'test'
      ...
    # Subtest: 19. Approval policy válida é aceita
    ok 5 - 19. Approval policy válida é aceita
      ---
      duration_ms: 1.241873
      type: 'test'
      ...
    # Subtest: 20. Política sem aprovadores é rejeitada
    ok 6 - 20. Política sem aprovadores é rejeitada
      ---
      duration_ms: 0.514444
      type: 'test'
      ...
    # Subtest: 21. Mínimo de aprovações inválido é rejeitado
    ok 7 - 21. Mínimo de aprovações inválido é rejeitado
      ---
      duration_ms: 0.27994
      type: 'test'
      ...
    # Subtest: 23. Timeout zero ou negativo é rejeitado
    ok 8 - 23. Timeout zero ou negativo é rejeitado
      ---
      duration_ms: 0.59876
      type: 'test'
      ...
    # Subtest: 3. Operadores autorizados funcionam corretamente
    ok 9 - 3. Operadores autorizados funcionam corretamente
      ---
      duration_ms: 0.901712
      type: 'test'
      ...
    # Subtest: 4. Operador desconhecido é rejeitado
    ok 10 - 4. Operador desconhecido é rejeitado
      ---
      duration_ms: 0.898526
      type: 'test'
      ...
    # Subtest: 5. Grupo all exige todas as condições
    ok 11 - 5. Grupo all exige todas as condições
      ---
      duration_ms: 0.386457
      type: 'test'
      ...
    # Subtest: 6. Grupo any exige uma condição
    ok 12 - 6. Grupo any exige uma condição
      ---
      duration_ms: 0.240584
      type: 'test'
      ...
    # Subtest: 11. exists distingue ausência de valor falsy
    ok 13 - 11. exists distingue ausência de valor falsy
      ---
      duration_ms: 0.184667
      type: 'test'
      ...
    # Subtest: 12. Comparações numéricas rejeitam tipos incompatíveis
    ok 14 - 12. Comparações numéricas rejeitam tipos incompatíveis
      ---
      duration_ms: 0.240726
      type: 'test'
      ...
    # Subtest: 13. contains funciona somente em tipos autorizados
    ok 15 - 13. contains funciona somente em tipos autorizados
      ---
      duration_ms: 0.183281
      type: 'test'
      ...
    # Subtest: 14. in exige conjunto válido
    ok 16 - 14. in exige conjunto válido
      ---
      duration_ms: 0.268901
      type: 'test'
      ...
    # Subtest: 9. Path inexistente é tratado com segurança
    ok 17 - 9. Path inexistente é tratado com segurança
      ---
      duration_ms: 0.206531
      type: 'test'
      ...
    # Subtest: 10. Paths perigosos são rejeitados
    ok 18 - 10. Paths perigosos são rejeitados
      ---
      duration_ms: 0.325005
      type: 'test'
      ...
    # Subtest: 15. Efeitos são retornados sem execução
    ok 19 - 15. Efeitos são retornados sem execução
      ---
      duration_ms: 1.718751
      type: 'test'
      ...
    # Subtest: 16. Prioridade é determinística
    ok 20 - 16. Prioridade é determinística
      ---
      duration_ms: 0.331651
      type: 'test'
      ...
    # Subtest: 17. Entradas iguais produzem resultados iguais
    ok 21 - 17. Entradas iguais produzem resultados iguais
      ---
      duration_ms: 0.977357
      type: 'test'
      ...
    # Subtest: 22. Objetos congelados não são modificados
    ok 22 - 22. Objetos congelados não são modificados
      ---
      duration_ms: 0.163437
      type: 'test'
      ...
    # Subtest: 24. Timeout declarativo válido é aceito e não inicia timer
    ok 23 - 24. Timeout declarativo válido é aceito e não inicia timer
      ---
      duration_ms: 0.277831
      type: 'test'
      ...
    # Subtest: 25. Instante é recebido pelo contexto
    ok 24 - 25. Instante é recebido pelo contexto
      ---
      duration_ms: 0.110779
      type: 'test'
      ...
    # Subtest: 26. Getter que lança erro é tratado de forma segura
    ok 25 - 26. Getter que lança erro é tratado de forma segura
      ---
      duration_ms: 0.267179
      type: 'test'
      ...
    # Subtest: 27. Nenhuma ação lateral é executada
    ok 26 - 27. Nenhuma ação lateral é executada
      ---
      duration_ms: 0.093524
      type: 'test'
      ...
    1..26
ok 210 - Rules Engine
  ---
  duration_ms: 23.556115
  type: 'test'
  ...
# Subtest: Runtime Mapper Invariants
    # Subtest: ProcessInstance Mapper
        # Subtest: should accept camelCase
        ok 1 - should accept camelCase
          ---
          duration_ms: 4.672032
          type: 'test'
          ...
        # Subtest: should accept snake_case
        ok 2 - should accept snake_case
          ---
          duration_ms: 0.580177
          type: 'test'
          ...
        # Subtest: should give precedence to camelCase over snake_case
        ok 3 - should give precedence to camelCase over snake_case
          ---
          duration_ms: 0.409392
          type: 'test'
          ...
        # Subtest: should keep workspaceId mandatory
        ok 4 - should keep workspaceId mandatory
          ---
          duration_ms: 1.948279
          type: 'test'
          ...
        # Subtest: should keep processVersionId mandatory
        ok 5 - should keep processVersionId mandatory
          ---
          duration_ms: 0.493223
          type: 'test'
          ...
        # Subtest: should not return definitionId even if present in input
        ok 6 - should not return definitionId even if present in input
          ---
          duration_ms: 0.258648
          type: 'test'
          ...
        # Subtest: should not mutate input metadata
        ok 7 - should not mutate input metadata
          ---
          duration_ms: 0.670382
          type: 'test'
          ...
        # Subtest: should merge context.metadata without mutating inputs
        ok 8 - should merge context.metadata without mutating inputs
          ---
          duration_ms: 1.409629
          type: 'test'
          ...
        # Subtest: should reject invalid status
        ok 9 - should reject invalid status
          ---
          duration_ms: 0.932311
          type: 'test'
          ...
        # Subtest: should reject invalid timestamp
        ok 10 - should reject invalid timestamp
          ---
          duration_ms: 0.736119
          type: 'test'
          ...
        1..10
    ok 1 - ProcessInstance Mapper
      ---
      duration_ms: 16.603549
      type: 'suite'
      ...
    # Subtest: ProcessPayload Mapper
        # Subtest: should accept camelCase
        ok 1 - should accept camelCase
          ---
          duration_ms: 1.500505
          type: 'test'
          ...
        # Subtest: should accept snake_case
        ok 2 - should accept snake_case
          ---
          duration_ms: 0.350347
          type: 'test'
          ...
        # Subtest: should give precedence to camelCase
        ok 3 - should give precedence to camelCase
          ---
          duration_ms: 0.275275
          type: 'test'
          ...
        # Subtest: should preserve data
        ok 4 - should preserve data
          ---
          duration_ms: 0.193656
          type: 'test'
          ...
        # Subtest: should keep schemaVersion mandatory
        ok 5 - should keep schemaVersion mandatory
          ---
          duration_ms: 0.401798
          type: 'test'
          ...
        # Subtest: should not mutate input
        ok 6 - should not mutate input
          ---
          duration_ms: 0.212407
          type: 'test'
          ...
        # Subtest: should reject payload outside contract (e.g. missing id)
        ok 7 - should reject payload outside contract (e.g. missing id)
          ---
          duration_ms: 0.309952
          type: 'test'
          ...
        1..7
    ok 2 - ProcessPayload Mapper
      ---
      duration_ms: 3.629425
      type: 'suite'
      ...
    # Subtest: ActionExecution Mapper
        # Subtest: should accept actionKey, action_key and node_id with precedence
        ok 1 - should accept actionKey, action_key and node_id with precedence
          ---
          duration_ms: 1.920214
          type: 'test'
          ...
        # Subtest: should prefer actorId camelCase over actor_id
        ok 2 - should prefer actorId camelCase over actor_id
          ---
          duration_ms: 0.386782
          type: 'test'
          ...
        # Subtest: should preserve explicit null for actorId
        ok 3 - should preserve explicit null for actorId
          ---
          duration_ms: 0.266416
          type: 'test'
          ...
        # Subtest: should keep correlationId mandatory
        ok 4 - should keep correlationId mandatory
          ---
          duration_ms: 0.568736
          type: 'test'
          ...
        # Subtest: should note that causationId is optional in contract but requested as mandatory
        ok 5 - should note that causationId is optional in contract but requested as mandatory
          ---
          duration_ms: 0.279022
          type: 'test'
          ...
        # Subtest: should not mutate input and output payload
        ok 6 - should not mutate input and output payload
          ---
          duration_ms: 0.253031
          type: 'test'
          ...
        # Subtest: should reject invalid status
        ok 7 - should reject invalid status
          ---
          duration_ms: 0.409523
          type: 'test'
          ...
        # Subtest: should reject invalid UUIDs for mandatory fields
        ok 8 - should reject invalid UUIDs for mandatory fields
          ---
          duration_ms: 0.501761
          type: 'test'
          ...
        1..8
    ok 3 - ActionExecution Mapper
      ---
      duration_ms: 4.911898
      type: 'suite'
      ...
    1..3
ok 211 - Runtime Mapper Invariants
  ---
  duration_ms: 25.960653
  type: 'suite'
  ...
# Subtest: Runtime Mappers
    # Subtest: ProcessInstance Mapper
        # Subtest: should map a valid minimal payload
        ok 1 - should map a valid minimal payload
          ---
          duration_ms: 4.364718
          type: 'test'
          ...
        # Subtest: should map from snake_case
        ok 2 - should map from snake_case
          ---
          duration_ms: 0.479012
          type: 'test'
          ...
        # Subtest: should map a valid complete payload
        ok 3 - should map a valid complete payload
          ---
          duration_ms: 1.528292
          type: 'test'
          ...
        # Subtest: should reject payload with missing mandatory field
        ok 4 - should reject payload with missing mandatory field
          ---
          duration_ms: 1.424481
          type: 'test'
          ...
        # Subtest: should reject payload with invalid format (UUID)
        ok 5 - should reject payload with invalid format (UUID)
          ---
          duration_ms: 0.406623
          type: 'test'
          ...
        # Subtest: should enrich metadata if provided in context
        ok 6 - should enrich metadata if provided in context
          ---
          duration_ms: 0.495322
          type: 'test'
          ...
        # Subtest: should be deterministic
        ok 7 - should be deterministic
          ---
          duration_ms: 2.61975
          type: 'test'
          ...
        # Subtest: should not mutate input object
        ok 8 - should not mutate input object
          ---
          duration_ms: 0.621466
          type: 'test'
          ...
        # Subtest: should handle frozen input
        ok 9 - should handle frozen input
          ---
          duration_ms: 0.610692
          type: 'test'
          ...
        1..9
    ok 1 - ProcessInstance Mapper
      ---
      duration_ms: 14.310357
      type: 'suite'
      ...
    # Subtest: ProcessPayload Mapper
        # Subtest: should map a valid payload
        ok 1 - should map a valid payload
          ---
          duration_ms: 1.550333
          type: 'test'
          ...
        # Subtest: should map from snake_case
        ok 2 - should map from snake_case
          ---
          duration_ms: 0.381865
          type: 'test'
          ...
        # Subtest: should reject invalid schema version
        ok 3 - should reject invalid schema version
          ---
          duration_ms: 0.396024
          type: 'test'
          ...
        1..3
    ok 2 - ProcessPayload Mapper
      ---
      duration_ms: 2.566214
      type: 'suite'
      ...
    # Subtest: ActionExecution Mapper
        # Subtest: should map from snake_case and node_id
        ok 1 - should map from snake_case and node_id
          ---
          duration_ms: 1.722935
          type: 'test'
          ...
        # Subtest: should handle error as string or object
        ok 2 - should handle error as string or object
          ---
          duration_ms: 0.439996
          type: 'test'
          ...
        # Subtest: should preserve correlation and causation IDs
        ok 3 - should preserve correlation and causation IDs
          ---
          duration_ms: 0.242052
          type: 'test'
          ...
        # Subtest: invalid correlation id produces stable validation failure
        ok 4 - invalid correlation id produces stable validation failure
          ---
          duration_ms: 0.563162
          type: 'test'
          ...
        # Subtest: should fallback missing correlation id to stable validation failure
        ok 5 - should fallback missing correlation id to stable validation failure
          ---
          duration_ms: 0.534404
          type: 'test'
          ...
        1..5
    ok 3 - ActionExecution Mapper
      ---
      duration_ms: 3.781099
      type: 'suite'
      ...
    1..3
ok 212 - Runtime Mappers
  ---
  duration_ms: 21.461546
  type: 'suite'
  ...
# Subtest: Shared Contracts - Shared Canonical Primitives
    # Subtest: UUID and Workspace
        # Subtest: should accept a valid UUID
        ok 1 - should accept a valid UUID
          ---
          duration_ms: 1.906565
          type: 'test'
          ...
        # Subtest: should reject an invalid UUID
        ok 2 - should reject an invalid UUID
          ---
          duration_ms: 1.172577
          type: 'test'
          ...
        # Subtest: should accept a valid WorkspaceId
        ok 3 - should accept a valid WorkspaceId
          ---
          duration_ms: 0.216324
          type: 'test'
          ...
        # Subtest: should reject an invalid WorkspaceId
        ok 4 - should reject an invalid WorkspaceId
          ---
          duration_ms: 0.329615
          type: 'test'
          ...
        # Subtest: should reject WorkspaceContext without workspaceId
        ok 5 - should reject WorkspaceContext without workspaceId
          ---
          duration_ms: 1.658561
          type: 'test'
          ...
        # Subtest: should accept WorkspaceContext with valid workspaceId
        ok 6 - should accept WorkspaceContext with valid workspaceId
          ---
          duration_ms: 0.298051
          type: 'test'
          ...
        1..6
    ok 1 - UUID and Workspace
      ---
      duration_ms: 6.926423
      type: 'suite'
      ...
    # Subtest: EntityId
        # Subtest: should accept a non-empty string as EntityId
        ok 1 - should accept a non-empty string as EntityId
          ---
          duration_ms: 0.488748
          type: 'test'
          ...
        # Subtest: should reject an empty string as EntityId
        ok 2 - should reject an empty string as EntityId
          ---
          duration_ms: 0.571604
          type: 'test'
          ...
        1..2
    ok 2 - EntityId
      ---
      duration_ms: 1.441023
      type: 'suite'
      ...
    # Subtest: ISODateTime
        # Subtest: should accept a valid ISO datetime string
        ok 1 - should accept a valid ISO datetime string
          ---
          duration_ms: 1.095986
          type: 'test'
          ...
        # Subtest: should accept valid date boundaries like leap years
        ok 2 - should accept valid date boundaries like leap years
          ---
          duration_ms: 0.418805
          type: 'test'
          ...
        # Subtest: should reject invalid date boundaries
        ok 3 - should reject invalid date boundaries
          ---
          duration_ms: 0.701977
          type: 'test'
          ...
        # Subtest: should reject an invalid ISO datetime string
        ok 4 - should reject an invalid ISO datetime string
          ---
          duration_ms: 0.592382
          type: 'test'
          ...
        # Subtest: should reject ISO datetime strings missing timezone or poorly formatted
        ok 5 - should reject ISO datetime strings missing timezone or poorly formatted
          ---
          duration_ms: 0.487352
          type: 'test'
          ...
        1..5
    ok 3 - ISODateTime
      ---
      duration_ms: 3.633257
      type: 'suite'
      ...
    # Subtest: UnknownRecord
        # Subtest: should accept a valid record
        ok 1 - should accept a valid record
          ---
          duration_ms: 0.907417
          type: 'test'
          ...
        # Subtest: should reject non-record values
        ok 2 - should reject non-record values
          ---
          duration_ms: 0.48328
          type: 'test'
          ...
        1..2
    ok 4 - UnknownRecord
      ---
      duration_ms: 1.543765
      type: 'suite'
      ...
    # Subtest: ActorReference
        # Subtest: should accept a valid actor reference for type: human
        ok 1 - should accept a valid actor reference for type: human
          ---
          duration_ms: 0.700899
          type: 'test'
          ...
        # Subtest: should accept a valid actor reference for type: system
        ok 2 - should accept a valid actor reference for type: system
          ---
          duration_ms: 0.127158
          type: 'test'
          ...
        # Subtest: should accept a valid actor reference for type: worker
        ok 3 - should accept a valid actor reference for type: worker
          ---
          duration_ms: 0.099453
          type: 'test'
          ...
        # Subtest: should accept a valid actor reference for type: integration
        ok 4 - should accept a valid actor reference for type: integration
          ---
          duration_ms: 0.096072
          type: 'test'
          ...
        # Subtest: should reject an invalid actor type
        ok 5 - should reject an invalid actor type
          ---
          duration_ms: 0.51156
          type: 'test'
          ...
        # Subtest: should reject an actor reference with empty id
        ok 6 - should reject an actor reference with empty id
          ---
          duration_ms: 0.32193
          type: 'test'
          ...
        1..6
    ok 5 - ActorReference
      ---
      duration_ms: 2.159424
      type: 'suite'
      ...
    # Subtest: CorrelationContext
        # Subtest: should accept a minimal correlation context
        ok 1 - should accept a minimal correlation context
          ---
          duration_ms: 0.825757
          type: 'test'
          ...
        # Subtest: should accept a complete correlation context
        ok 2 - should accept a complete correlation context
          ---
          duration_ms: 0.253714
          type: 'test'
          ...
        # Subtest: should preserve values and not substitute them
        ok 3 - should preserve values and not substitute them
          ---
          duration_ms: 1.016914
          type: 'test'
          ...
        # Subtest: should reject CorrelationContext without correlationId
        ok 4 - should reject CorrelationContext without correlationId
          ---
          duration_ms: 0.42042
          type: 'test'
          ...
        # Subtest: should allow optional causationId and idempotencyKey
        ok 5 - should allow optional causationId and idempotencyKey
          ---
          duration_ms: 0.184023
          type: 'test'
          ...
        1..5
    ok 6 - CorrelationContext
      ---
      duration_ms: 2.9716
      type: 'suite'
      ...
    1..6
ok 213 - Shared Contracts - Shared Canonical Primitives
  ---
  duration_ms: 19.929326
  type: 'suite'
  ...
# Subtest: canonicalizeTraceValue
    # Subtest: should canonicalize simple objects
    ok 1 - should canonicalize simple objects
      ---
      duration_ms: 1.225767
      type: 'test'
      ...
    # Subtest: should sort keys lexicographically
    ok 2 - should sort keys lexicographically
      ---
      duration_ms: 0.318319
      type: 'test'
      ...
    # Subtest: should handle nested objects
    ok 3 - should handle nested objects
      ---
      duration_ms: 0.293772
      type: 'test'
      ...
    # Subtest: should handle nested arrays
    ok 4 - should handle nested arrays
      ---
      duration_ms: 0.384841
      type: 'test'
      ...
    # Subtest: should preserve array order
    ok 5 - should preserve array order
      ---
      duration_ms: 0.253479
      type: 'test'
      ...
    # Subtest: should omit undefined in objects
    ok 6 - should omit undefined in objects
      ---
      duration_ms: 0.208811
      type: 'test'
      ...
    # Subtest: should convert undefined in array to null
    ok 7 - should convert undefined in array to null
      ---
      duration_ms: 0.264745
      type: 'test'
      ...
    # Subtest: should handle Unicode characters
    ok 8 - should handle Unicode characters
      ---
      duration_ms: 0.279476
      type: 'test'
      ...
    # Subtest: should handle objects with null prototype
    ok 9 - should handle objects with null prototype
      ---
      duration_ms: 0.371372
      type: 'test'
      ...
    # Subtest: should handle shared references (not circular)
    ok 10 - should handle shared references (not circular)
      ---
      duration_ms: 0.288643
      type: 'test'
      ...
    # Subtest: should handle shared references in arrays
    ok 11 - should handle shared references in arrays
      ---
      duration_ms: 0.199556
      type: 'test'
      ...
    # Subtest: should reject direct circular references
    ok 12 - should reject direct circular references
      ---
      duration_ms: 0.995525
      type: 'test'
      ...
    # Subtest: should reject indirect circular references
    ok 13 - should reject indirect circular references
      ---
      duration_ms: 0.255363
      type: 'test'
      ...
    # Subtest: should reject BigInt
    ok 14 - should reject BigInt
      ---
      duration_ms: 0.267767
      type: 'test'
      ...
    # Subtest: should reject function
    ok 15 - should reject function
      ---
      duration_ms: 0.219052
      type: 'test'
      ...
    # Subtest: should reject symbol
    ok 16 - should reject symbol
      ---
      duration_ms: 0.183093
      type: 'test'
      ...
    # Subtest: should reject NaN
    ok 17 - should reject NaN
      ---
      duration_ms: 0.174824
      type: 'test'
      ...
    # Subtest: should reject Infinity
    ok 18 - should reject Infinity
      ---
      duration_ms: 0.254037
      type: 'test'
      ...
    # Subtest: should reject Date object
    ok 19 - should reject Date object
      ---
      duration_ms: 0.282419
      type: 'test'
      ...
    # Subtest: should reject Map
    ok 20 - should reject Map
      ---
      duration_ms: 0.328164
      type: 'test'
      ...
    # Subtest: should reject Set
    ok 21 - should reject Set
      ---
      duration_ms: 0.296783
      type: 'test'
      ...
    # Subtest: should reject custom classes
    ok 22 - should reject custom classes
      ---
      duration_ms: 0.237618
      type: 'test'
      ...
    # Subtest: should reject getters without executing them
    ok 23 - should reject getters without executing them
      ---
      duration_ms: 0.208331
      type: 'test'
      ...
    # Subtest: should handle hostile Proxy on Object.keys
    ok 24 - should handle hostile Proxy on Object.keys
      ---
      duration_ms: 0.393097
      type: 'test'
      ...
    # Subtest: should handle frozen inputs
    ok 25 - should handle frozen inputs
      ---
      duration_ms: 0.253407
      type: 'test'
      ...
    # Subtest: should not mutate input
    ok 26 - should not mutate input
      ---
      duration_ms: 0.760519
      type: 'test'
      ...
    # Subtest: should reject undefined at root
    ok 27 - should reject undefined at root
      ---
      duration_ms: 0.349636
      type: 'test'
      ...
    # Subtest: should reject accessor on array index without execution
    ok 28 - should reject accessor on array index without execution
      ---
      duration_ms: 0.288635
      type: 'test'
      ...
    # Subtest: should handle hostile Proxy on Object.getPrototypeOf
    ok 29 - should handle hostile Proxy on Object.getPrototypeOf
      ---
      duration_ms: 0.218056
      type: 'test'
      ...
    # Subtest: should handle hostile Proxy on Object.getOwnPropertyDescriptor
    ok 30 - should handle hostile Proxy on Object.getOwnPropertyDescriptor
      ---
      duration_ms: 0.291249
      type: 'test'
      ...
    1..30
ok 214 - canonicalizeTraceValue
  ---
  duration_ms: 17.74566
  type: 'test'
  ...
# Subtest: hashCanonicalTraceValue: sha256 produces 64 hex chars
ok 215 - hashCanonicalTraceValue: sha256 produces 64 hex chars
  ---
  duration_ms: 2.149978
  type: 'test'
  ...
# Subtest: hashCanonicalTraceValue: sha512 produces 128 hex chars
ok 216 - hashCanonicalTraceValue: sha512 produces 128 hex chars
  ---
  duration_ms: 0.375434
  type: 'test'
  ...
# Subtest: hashCanonicalTraceValue: is deterministic with key order
ok 217 - hashCanonicalTraceValue: is deterministic with key order
  ---
  duration_ms: 0.271471
  type: 'test'
  ...
# Subtest: hashCanonicalTraceValue: different values produce different hashes
ok 218 - hashCanonicalTraceValue: different values produce different hashes
  ---
  duration_ms: 0.412031
  type: 'test'
  ...
# Subtest: hashCanonicalTraceValue: arrays with different order produce different hashes
ok 219 - hashCanonicalTraceValue: arrays with different order produce different hashes
  ---
  duration_ms: 0.243717
  type: 'test'
  ...
# Subtest: hashCanonicalTraceValue: supports Unicode
ok 220 - hashCanonicalTraceValue: supports Unicode
  ---
  duration_ms: 0.353523
  type: 'test'
  ...
# Subtest: hashCanonicalTraceValue: supports null
ok 221 - hashCanonicalTraceValue: supports null
  ---
  duration_ms: 0.285455
  type: 'test'
  ...
# Subtest: canonicalization integration: rejects circular references
ok 222 - canonicalization integration: rejects circular references
  ---
  duration_ms: 0.727841
  type: 'test'
  ...
# Subtest: canonicalization integration: rejects BigInt
ok 223 - canonicalization integration: rejects BigInt
  ---
  duration_ms: 0.462991
  type: 'test'
  ...
# Subtest: canonicalization integration: rejects NaN
ok 224 - canonicalization integration: rejects NaN
  ---
  duration_ms: 0.630509
  type: 'test'
  ...
# Subtest: canonicalization integration: rejects getters without execution
ok 225 - canonicalization integration: rejects getters without execution
  ---
  duration_ms: 0.351982
  type: 'test'
  ...
# Subtest: canonicalization integration: accepts shared references
ok 226 - canonicalization integration: accepts shared references
  ---
  duration_ms: 0.230313
  type: 'test'
  ...
# Subtest: canonicalization integration: hostile Proxy failure propagates
ok 227 - canonicalization integration: hostile Proxy failure propagates
  ---
  duration_ms: 0.250837
  type: 'test'
  ...
# Subtest: canonicalization integration: input remains unmodified
ok 228 - canonicalization integration: input remains unmodified
  ---
  duration_ms: 0.186695
  type: 'test'
  ...
# Subtest: createTraceHash: creates valid sha256 hash
ok 229 - createTraceHash: creates valid sha256 hash
  ---
  duration_ms: 2.097267
  type: 'test'
  ...
# Subtest: createTraceHash: creates valid sha512 hash
ok 230 - createTraceHash: creates valid sha512 hash
  ---
  duration_ms: 0.428034
  type: 'test'
  ...
# Subtest: createTraceHash: rejects invalid algorithm
ok 231 - createTraceHash: rejects invalid algorithm
  ---
  duration_ms: 0.218814
  type: 'test'
  ...
# Subtest: createTraceHash: rejects invalid scope
ok 232 - createTraceHash: rejects invalid scope
  ---
  duration_ms: 1.202432
  type: 'test'
  ...
# Subtest: verifyTraceHash: returns true for correct hash
ok 233 - verifyTraceHash: returns true for correct hash
  ---
  duration_ms: 0.359791
  type: 'test'
  ...
# Subtest: verifyTraceHash: returns false for incorrect hash value
ok 234 - verifyTraceHash: returns false for incorrect hash value
  ---
  duration_ms: 0.493558
  type: 'test'
  ...
# Subtest: verifyTraceHash: returns true for correct sha512 hash
ok 235 - verifyTraceHash: returns true for correct sha512 hash
  ---
  duration_ms: 0.502696
  type: 'test'
  ...
# Subtest: verifyTraceHash: returns false for modified value
ok 236 - verifyTraceHash: returns false for modified value
  ---
  duration_ms: 0.252584
  type: 'test'
  ...
# Subtest: verifyTraceHash: returns true for equivalent objects with different key order
ok 237 - verifyTraceHash: returns true for equivalent objects with different key order
  ---
  duration_ms: 0.310893
  type: 'test'
  ...
# Subtest: verifyTraceHash: rejects structurally invalid hash
ok 238 - verifyTraceHash: rejects structurally invalid hash
  ---
  duration_ms: 0.560731
  type: 'test'
  ...
# Subtest: findTraceReceiptSelfHash: finds single receipt hash
ok 239 - findTraceReceiptSelfHash: finds single receipt hash
  ---
  duration_ms: 7.38249
  type: 'test'
  ...
# Subtest: verifyTraceReceiptSelfHash: validates sha256 self-hash
ok 240 - verifyTraceReceiptSelfHash: validates sha256 self-hash
  ---
  duration_ms: 2.176617
  type: 'test'
  ...
# Subtest: verifyTraceReceiptLink: valid direct link
ok 241 - verifyTraceReceiptLink: valid direct link
  ---
  duration_ms: 1.95313
  type: 'test'
  ...
# Subtest: verifyTraceReceiptLink robustness: getter on previous.id is not executed
ok 242 - verifyTraceReceiptLink robustness: getter on previous.id is not executed
  ---
  duration_ms: 0.672473
  type: 'test'
  ...
# Subtest: verifyTraceReceiptLink robustness: getter on current.previousReceiptId is not executed
ok 243 - verifyTraceReceiptLink robustness: getter on current.previousReceiptId is not executed
  ---
  duration_ms: 0.648146
  type: 'test'
  ...
# Subtest: verifyTraceReceiptLink robustness: revoked proxy as previous fails safely
ok 244 - verifyTraceReceiptLink robustness: revoked proxy as previous fails safely
  ---
  duration_ms: 0.658125
  type: 'test'
  ...
# Subtest: verifyTraceReceiptLink robustness: schema-invalid current returns false
ok 245 - verifyTraceReceiptLink robustness: schema-invalid current returns false
  ---
  duration_ms: 1.377933
  type: 'test'
  ...
# Subtest: robustness: nested getter in actor is not executed
ok 246 - robustness: nested getter in actor is not executed
  ---
  duration_ms: 0.612491
  type: 'test'
  ...
# Subtest: robustness: cyclic metadata fails safely
ok 247 - robustness: cyclic metadata fails safely
  ---
  duration_ms: 0.618312
  type: 'test'
  ...
# Subtest: verifyTraceReceiptChain: valid chain of three
ok 248 - verifyTraceReceiptChain: valid chain of three
  ---
  duration_ms: 1.851731
  type: 'test'
  ...
# Subtest: robustness: invalid first item followed by valid second item
ok 249 - robustness: invalid first item followed by valid second item
  ---
  duration_ms: 1.133558
  type: 'test'
  ...
# Subtest: immutability: input and nested metadata remain unmodified
ok 250 - immutability: input and nested metadata remain unmodified
  ---
  duration_ms: 1.610517
  type: 'test'
  ...
# Subtest: TraceReceiptRepositoryPort
    # Subtest: should have correct method signatures for append, findById and findByCorrelationId
    ok 1 - should have correct method signatures for append, findById and findByCorrelationId
      ---
      duration_ms: 1.022372
      type: 'test'
      ...
    1..1
ok 251 - TraceReceiptRepositoryPort
  ---
  duration_ms: 2.324633
  type: 'suite'
  ...
# Subtest: Trace Receipt Schema
    # Subtest: should accept a minimal valid receipt
    ok 1 - should accept a minimal valid receipt
      ---
      duration_ms: 6.192947
      type: 'test'
      ...
    # Subtest: should accept a full valid receipt
    ok 2 - should accept a full valid receipt
      ---
      duration_ms: 4.078551
      type: 'test'
      ...
    # Subtest: should reject when a mandatory field is missing
    ok 3 - should reject when a mandatory field is missing
      ---
      duration_ms: 1.182485
      type: 'test'
      ...
    # Subtest: should reject unknown fields (strict)
    ok 4 - should reject unknown fields (strict)
      ---
      duration_ms: 0.617779
      type: 'test'
      ...
    # Subtest: Subject Validation
        # Subtest: should accept valid subject type: process
        ok 1 - should accept valid subject type: process
          ---
          duration_ms: 0.365737
          type: 'test'
          ...
        # Subtest: should accept valid subject type: process_instance
        ok 2 - should accept valid subject type: process_instance
          ---
          duration_ms: 0.121987
          type: 'test'
          ...
        # Subtest: should accept valid subject type: action_execution
        ok 3 - should accept valid subject type: action_execution
          ---
          duration_ms: 0.471531
          type: 'test'
          ...
        # Subtest: should accept valid subject type: document
        ok 4 - should accept valid subject type: document
          ---
          duration_ms: 0.150376
          type: 'test'
          ...
        # Subtest: should accept valid subject type: asset
        ok 5 - should accept valid subject type: asset
          ---
          duration_ms: 0.466767
          type: 'test'
          ...
        # Subtest: should accept valid subject type: work_request
        ok 6 - should accept valid subject type: work_request
          ---
          duration_ms: 0.435521
          type: 'test'
          ...
        # Subtest: should accept valid subject type: form
        ok 7 - should accept valid subject type: form
          ---
          duration_ms: 0.129888
          type: 'test'
          ...
        # Subtest: should accept valid subject type: notification
        ok 8 - should accept valid subject type: notification
          ---
          duration_ms: 0.158048
          type: 'test'
          ...
        # Subtest: should accept custom subject type with category
        ok 9 - should accept custom subject type with category
          ---
          duration_ms: 0.193949
          type: 'test'
          ...
        # Subtest: should reject custom subject type without category
        ok 10 - should reject custom subject type without category
          ---
          duration_ms: 0.355756
          type: 'test'
          ...
        1..10
    ok 5 - Subject Validation
      ---
      duration_ms: 3.500943
      type: 'suite'
      ...
    # Subtest: Actor Validation
        # Subtest: should reject invalid actor type
        ok 1 - should reject invalid actor type
          ---
          duration_ms: 0.457382
          type: 'test'
          ...
        1..1
    ok 6 - Actor Validation
      ---
      duration_ms: 0.565561
      type: 'suite'
      ...
    # Subtest: Action Validation
        # Subtest: should reject invalid action result
        ok 1 - should reject invalid action result
          ---
          duration_ms: 0.389636
          type: 'test'
          ...
        1..1
    ok 7 - Action Validation
      ---
      duration_ms: 0.483224
      type: 'suite'
      ...
    # Subtest: Hash Validation
        # Subtest: should accept valid SHA-256
        ok 1 - should accept valid SHA-256
          ---
          duration_ms: 0.380631
          type: 'test'
          ...
        # Subtest: should reject SHA-256 with invalid length
        ok 2 - should reject SHA-256 with invalid length
          ---
          duration_ms: 0.363781
          type: 'test'
          ...
        # Subtest: should accept valid SHA-512
        ok 3 - should accept valid SHA-512
          ---
          duration_ms: 0.224537
          type: 'test'
          ...
        # Subtest: should reject SHA-512 with invalid length
        ok 4 - should reject SHA-512 with invalid length
          ---
          duration_ms: 0.330986
          type: 'test'
          ...
        # Subtest: should reject non-hexadecimal hash value
        ok 5 - should reject non-hexadecimal hash value
          ---
          duration_ms: 0.30801
          type: 'test'
          ...
        1..5
    ok 8 - Hash Validation
      ---
      duration_ms: 1.835322
      type: 'suite'
      ...
    # Subtest: Artifact Validation
        # Subtest: should reject negative size
        ok 1 - should reject negative size
          ---
          duration_ms: 0.641172
          type: 'test'
          ...
        # Subtest: should accept allowed URI: https://example.com
        ok 2 - should accept allowed URI: https://example.com
          ---
          duration_ms: 0.231986
          type: 'test'
          ...
        # Subtest: should accept allowed URI: s3://bucket/key
        ok 3 - should accept allowed URI: s3://bucket/key
          ---
          duration_ms: 0.200674
          type: 'test'
          ...
        # Subtest: should accept allowed URI: minio://bucket/key
        ok 4 - should accept allowed URI: minio://bucket/key
          ---
          duration_ms: 0.136846
          type: 'test'
          ...
        # Subtest: should accept allowed URI: file:///path/to/file
        ok 5 - should accept allowed URI: file:///path/to/file
          ---
          duration_ms: 0.105342
          type: 'test'
          ...
        # Subtest: should accept allowed URI: urn:uuid:123
        ok 6 - should accept allowed URI: urn:uuid:123
          ---
          duration_ms: 0.098899
          type: 'test'
          ...
        # Subtest: should reject disallowed URI protocol
        ok 7 - should reject disallowed URI protocol
          ---
          duration_ms: 0.397228
          type: 'test'
          ...
        1..7
    ok 9 - Artifact Validation
      ---
      duration_ms: 2.153521
      type: 'suite'
      ...
    # Subtest: Verification Result Validation
        # Subtest: should accept valid verification result
        ok 1 - should accept valid verification result
          ---
          duration_ms: 0.794644
          type: 'test'
          ...
        # Subtest: should reject invalid verification timestamp
        ok 2 - should reject invalid verification timestamp
          ---
          duration_ms: 0.347914
          type: 'test'
          ...
        1..2
    ok 10 - Verification Result Validation
      ---
      duration_ms: 1.336435
      type: 'suite'
      ...
    # Subtest: General Rules
        # Subtest: should accept unknown record for metadata
        ok 1 - should accept unknown record for metadata
          ---
          duration_ms: 0.640204
          type: 'test'
          ...
        # Subtest: should not use any in the test file (checked manually and by compiler)
        ok 2 - should not use any in the test file (checked manually and by compiler)
          ---
          duration_ms: 0.214841
          type: 'test'
          ...
        1..2
    ok 11 - General Rules
      ---
      duration_ms: 0.987385
      type: 'suite'
      ...
    1..11
ok 252 - Trace Receipt Schema
  ---
  duration_ms: 24.986089
  type: 'suite'
  ...
# Subtest: TraceReceiptService
    # Subtest: should create and append a valid receipt
    ok 1 - should create and append a valid receipt
      ---
      duration_ms: 8.541785
      type: 'test'
      ...
    1..1
ok 253 - TraceReceiptService
  ---
  duration_ms: 9.727067
  type: 'suite'
  ...
# Subtest: Trace Receipt Signable Payload
    # Subtest: should create payload for minimal valid receipt
    ok 1 - should create payload for minimal valid receipt
      ---
      duration_ms: 6.40187
      type: 'test'
      ...
    # Subtest: should create payload for full valid receipt
    ok 2 - should create payload for full valid receipt
      ---
      duration_ms: 2.759745
      type: 'test'
      ...
    # Subtest: should remove top-level hashes but preserve nested ones
    ok 3 - should remove top-level hashes but preserve nested ones
      ---
      duration_ms: 0.90584
      type: 'test'
      ...
    # Subtest: should preserve specific fields
    ok 4 - should preserve specific fields
      ---
      duration_ms: 1.307767
      type: 'test'
      ...
    # Subtest: should keep optional fields absent if they were absent
    ok 5 - should keep optional fields absent if they were absent
      ---
      duration_ms: 0.341394
      type: 'test'
      ...
    # Subtest: should reject invalid receipt
    ok 6 - should reject invalid receipt
      ---
      duration_ms: 1.252271
      type: 'test'
      ...
    # Subtest: should reject unknown fields in input
    ok 7 - should reject unknown fields in input
      ---
      duration_ms: 0.5104
      type: 'test'
      ...
    # Subtest: should return a new top-level object
    ok 8 - should return a new top-level object
      ---
      duration_ms: 0.490287
      type: 'test'
      ...
    # Subtest: should work with deep-frozen input
    ok 9 - should work with deep-frozen input
      ---
      duration_ms: 1.005768
      type: 'test'
      ...
    # Subtest: should not mutate original input (deep check)
    ok 10 - should not mutate original input (deep check)
      ---
      duration_ms: 1.004416
      type: 'test'
      ...
    # Subtest: should produce deterministic canonicalization
    ok 11 - should produce deterministic canonicalization
      ---
      duration_ms: 1.389524
      type: 'test'
      ...
    # Subtest: should produce same canonicalization regardless of key order in input
    ok 12 - should produce same canonicalization regardless of key order in input
      ---
      duration_ms: 0.479889
      type: 'test'
      ...
    # Subtest: should not change canonicalization if only top-level hashes change
    ok 13 - should not change canonicalization if only top-level hashes change
      ---
      duration_ms: 0.784553
      type: 'test'
      ...
    # Subtest: should change canonicalization if action changes
    ok 14 - should change canonicalization if action changes
      ---
      duration_ms: 0.554254
      type: 'test'
      ...
    # Subtest: should create valid SHA-256 self hash
    ok 15 - should create valid SHA-256 self hash
      ---
      duration_ms: 0.669423
      type: 'test'
      ...
    # Subtest: should create valid SHA-512 self hash
    ok 16 - should create valid SHA-512 self hash
      ---
      duration_ms: 0.519309
      type: 'test'
      ...
    # Subtest: should not change self hash if only top-level hashes change
    ok 17 - should not change self hash if only top-level hashes change
      ---
      duration_ms: 0.613909
      type: 'test'
      ...
    # Subtest: should change self hash if artifact changes
    ok 18 - should change self hash if artifact changes
      ---
      duration_ms: 0.548073
      type: 'test'
      ...
    # Subtest: should change self hash if previousReceiptId changes
    ok 19 - should change self hash if previousReceiptId changes
      ---
      duration_ms: 0.601242
      type: 'test'
      ...
    1..19
ok 254 - Trace Receipt Signable Payload
  ---
  duration_ms: 24.32577
  type: 'suite'
  ...
# Subtest: UI Contracts Viewer Boundary Contracts
    # Subtest: should not import server persistence or database modules from ui-contracts viewer
    ok 1 - should not import server persistence or database modules from ui-contracts viewer
      ---
      duration_ms: 4.796001
      type: 'test'
      ...
    1..1
ok 255 - UI Contracts Viewer Boundary Contracts
  ---
  duration_ms: 6.126378
  type: 'suite'
  ...
# Subtest: UI Contracts Data Uniqueness
    # Subtest: should have unique ids for all UI contracts
    ok 1 - should have unique ids for all UI contracts
      ---
      duration_ms: 1.262279
      type: 'test'
      ...
    # Subtest: should have unique surface_ids for all UI contracts
    ok 2 - should have unique surface_ids for all UI contracts
      ---
      duration_ms: 0.257748
      type: 'test'
      ...
    # Subtest: should have unique route_candidates for all UI contracts
    ok 3 - should have unique route_candidates for all UI contracts
      ---
      duration_ms: 0.272714
      type: 'test'
      ...
    1..3
ok 256 - UI Contracts Data Uniqueness
  ---
  duration_ms: 3.405403
  type: 'suite'
  ...
# Subtest: getUiContractGroupSummary
    # Subtest: should summarize group correctly
    ok 1 - should summarize group correctly
      ---
      duration_ms: 0.308173
      type: 'test'
      ...
    # Subtest: should return empty summary for empty input
    ok 2 - should return empty summary for empty input
      ---
      duration_ms: 0.25146
      type: 'test'
      ...
    1..2
ok 257 - getUiContractGroupSummary
  ---
  duration_ms: 0.828962
  type: 'suite'
  ...
# Subtest: getUiContractDevStatusSummary
    # Subtest: should summarize dev_status correctly
    ok 1 - should summarize dev_status correctly
      ---
      duration_ms: 0.450467
      type: 'test'
      ...
    1..1
ok 258 - getUiContractDevStatusSummary
  ---
  duration_ms: 0.920591
  type: 'suite'
  ...
# Subtest: UiContract Component Static Analysis
    # Subtest: should define group filter option labels and values stably
    ok 1 - should define group filter option labels and values stably
      ---
      duration_ms: 1.427297
      type: 'test'
      ...
    # Subtest: should define status mappings stably in list and matrix components
    ok 2 - should define status mappings stably in list and matrix components
      ---
      duration_ms: 0.451953
      type: 'test'
      ...
    1..2
ok 259 - UiContract Component Static Analysis
  ---
  duration_ms: 3.215318
  type: 'suite'
  ...
# Subtest: UiContractImplementationMatrix Component Static Analysis
    # Subtest: should consume the expected implementation_status fields
    ok 1 - should consume the expected implementation_status fields
      ---
      duration_ms: 1.150601
      type: 'test'
      ...
    1..1
ok 260 - UiContractImplementationMatrix Component Static Analysis
  ---
  duration_ms: 2.304143
  type: 'suite'
  ...
# Subtest: UI Contracts Route Smoke Test
    # Subtest: should import the viewer and remain scoped to the builder UI contracts surface
    ok 1 - should import the viewer and remain scoped to the builder UI contracts surface
      ---
      duration_ms: 1.326226
      type: 'test'
      ...
    1..1
ok 261 - UI Contracts Route Smoke Test
  ---
  duration_ms: 2.491049
  type: 'suite'
  ...
# Subtest: UtilityAppActionBindingSchema - valid minimal definition
ok 262 - UtilityAppActionBindingSchema - valid minimal definition
  ---
  duration_ms: 3.793912
  type: 'test'
  ...
# Subtest: UtilityAppActionBindingSchema - valid complete definition
ok 263 - UtilityAppActionBindingSchema - valid complete definition
  ---
  duration_ms: 0.827268
  type: 'test'
  ...
# Subtest: UtilityAppActionBindingSchema - invalid action descriptor key
ok 264 - UtilityAppActionBindingSchema - invalid action descriptor key
  ---
  duration_ms: 0.934988
  type: 'test'
  ...
# Subtest: UtilityAppActionBindingSchema - metadata must be plain object
ok 265 - UtilityAppActionBindingSchema - metadata must be plain object
  ---
  duration_ms: 1.101159
  type: 'test'
  ...
# Subtest: UtilityAppActionBindingSchema - metadata rejects accessors
ok 266 - UtilityAppActionBindingSchema - metadata rejects accessors
  ---
  duration_ms: 0.511957
  type: 'test'
  ...
# Subtest: UtilityAppActionBindingSchema - metadata rejects functions
ok 267 - UtilityAppActionBindingSchema - metadata rejects functions
  ---
  duration_ms: 0.390079
  type: 'test'
  ...
# Subtest: UtilityAppDefinitionSchema - valid minimal definition
ok 268 - UtilityAppDefinitionSchema - valid minimal definition
  ---
  duration_ms: 5.917437
  type: 'test'
  ...
# Subtest: UtilityAppDefinitionSchema - valid complete definition
ok 269 - UtilityAppDefinitionSchema - valid complete definition
  ---
  duration_ms: 1.753534
  type: 'test'
  ...
# Subtest: UtilityAppCategorySchema - all valid categories
ok 270 - UtilityAppCategorySchema - all valid categories
  ---
  duration_ms: 0.372909
  type: 'test'
  ...
# Subtest: UtilityAppCategorySchema - invalid category
ok 271 - UtilityAppCategorySchema - invalid category
  ---
  duration_ms: 0.974353
  type: 'test'
  ...
# Subtest: UtilityAppStatusSchema - all valid statuses
ok 272 - UtilityAppStatusSchema - all valid statuses
  ---
  duration_ms: 0.206298
  type: 'test'
  ...
# Subtest: UtilityAppStatusSchema - invalid status
ok 273 - UtilityAppStatusSchema - invalid status
  ---
  duration_ms: 0.262125
  type: 'test'
  ...
# Subtest: UtilityAppKeySchema - valid keys
ok 274 - UtilityAppKeySchema - valid keys
  ---
  duration_ms: 0.338133
  type: 'test'
  ...
# Subtest: UtilityAppKeySchema - invalid keys
ok 275 - UtilityAppKeySchema - invalid keys
  ---
  duration_ms: 0.834027
  type: 'test'
  ...
# Subtest: CapabilityKeySchema - valid keys
ok 276 - CapabilityKeySchema - valid keys
  ---
  duration_ms: 0.468489
  type: 'test'
  ...
# Subtest: CapabilityKeySchema - invalid keys
ok 277 - CapabilityKeySchema - invalid keys
  ---
  duration_ms: 0.791952
  type: 'test'
  ...
# Subtest: UtilityAppDefinitionSchema - name cannot be empty
ok 278 - UtilityAppDefinitionSchema - name cannot be empty
  ---
  duration_ms: 0.55726
  type: 'test'
  ...
# Subtest: UtilityAppDefinitionSchema - version must be positive integer
ok 279 - UtilityAppDefinitionSchema - version must be positive integer
  ---
  duration_ms: 0.857517
  type: 'test'
  ...
# Subtest: UtilityAppDefinitionSchema - required fields
ok 280 - UtilityAppDefinitionSchema - required fields
  ---
  duration_ms: 2.655089
  type: 'test'
  ...
# Subtest: UtilityAppDefinitionSchema - tags must be unique
ok 281 - UtilityAppDefinitionSchema - tags must be unique
  ---
  duration_ms: 0.586323
  type: 'test'
  ...
# Subtest: UtilityAppDefinitionSchema - capabilityKeys must be unique
ok 282 - UtilityAppDefinitionSchema - capabilityKeys must be unique
  ---
  duration_ms: 0.429763
  type: 'test'
  ...
# Subtest: UtilityAppDefinitionSchema - rejects unknown fields
ok 283 - UtilityAppDefinitionSchema - rejects unknown fields
  ---
  duration_ms: 0.32489
  type: 'test'
  ...
# Subtest: UtilityAppDefinitionSchema - input is not mutated
ok 284 - UtilityAppDefinitionSchema - input is not mutated
  ---
  duration_ms: 1.171671
  type: 'test'
  ...
# Subtest: events.actions.ts should respect boundaries and schema validations
ok 285 - events.actions.ts should respect boundaries and schema validations
  ---
  duration_ms: 1.193618
  type: 'test'
  ...
# Subtest: Event Repository Mappers
    # Subtest: mapEventRow
        # Subtest: should map row to EventRecord with camelCase keys
        ok 1 - should map row to EventRecord with camelCase keys
          ---
          duration_ms: 2.226961
          type: 'test'
          ...
        # Subtest: should map row to EventRecord with snake_case keys fallback safely
        ok 2 - should map row to EventRecord with snake_case keys fallback safely
          ---
          duration_ms: 0.480502
          type: 'test'
          ...
        # Subtest: should handle null row
        ok 3 - should handle null row
          ---
          duration_ms: 0.247113
          type: 'test'
          ...
        # Subtest: should handle undefined row
        ok 4 - should handle undefined row
          ---
          duration_ms: 0.151231
          type: 'test'
          ...
        # Subtest: should map null payload to empty object
        ok 5 - should map null payload to empty object
          ---
          duration_ms: 0.197186
          type: 'test'
          ...
        # Subtest: should map undefined payload to empty object
        ok 6 - should map undefined payload to empty object
          ---
          duration_ms: 0.212004
          type: 'test'
          ...
        # Subtest: should normalize string createdAt to Date
        ok 7 - should normalize string createdAt to Date
          ---
          duration_ms: 0.278204
          type: 'test'
          ...
        # Subtest: should normalize string created_at to Date
        ok 8 - should normalize string created_at to Date
          ---
          duration_ms: 0.296716
          type: 'test'
          ...
        # Subtest: should map string payload to empty object
        ok 9 - should map string payload to empty object
          ---
          duration_ms: 0.424482
          type: 'test'
          ...
        # Subtest: should map number payload to empty object
        ok 10 - should map number payload to empty object
          ---
          duration_ms: 0.592796
          type: 'test'
          ...
        # Subtest: should map boolean payload to empty object
        ok 11 - should map boolean payload to empty object
          ---
          duration_ms: 0.200458
          type: 'test'
          ...
        # Subtest: should map array payload to empty object
        ok 12 - should map array payload to empty object
          ---
          duration_ms: 0.159461
          type: 'test'
          ...
        1..12
    ok 1 - mapEventRow
      ---
      duration_ms: 7.076214
      type: 'suite'
      ...
    1..1
ok 286 - Event Repository Mappers
  ---
  duration_ms: 9.621021
  type: 'suite'
  ...
# Subtest: logEventInputSchema validation
    # Subtest: should validate a valid minimal input and default omitted payload to {}
    ok 1 - should validate a valid minimal input and default omitted payload to {}
      ---
      duration_ms: 4.734535
      type: 'test'
      ...
    # Subtest: should invalidate input with invalid workspace id
    ok 2 - should invalidate input with invalid workspace id
      ---
      duration_ms: 1.440495
      type: 'test'
      ...
    # Subtest: should invalidate input with invalid event type
    ok 3 - should invalidate input with invalid event type
      ---
      duration_ms: 0.568996
      type: 'test'
      ...
    # Subtest: should validate input with valid optional UUID fields
    ok 4 - should validate input with valid optional UUID fields
      ---
      duration_ms: 0.351144
      type: 'test'
      ...
    # Subtest: should invalidate input with invalid instance id
    ok 5 - should invalidate input with invalid instance id
      ---
      duration_ms: 0.474652
      type: 'test'
      ...
    # Subtest: should invalidate input with invalid entity id
    ok 6 - should invalidate input with invalid entity id
      ---
      duration_ms: 0.438283
      type: 'test'
      ...
    # Subtest: should invalidate input with invalid actor id
    ok 7 - should invalidate input with invalid actor id
      ---
      duration_ms: 0.440778
      type: 'test'
      ...
    # Subtest: should accept nested unknown values inside object payload
    ok 8 - should accept nested unknown values inside object payload
      ---
      duration_ms: 1.011076
      type: 'test'
      ...
    # Subtest: should reject non-object top-level payload
    ok 9 - should reject non-object top-level payload
      ---
      duration_ms: 1.347991
      type: 'test'
      ...
    1..9
ok 287 - logEventInputSchema validation
  ---
  duration_ms: 12.814046
  type: 'suite'
  ...
# Subtest: getTimelineForInstanceInputSchema validation
    # Subtest: should validate valid UUIDs
    ok 1 - should validate valid UUIDs
      ---
      duration_ms: 0.752249
      type: 'test'
      ...
    # Subtest: should invalidate input with invalid workspace id
    ok 2 - should invalidate input with invalid workspace id
      ---
      duration_ms: 0.412971
      type: 'test'
      ...
    # Subtest: should invalidate input with invalid instance id
    ok 3 - should invalidate input with invalid instance id
      ---
      duration_ms: 0.397074
      type: 'test'
      ...
    1..3
ok 288 - getTimelineForInstanceInputSchema validation
  ---
  duration_ms: 1.815087
  type: 'suite'
  ...
# Subtest: validateWorkflowPayload
    # Subtest: should accept a valid payload with safe JSON data
    ok 1 - should accept a valid payload with safe JSON data
      ---
      duration_ms: 5.409448
      type: 'test'
      ...
    # Subtest: should reject payload with non-JSON values in data
    ok 2 - should reject payload with non-JSON values in data
      ---
      duration_ms: 1.294987
      type: 'test'
      ...
    # Subtest: should reject payload missing required fields
    ok 3 - should reject payload missing required fields
      ---
      duration_ms: 0.715296
      type: 'test'
      ...
    # Subtest: should reject non-object payload
    ok 4 - should reject non-object payload
      ---
      duration_ms: 0.247692
      type: 'test'
      ...
    1..4
ok 289 - validateWorkflowPayload
  ---
  duration_ms: 9.1878
  type: 'suite'
  ...
# Subtest: Workflow Publication Boundaries
    # Subtest: should not import runtime execution services from workflow publication contract/validation files
    ok 1 - should not import runtime execution services from workflow publication contract/validation files
      ---
      duration_ms: 3.450507
      type: 'test'
      ...
    1..1
ok 290 - Workflow Publication Boundaries
  ---
  duration_ms: 4.810569
  type: 'suite'
  ...
# Subtest: Runtime Core No-Any Sweep
    # Subtest: should not contain forbidden "any" patterns in runtime core files
    ok 1 - should not contain forbidden "any" patterns in runtime core files
      ---
      duration_ms: 2.938835
      type: 'test'
      ...
    1..1
ok 291 - Runtime Core No-Any Sweep
  ---
  duration_ms: 4.090448
  type: 'suite'
  ...
# Subtest: Runtime Repository Row Mappers
    # Subtest: mapProcessInstanceRow
        # Subtest: should map row to ProcessInstanceRecord with camelCase keys
        ok 1 - should map row to ProcessInstanceRecord with camelCase keys
          ---
          duration_ms: 2.137797
          type: 'test'
          ...
        # Subtest: should map row to ProcessInstanceRecord with snake_case keys fallback
        ok 2 - should map row to ProcessInstanceRecord with snake_case keys fallback
          ---
          duration_ms: 0.330324
          type: 'test'
          ...
        # Subtest: should handle null row
        ok 3 - should handle null row
          ---
          duration_ms: 0.223383
          type: 'test'
          ...
        1..3
    ok 1 - mapProcessInstanceRow
      ---
      duration_ms: 3.806299
      type: 'suite'
      ...
    # Subtest: mapProcessPayloadRow
        # Subtest: should map row with schema_version to schemaVersion
        ok 1 - should map row with schema_version to schemaVersion
          ---
          duration_ms: 0.577661
          type: 'test'
          ...
        # Subtest: should map row with schemaVersion to schemaVersion
        ok 2 - should map row with schemaVersion to schemaVersion
          ---
          duration_ms: 0.201008
          type: 'test'
          ...
        # Subtest: should handle null row
        ok 3 - should handle null row
          ---
          duration_ms: 0.222335
          type: 'test'
          ...
        1..3
    ok 2 - mapProcessPayloadRow
      ---
      duration_ms: 1.24384
      type: 'suite'
      ...
    # Subtest: mapActionExecutionRow
        # Subtest: should map row to ActionExecutionRecord with camelCase keys
        ok 1 - should map row to ActionExecutionRecord with camelCase keys
          ---
          duration_ms: 0.502525
          type: 'test'
          ...
        # Subtest: should map row to ActionExecutionRecord with snake_case keys fallback
        ok 2 - should map row to ActionExecutionRecord with snake_case keys fallback
          ---
          duration_ms: 0.321468
          type: 'test'
          ...
        # Subtest: should handle null row
        ok 3 - should handle null row
          ---
          duration_ms: 0.320317
          type: 'test'
          ...
        1..3
    ok 3 - mapActionExecutionRow
      ---
      duration_ms: 1.725617
      type: 'suite'
      ...
    1..3
ok 292 - Runtime Repository Row Mappers
  ---
  duration_ms: 7.770052
  type: 'suite'
  ...
# Subtest: runtime.service.ts should not use forbidden DB-boundary cast patterns
ok 293 - runtime.service.ts should not use forbidden DB-boundary cast patterns
  ---
  duration_ms: 1.217629
  type: 'test'
  ...
# Subtest: Runtime Step Definition Graph Types
    # Subtest: should extract root-level nodes and edges
    ok 1 - should extract root-level nodes and edges
      ---
      duration_ms: 1.451228
      type: 'test'
      ...
    # Subtest: should extract nodes and edges from draft object if missing at root
    ok 2 - should extract nodes and edges from draft object if missing at root
      ---
      duration_ms: 0.268242
      type: 'test'
      ...
    # Subtest: should fallback to empty arrays if nodes and edges are missing entirely
    ok 3 - should fallback to empty arrays if nodes and edges are missing entirely
      ---
      duration_ms: 0.706597
      type: 'test'
      ...
    # Subtest: should fallback to empty arrays if definition is null or undefined
    ok 4 - should fallback to empty arrays if definition is null or undefined
      ---
      duration_ms: 0.293559
      type: 'test'
      ...
    1..4
ok 294 - Runtime Step Definition Graph Types
  ---
  duration_ms: 4.230314
  type: 'suite'
  ...
# Subtest: planNextStep
    # Subtest: should return complete with reason no_more_edges when there are no outgoing edges
    ok 1 - should return complete with reason no_more_edges when there are no outgoing edges
      ---
      duration_ms: 1.914191
      type: 'test'
      ...
    # Subtest: should return complete with reason reached_end_node when the target is an end node
    ok 2 - should return complete with reason reached_end_node when the target is an end node
      ---
      duration_ms: 0.40775
      type: 'test'
      ...
    # Subtest: should return next_node with the correct node id for a normal next action node
    ok 3 - should return next_node with the correct node id for a normal next action node
      ---
      duration_ms: 0.255596
      type: 'test'
      ...
    # Subtest: should return an error when the target node is missing from the nodes array
    ok 4 - should return an error when the target node is missing from the nodes array
      ---
      duration_ms: 0.203339
      type: 'test'
      ...
    1..4
ok 295 - planNextStep
  ---
  duration_ms: 4.212696
  type: 'suite'
  ...
# Subtest: workflow-runtime-validation
    # Subtest: should accept valid arbitrary payload objects
    ok 1 - should accept valid arbitrary payload objects
      ---
      duration_ms: 4.706011
      type: 'test'
      ...
    # Subtest: should reject invalid UUIDs for runtime input
    ok 2 - should reject invalid UUIDs for runtime input
      ---
      duration_ms: 0.915515
      type: 'test'
      ...
    1..2
ok 296 - workflow-runtime-validation
  ---
  duration_ms: 7.086833
  type: 'suite'
  ...
1..296
# tests 1000
# suites 108
# pass 998
# fail 2
# cancelled 0
# skipped 0
# todo 0
# duration_ms 17527.511698
